Archive member included to satisfy reference by file (symbol)

c:/program files (x86)/atmel/studio/7.0/toolchain/arm/arm-gnu-toolchain/bin/../lib/gcc/arm-none-eabi/6.3.1/../../../../arm-none-eabi/lib/thumb/v7-m\libg.a(lib_a-exit.o)
                              c:/program files (x86)/atmel/studio/7.0/toolchain/arm/arm-gnu-toolchain/bin/../lib/gcc/arm-none-eabi/6.3.1/../../../../arm-none-eabi/lib/thumb/v7-m/crt0.o (exit)
c:/program files (x86)/atmel/studio/7.0/toolchain/arm/arm-gnu-toolchain/bin/../lib/gcc/arm-none-eabi/6.3.1/../../../../arm-none-eabi/lib/thumb/v7-m\libg.a(lib_a-impure.o)
                              c:/program files (x86)/atmel/studio/7.0/toolchain/arm/arm-gnu-toolchain/bin/../lib/gcc/arm-none-eabi/6.3.1/../../../../arm-none-eabi/lib/thumb/v7-m\libg.a(lib_a-exit.o) (_global_impure_ptr)
c:/program files (x86)/atmel/studio/7.0/toolchain/arm/arm-gnu-toolchain/bin/../lib/gcc/arm-none-eabi/6.3.1/../../../../arm-none-eabi/lib/thumb/v7-m\libg.a(lib_a-init.o)
                              c:/program files (x86)/atmel/studio/7.0/toolchain/arm/arm-gnu-toolchain/bin/../lib/gcc/arm-none-eabi/6.3.1/../../../../arm-none-eabi/lib/thumb/v7-m/crt0.o (__libc_init_array)
c:/program files (x86)/atmel/studio/7.0/toolchain/arm/arm-gnu-toolchain/bin/../lib/gcc/arm-none-eabi/6.3.1/../../../../arm-none-eabi/lib/thumb/v7-m\libg.a(lib_a-iprintf.o)
                              objdir/main_cw570.o (iprintf)
c:/program files (x86)/atmel/studio/7.0/toolchain/arm/arm-gnu-toolchain/bin/../lib/gcc/arm-none-eabi/6.3.1/../../../../arm-none-eabi/lib/thumb/v7-m\libg.a(lib_a-memcpy.o)
                              objdir/flash_efc.o (memcpy)
c:/program files (x86)/atmel/studio/7.0/toolchain/arm/arm-gnu-toolchain/bin/../lib/gcc/arm-none-eabi/6.3.1/../../../../arm-none-eabi/lib/thumb/v7-m\libg.a(lib_a-memset.o)
                              c:/program files (x86)/atmel/studio/7.0/toolchain/arm/arm-gnu-toolchain/bin/../lib/gcc/arm-none-eabi/6.3.1/../../../../arm-none-eabi/lib/thumb/v7-m/crt0.o (memset)
c:/program files (x86)/atmel/studio/7.0/toolchain/arm/arm-gnu-toolchain/bin/../lib/gcc/arm-none-eabi/6.3.1/../../../../arm-none-eabi/lib/thumb/v7-m\libg.a(lib_a-setbuf.o)
                              objdir/main_cw570.o (setbuf)
c:/program files (x86)/atmel/studio/7.0/toolchain/arm/arm-gnu-toolchain/bin/../lib/gcc/arm-none-eabi/6.3.1/../../../../arm-none-eabi/lib/thumb/v7-m\libg.a(lib_a-setvbuf.o)
                              c:/program files (x86)/atmel/studio/7.0/toolchain/arm/arm-gnu-toolchain/bin/../lib/gcc/arm-none-eabi/6.3.1/../../../../arm-none-eabi/lib/thumb/v7-m\libg.a(lib_a-setbuf.o) (setvbuf)
c:/program files (x86)/atmel/studio/7.0/toolchain/arm/arm-gnu-toolchain/bin/../lib/gcc/arm-none-eabi/6.3.1/../../../../arm-none-eabi/lib/thumb/v7-m\libg.a(lib_a-sprintf.o)
                              objdir/main_cw570.o (sprintf)
c:/program files (x86)/atmel/studio/7.0/toolchain/arm/arm-gnu-toolchain/bin/../lib/gcc/arm-none-eabi/6.3.1/../../../../arm-none-eabi/lib/thumb/v7-m\libg.a(lib_a-svfprintf.o)
                              c:/program files (x86)/atmel/studio/7.0/toolchain/arm/arm-gnu-toolchain/bin/../lib/gcc/arm-none-eabi/6.3.1/../../../../arm-none-eabi/lib/thumb/v7-m\libg.a(lib_a-sprintf.o) (_svfprintf_r)
c:/program files (x86)/atmel/studio/7.0/toolchain/arm/arm-gnu-toolchain/bin/../lib/gcc/arm-none-eabi/6.3.1/../../../../arm-none-eabi/lib/thumb/v7-m\libg.a(lib_a-vfiprintf.o)
                              c:/program files (x86)/atmel/studio/7.0/toolchain/arm/arm-gnu-toolchain/bin/../lib/gcc/arm-none-eabi/6.3.1/../../../../arm-none-eabi/lib/thumb/v7-m\libg.a(lib_a-iprintf.o) (_vfiprintf_r)
c:/program files (x86)/atmel/studio/7.0/toolchain/arm/arm-gnu-toolchain/bin/../lib/gcc/arm-none-eabi/6.3.1/../../../../arm-none-eabi/lib/thumb/v7-m\libg.a(lib_a-wsetup.o)
                              c:/program files (x86)/atmel/studio/7.0/toolchain/arm/arm-gnu-toolchain/bin/../lib/gcc/arm-none-eabi/6.3.1/../../../../arm-none-eabi/lib/thumb/v7-m\libg.a(lib_a-vfiprintf.o) (__swsetup_r)
c:/program files (x86)/atmel/studio/7.0/toolchain/arm/arm-gnu-toolchain/bin/../lib/gcc/arm-none-eabi/6.3.1/../../../../arm-none-eabi/lib/thumb/v7-m\libg.a(lib_a-__call_atexit.o)
                              c:/program files (x86)/atmel/studio/7.0/toolchain/arm/arm-gnu-toolchain/bin/../lib/gcc/arm-none-eabi/6.3.1/../../../../arm-none-eabi/lib/thumb/v7-m\libg.a(lib_a-exit.o) (__call_exitprocs)
c:/program files (x86)/atmel/studio/7.0/toolchain/arm/arm-gnu-toolchain/bin/../lib/gcc/arm-none-eabi/6.3.1/../../../../arm-none-eabi/lib/thumb/v7-m\libg.a(lib_a-atexit.o)
                              c:/program files (x86)/atmel/studio/7.0/toolchain/arm/arm-gnu-toolchain/bin/../lib/gcc/arm-none-eabi/6.3.1/../../../../arm-none-eabi/lib/thumb/v7-m\libg.a(lib_a-__call_atexit.o) (atexit)
c:/program files (x86)/atmel/studio/7.0/toolchain/arm/arm-gnu-toolchain/bin/../lib/gcc/arm-none-eabi/6.3.1/../../../../arm-none-eabi/lib/thumb/v7-m\libg.a(lib_a-dtoa.o)
[...]
Memory Configuration

Name             Origin             Length             Attributes
flash            0x00080000         0x00010000         w !xr
sram0            0x20000000         0x00002000         w !xr
sram1            0x20080000         0x00002000         w !xr
rom              0x00080000         0x00010000         xr
ram              0x2007e000         0x00004000         xrw
*default*        0x00000000         0xffffffff

Linker script and memory map

LOAD c:/program files (x86)/atmel/studio/7.0/toolchain/arm/arm-gnu-toolchain/bin/../lib/gcc/arm-none-eabi/6.3.1/thumb/v7-m/crti.o
LOAD c:/program files (x86)/atmel/studio/7.0/toolchain/arm/arm-gnu-toolchain/bin/../lib/gcc/arm-none-eabi/6.3.1/thumb/v7-m/crtbegin.o
LOAD c:/program files (x86)/atmel/studio/7.0/toolchain/arm/arm-gnu-toolchain/bin/../lib/gcc/arm-none-eabi/6.3.1/../../../../arm-none-eabi/lib/thumb/v7-m/crt0.o
LOAD objdir/main_cw570.o
LOAD objdir/usb.o
LOAD objdir/flash_efc.o
LOAD objdir/cycle_counter.o
LOAD objdir/usart.o
LOAD objdir/usb_xmem.o
LOAD objdir/spi.o
LOAD objdir/smc.o
LOAD objdir/pio_handler.o
LOAD objdir/udphs_device.o
LOAD objdir/write.o
LOAD objdir/led.o
LOAD objdir/startup_sam3u.o
LOAD objdir/sysclk.o
LOAD objdir/pmc.o
LOAD objdir/udi_vendor.o
LOAD objdir/efc.o
LOAD objdir/pio.o
LOAD objdir/exceptions.o
LOAD objdir/udc.o
LOAD objdir/chipid.o
LOAD objdir/twi.o
LOAD objdir/sleep.o
LOAD objdir/syscalls.o
LOAD objdir/uart.o
LOAD objdir/init.o
LOAD objdir/circbuffer.o
LOAD objdir/interrupt_sam_nvic.o
LOAD objdir/read.o
LOAD objdir/udi_vendor_desc.o
LOAD objdir/system_sam3u.o
LOAD objdir/tc.o
LOAD objdir/sleepmgr.o
LOAD objdir/ui_cw305.o
LOAD objdir/usart_serial.o
START GROUP
LOAD c:/program files (x86)/atmel/studio/7.0/toolchain/arm/arm-gnu-toolchain/bin/../lib/gcc/arm-none-eabi/6.3.1/../../../../arm-none-eabi/lib/thumb/v7-m\libm.a
END GROUP
LOAD c:/program files (x86)/atmel/studio/7.0/toolchain/arm/arm-gnu-toolchain/bin/../lib/gcc/arm-none-eabi/6.3.1/../../../../arm-none-eabi/lib/thumb/v7-m\libm.a
START GROUP
LOAD c:/program files (x86)/atmel/studio/7.0/toolchain/arm/arm-gnu-toolchain/bin/../lib/gcc/arm-none-eabi/6.3.1/thumb/v7-m\libgcc.a
LOAD c:/program files (x86)/atmel/studio/7.0/toolchain/arm/arm-gnu-toolchain/bin/../lib/gcc/arm-none-eabi/6.3.1/../../../../arm-none-eabi/lib/thumb/v7-m\libg.a
LOAD c:/program files (x86)/atmel/studio/7.0/toolchain/arm/arm-gnu-toolchain/bin/../lib/gcc/arm-none-eabi/6.3.1/../../../../arm-none-eabi/lib/thumb/v7-m\libc.a
END GROUP
LOAD c:/program files (x86)/atmel/studio/7.0/toolchain/arm/arm-gnu-toolchain/bin/../lib/gcc/arm-none-eabi/6.3.1/thumb/v7-m/crtend.o
LOAD c:/program files (x86)/atmel/studio/7.0/toolchain/arm/arm-gnu-toolchain/bin/../lib/gcc/arm-none-eabi/6.3.1/thumb/v7-m/crtn.o
                0x00004000                __stack_size__ = DEFINED (__stack_size__)?__stack_size__:0x4000
                0x20081ffc                __ram_end__ = ((ORIGIN (ram) + LENGTH (ram)) - 0x4)

.text           0x00080000     0x9eb4
                0x00080000                . = ALIGN (0x4)
                0x00080000                _sfixed = .
 *(.vectors .vectors.*)
 .vectors       0x00080000       0xbc objdir/startup_sam3u.o
                0x00080000                exception_table
 *(.text .text.* .gnu.linkonce.t.*)
 .text          0x000800bc       0x6c c:/program files (x86)/atmel/studio/7.0/toolchain/arm/arm-gnu-toolchain/bin/../lib/gcc/arm-none-eabi/6.3.1/thumb/v7-m/crtbegin.o
 .text.usart_serial_getchar
                0x00080128       0x94 objdir/main_cw570.o
 .text.usart_serial_putchar
                0x000801bc       0x80 objdir/main_cw570.o
 .text.startup.main
                0x0008023c      0x248 objdir/main_cw570.o
                0x0008023c                main
 .text.ctrl_testmem
                0x00080484      0x130 objdir/usb.o
                0x00080484                ctrl_testmem
 .text.ctrl_readmem_ctrl
                0x000805b4       0x2c objdir/usb.o
                0x000805b4                ctrl_readmem_ctrl
 .text.ctrl_writemem_ctrl
                0x000805e0       0x40 objdir/usb.o
                0x000805e0                ctrl_writemem_ctrl
 .text.ctrl_writemem_bulk
                0x00080620       0x20 objdir/usb.o
                0x00080620                ctrl_writemem_bulk
 .text.ctrl_readmem_bulk
                0x00080640       0x30 objdir/usb.o
                0x00080640                ctrl_readmem_bulk
 .text.ctrl_readmem_rng_bulk
                0x00080670       0x28 objdir/usb.o
                0x00080670                ctrl_readmem_rng_bulk
 .text.main_vendor_bulk_in_received
                0x00080698       0x24 objdir/usb.o
                0x00080698                main_vendor_bulk_in_received
 .text.main_vendor_bulk_out_received
                0x000806bc       0x68 objdir/usb.o
                0x000806bc                main_vendor_bulk_out_received
 .text.ctrl_sam3ucfg_cb
                0x00080724       0x7c objdir/usb.o
 .text.main_suspend_action
                0x000807a0        0x8 objdir/usb.o
                0x000807a0                main_suspend_action
 .text.main_resume_action
                0x000807a8        0x8 objdir/usb.o
                0x000807a8                main_resume_action
 .text.main_sof_action
                0x000807b0       0x24 objdir/usb.o
                0x000807b0                main_sof_action
 .text.main_vendor_enable
                0x000807d4       0x28 objdir/usb.o
                0x000807d4                main_vendor_enable
 .text.main_vendor_disable
                0x000807fc        0xc objdir/usb.o
                0x000807fc                main_vendor_disable
 .text.ctrl_writemem_rng
                0x00080808       0x90 objdir/usb.o
                0x00080808                ctrl_writemem_rng
 .text.main_setup_out_received
                0x00080898       0xa8 objdir/usb.o
                0x00080898                main_setup_out_received
 .text.main_setup_in_received
                0x00080940       0x6c objdir/usb.o
                0x00080940                main_setup_in_received
 .text.flash_read_unique_id
                0x000809ac       0x4c objdir/flash_efc.o
                0x000809ac                flash_read_unique_id
 .text.usart_write
                0x000809f8       0x14 objdir/usart.o
                0x000809f8                usart_write
 .text.usart_read
                0x00080a0c       0x18 objdir/usart.o
                0x00080a0c                usart_read
 .text.FPGA_setlock
                0x00080a24        0xc objdir/usb_xmem.o
                0x00080a24                FPGA_setlock
 .text.FPGA_lockstatus
                0x00080a30        0xc objdir/usb_xmem.o
                0x00080a30                FPGA_lockstatus
 .text.smc_set_setup_timing
                0x00080a3c        0xc objdir/smc.o
                0x00080a3c                smc_set_setup_timing
 .text.smc_set_pulse_timing
                0x00080a48        0xc objdir/smc.o
                0x00080a48                smc_set_pulse_timing
 .text.smc_set_cycle_timing
                0x00080a54        0xc objdir/smc.o
                0x00080a54                smc_set_cycle_timing
 .text.smc_set_mode
                0x00080a60       0x10 objdir/smc.o
                0x00080a60                smc_set_mode
 .text.PIOA_Handler
                0x00080a70       0xcc objdir/pio_handler.o
                0x00080a70                PIOA_Handler
 .text.PIOB_Handler
                0x00080b3c       0xcc objdir/pio_handler.o
                0x00080b3c                PIOB_Handler
 .text.udd_ctrl_send_zlp_in
                0x00080c08       0x58 objdir/udphs_device.o
 .text.udd_ep_trans_done
                0x00080c60      0x1cc objdir/udphs_device.o
 .text.udd_ctrl_in_sent
                0x00080e2c      0x1bc objdir/udphs_device.o
 .text.UDPHS_Handler
                0x00080fe8      0x7e0 objdir/udphs_device.o
                0x00080fe8                UDPHS_Handler
 .text.udd_attach
                0x000817c8       0xc4 objdir/udphs_device.o
                0x000817c8                udd_attach
 .text.udd_enable
                0x0008188c       0xc4 objdir/udphs_device.o
                0x0008188c                udd_enable
 .text.udd_detach
                0x00081950       0x70 objdir/udphs_device.o
                0x00081950                udd_detach
 .text.udd_is_high_speed
                0x000819c0       0x10 objdir/udphs_device.o
                0x000819c0                udd_is_high_speed
 .text.udd_set_address
                0x000819d0       0x28 objdir/udphs_device.o
                0x000819d0                udd_set_address
 .text.udd_getaddress
                0x000819f8       0x10 objdir/udphs_device.o
                0x000819f8                udd_getaddress
 .text.udd_get_frame_number
                0x00081a08       0x10 objdir/udphs_device.o
                0x00081a08                udd_get_frame_number
 .text.udd_set_setup_payload
                0x00081a18        0xc objdir/udphs_device.o
                0x00081a18                udd_set_setup_payload
 .text.udd_ep_alloc
                0x00081a24      0x3ac objdir/udphs_device.o
                0x00081a24                udd_ep_alloc
 .text.udd_ep_free
                0x00081dd0       0x84 objdir/udphs_device.o
                0x00081dd0                udd_ep_free
 .text.udd_ep_is_halted
                0x00081e54       0x34 objdir/udphs_device.o
                0x00081e54                udd_ep_is_halted
 .text.udd_ep_set_halt
                0x00081e88       0xa4 objdir/udphs_device.o
                0x00081e88                udd_ep_set_halt
 .text.udd_ep_clear_halt
                0x00081f2c       0xd0 objdir/udphs_device.o
                0x00081f2c                udd_ep_clear_halt
 .text.udd_ep_run
                0x00081ffc       0xdc objdir/udphs_device.o
                0x00081ffc                udd_ep_run
 .text.udd_ep_abort
                0x000820d8       0x88 objdir/udphs_device.o
                0x000820d8                udd_ep_abort
 .text.udd_test_mode_j
                0x00082160       0x24 objdir/udphs_device.o
                0x00082160                udd_test_mode_j
 .text.udd_test_mode_k
                0x00082184       0x24 objdir/udphs_device.o
                0x00082184                udd_test_mode_k
 .text.udd_test_mode_se0_nak
                0x000821a8       0x18 objdir/udphs_device.o
                0x000821a8                udd_test_mode_se0_nak
 .text.udd_test_mode_packet
                0x000821c0       0x94 objdir/udphs_device.o
                0x000821c0                udd_test_mode_packet
 .text._write   0x00082254       0x54 objdir/write.o
                0x00082254                _write
 .text.LED_Off  0x000822a8       0x14 objdir/led.o
                0x000822a8                LED_Off
 .text.LED_On   0x000822bc       0x14 objdir/led.o
                0x000822bc                LED_On
 .text.Reset_Handler
                0x000822d0       0x8c objdir/startup_sam3u.o
                0x000822d0                Reset_Handler
 .text.sysclk_enable_usb
                0x0008235c       0x34 objdir/sysclk.o
                0x0008235c                sysclk_enable_usb
 .text.sysclk_init
                0x00082390       0x7c objdir/sysclk.o
                0x00082390                sysclk_init
 .text.pmc_switch_mck_to_mainck
                0x0008240c       0x58 objdir/pmc.o
                0x0008240c                pmc_switch_mck_to_mainck
 .text.pmc_switch_mck_to_pllack
                0x00082464       0x58 objdir/pmc.o
                0x00082464                pmc_switch_mck_to_pllack
 .text.pmc_osc_enable_main_xtal
                0x000824bc       0x28 objdir/pmc.o
                0x000824bc                pmc_osc_enable_main_xtal
 .text.pmc_osc_is_ready_main_xtal
                0x000824e4       0x10 objdir/pmc.o
                0x000824e4                pmc_osc_is_ready_main_xtal
 .text.pmc_osc_is_ready_mainck
                0x000824f4       0x10 objdir/pmc.o
                0x000824f4                pmc_osc_is_ready_mainck
 .text.pmc_mainck_osc_select
                0x00082504       0x28 objdir/pmc.o
                0x00082504                pmc_mainck_osc_select
 .text.pmc_disable_pllack
                0x0008252c       0x10 objdir/pmc.o
                0x0008252c                pmc_disable_pllack
 .text.pmc_is_locked_pllack
                0x0008253c       0x10 objdir/pmc.o
                0x0008253c                pmc_is_locked_pllack
 .text.pmc_disable_upll_clock
                0x0008254c       0x10 objdir/pmc.o
                0x0008254c                pmc_disable_upll_clock
 .text.pmc_is_locked_upll
                0x0008255c       0x10 objdir/pmc.o
                0x0008255c                pmc_is_locked_upll
 .text.pmc_enable_periph_clk
                0x0008256c       0x28 objdir/pmc.o
                0x0008256c                pmc_enable_periph_clk
 .text.pmc_disable_periph_clk
                0x00082594       0x28 objdir/pmc.o
                0x00082594                pmc_disable_periph_clk
 .text.pmc_set_fast_startup_input
                0x000825bc       0x14 objdir/pmc.o
                0x000825bc                pmc_set_fast_startup_input
 .text.pmc_enable_waitmode
                0x000825d0       0x34 objdir/pmc.o
                0x000825d0                pmc_enable_waitmode
 .text.udi_vendor_getsetting
                0x00082604        0xc objdir/udi_vendor.o
                0x00082604                udi_vendor_getsetting
 .text.udi_vendor_disable
                0x00082610       0x14 objdir/udi_vendor.o
                0x00082610                udi_vendor_disable
 .text.udi_vendor_setup
                0x00082624       0x30 objdir/udi_vendor.o
                0x00082624                udi_vendor_setup
 .text.udi_vendor_enable
                0x00082654       0x28 objdir/udi_vendor.o
                0x00082654                udi_vendor_enable
 .text.udi_vendor_bulk_in_run
                0x0008267c       0x1c objdir/udi_vendor.o
                0x0008267c                udi_vendor_bulk_in_run
 .text.udi_vendor_bulk_out_run
                0x00082698       0x1c objdir/udi_vendor.o
                0x00082698                udi_vendor_bulk_out_run
 .text.efc_perform_command
                0x000826b4       0x50 objdir/efc.o
                0x000826b4                efc_perform_command
 .text.pio_get_interrupt_status
                0x00082704        0x4 objdir/pio.o
                0x00082704                pio_get_interrupt_status
 .text.pio_get_interrupt_mask
                0x00082708        0x4 objdir/pio.o
                0x00082708                pio_get_interrupt_mask
 .text.pio_set_pin_high
                0x0008270c       0x1c objdir/pio.o
                0x0008270c                pio_set_pin_high
 .text.pio_set_pin_low
                0x00082728       0x1c objdir/pio.o
                0x00082728                pio_set_pin_low
 .text.pio_configure_pin
                0x00082744       0xf8 objdir/pio.o
                0x00082744                pio_configure_pin
 .text.pio_configure_pin_group
                0x0008283c       0xc4 objdir/pio.o
                0x0008283c                pio_configure_pin_group
 .text.Dummy_Handler
                0x00082900        0x4 objdir/exceptions.o
                0x00082900                DebugMon_Handler
                0x00082900                DMAC_Handler
                0x00082900                HardFault_Handler
                0x00082900                TC2_Handler
                0x00082900                SPI_Handler
                0x00082900                SysTick_Handler
                0x00082900                TWI1_Handler
                0x00082900                PendSV_Handler
                0x00082900                NMI_Handler
                0x00082900                ADC_Handler
                0x00082900                SMC_Handler
                0x00082900                USART0_Handler
                0x00082900                RTT_Handler
                0x00082900                EFC1_Handler
                0x00082900                ADC12B_Handler
                0x00082900                RTC_Handler
                0x00082900                UsageFault_Handler
                0x00082900                WDT_Handler
                0x00082900                TC1_Handler
                0x00082900                HSMCI_Handler
                0x00082900                Dummy_Handler
                0x00082900                TWI0_Handler
                0x00082900                USART1_Handler
                0x00082900                SSC_Handler
                0x00082900                EFC0_Handler
                0x00082900                PMC_Handler
                0x00082900                PWM_Handler
                0x00082900                MemManage_Handler
                0x00082900                SUPC_Handler
                0x00082900                SVC_Handler
                0x00082900                USART2_Handler
                0x00082900                UART_Handler
                0x00082900                BusFault_Handler
                0x00082900                RSTC_Handler
                0x00082900                TC0_Handler
 .text.udc_valid_address
                0x00082904       0x14 objdir/udc.o
 .text.udc_update_iface_desc.part.0
                0x00082918       0x58 objdir/udc.o
 .text.udc_iface_enable
                0x00082970       0xac objdir/udc.o
 .text.udc_iface_disable.part.1
                0x00082a1c       0xa4 objdir/udc.o
 .text.udc_get_interface_desc
                0x00082ac0        0xc objdir/udc.o
                0x00082ac0                udc_get_interface_desc
 .text.udc_start
                0x00082acc        0x8 objdir/udc.o
                0x00082acc                udc_start
 .text.udc_reset
                0x00082ad4       0x94 objdir/udc.o
                0x00082ad4                udc_reset
 .text.udc_sof_notify
                0x00082b68       0x38 objdir/udc.o
                0x00082b68                udc_sof_notify
 .text.udc_process_setup
                0x00082ba0      0x63c objdir/udc.o
                0x00082ba0                udc_process_setup
 .text.pmc_sleep
                0x000831dc      0x27c objdir/sleep.o
                0x000831dc                pmc_sleep
 .text.pmc_is_wakeup_clocks_restored
                0x00083458       0x10 objdir/sleep.o
                0x00083458                pmc_is_wakeup_clocks_restored
 .text._sbrk    0x00083468       0x3c objdir/syscalls.o
                0x00083468                _sbrk
 .text._close   0x000834a4        0x8 objdir/syscalls.o
                0x000834a4                _close
 .text._fstat   0x000834ac        0xc objdir/syscalls.o
                0x000834ac                _fstat
 .text._isatty  0x000834b8        0x4 objdir/syscalls.o
                0x000834b8                _isatty
 .text._lseek   0x000834bc        0x4 objdir/syscalls.o
                0x000834bc                _lseek
 .text.uart_init
                0x000834c0       0x3c objdir/uart.o
                0x000834c0                uart_init
 .text.uart_write
                0x000834fc       0x10 objdir/uart.o
                0x000834fc                uart_write
 .text.uart_read
                0x0008350c       0x10 objdir/uart.o
                0x0008350c                uart_read
 .text.board_init
                0x0008351c       0x54 objdir/init.o
                0x0008351c                board_init
 .text._read    0x00083570       0x3c objdir/read.o
                0x00083570                _read
 .text.SystemCoreClockUpdate
                0x000835ac      0x110 objdir/system_sam3u.o
                0x000835ac                SystemCoreClockUpdate
 .text.ui_init  0x000836bc       0x18 objdir/ui_cw305.o
                0x000836bc                ui_init
 .text.ui_powerdown
                0x000836d4       0x18 objdir/ui_cw305.o
                0x000836d4                ui_powerdown
 .text.ui_wakeup
                0x000836ec        0xc objdir/ui_cw305.o
                0x000836ec                ui_wakeup
 .text.ui_process
                0x000836f8       0x4c objdir/ui_cw305.o
                0x000836f8                ui_process
 .text.__libc_init_array
                0x00083744       0x50 c:/program files (x86)/atmel/studio/7.0/toolchain/arm/arm-gnu-toolchain/bin/../lib/gcc/arm-none-eabi/6.3.1/../../../../arm-none-eabi/lib/thumb/v7-m\libg.a(lib_a-init.o)
                0x00083744                __libc_init_array
 .text.iprintf  0x00083794       0x28 c:/program files (x86)/atmel/studio/7.0/toolchain/arm/arm-gnu-toolchain/bin/../lib/gcc/arm-none-eabi/6.3.1/../../../../arm-none-eabi/lib/thumb/v7-m\libg.a(lib_a-iprintf.o)
                0x00083794                iprintf
 .text          0x000837bc       0xec c:/program files (x86)/atmel/studio/7.0/toolchain/arm/arm-gnu-toolchain/bin/../lib/gcc/arm-none-eabi/6.3.1/../../../../arm-none-eabi/lib/thumb/v7-m\libg.a(lib_a-memcpy.o)
                0x000837bc                memcpy
 .text.memset   0x000838a8       0x9c c:/program files (x86)/atmel/studio/7.0/toolchain/arm/arm-gnu-toolchain/bin/../lib/gcc/arm-none-eabi/6.3.1/../../../../arm-none-eabi/lib/thumb/v7-m\libg.a(lib_a-memset.o)
                0x000838a8                memset
 .text.setbuf   0x00083944       0x10 c:/program files (x86)/atmel/studio/7.0/toolchain/arm/arm-gnu-toolchain/bin/../lib/gcc/arm-none-eabi/6.3.1/../../../../arm-none-eabi/lib/thumb/v7-m\libg.a(lib_a-setbuf.o)
                0x00083944                setbuf
 .text.setvbuf  0x00083954      0x190 c:/program files (x86)/atmel/studio/7.0/toolchain/arm/arm-gnu-toolchain/bin/../lib/gcc/arm-none-eabi/6.3.1/../../../../arm-none-eabi/lib/thumb/v7-m\libg.a(lib_a-setvbuf.o)
                0x00083954                setvbuf
 .text.sprintf  0x00083ae4       0x4c c:/program files (x86)/atmel/studio/7.0/toolchain/arm/arm-gnu-toolchain/bin/../lib/gcc/arm-none-eabi/6.3.1/../../../../arm-none-eabi/lib/thumb/v7-m\libg.a(lib_a-sprintf.o)
                0x00083ae4                sprintf
 .text._svfprintf_r
                0x00083b30     0x1500 c:/program files (x86)/atmel/studio/7.0/toolchain/arm/arm-gnu-toolchain/bin/../lib/gcc/arm-none-eabi/6.3.1/../../../../arm-none-eabi/lib/thumb/v7-m\libg.a(lib_a-svfprintf.o)
                0x00083b30                _svfprintf_r
 .text.__sprint_r.part.0
                0x00085030       0x80 c:/program files (x86)/atmel/studio/7.0/toolchain/arm/arm-gnu-toolchain/bin/../lib/gcc/arm-none-eabi/6.3.1/../../../../arm-none-eabi/lib/thumb/v7-m\libg.a(lib_a-vfiprintf.o)
 .text._vfiprintf_r
                0x000850b0      0xc88 c:/program files (x86)/atmel/studio/7.0/toolchain/arm/arm-gnu-toolchain/bin/../lib/gcc/arm-none-eabi/6.3.1/../../../../arm-none-eabi/lib/thumb/v7-m\libg.a(lib_a-vfiprintf.o)
                0x000850b0                _vfiprintf_r
 .text.__sbprintf
                0x00085d38       0x88 c:/program files (x86)/atmel/studio/7.0/toolchain/arm/arm-gnu-toolchain/bin/../lib/gcc/arm-none-eabi/6.3.1/../../../../arm-none-eabi/lib/thumb/v7-m\libg.a(lib_a-vfiprintf.o)
 .text.__swsetup_r
                0x00085dc0       0xc8 c:/program files (x86)/atmel/studio/7.0/toolchain/arm/arm-gnu-toolchain/bin/../lib/gcc/arm-none-eabi/6.3.1/../../../../arm-none-eabi/lib/thumb/v7-m\libg.a(lib_a-wsetup.o)
                0x00085dc0                __swsetup_r
 .text.startup.register_fini
                0x00085e88       0x14 c:/program files (x86)/atmel/studio/7.0/toolchain/arm/arm-gnu-toolchain/bin/../lib/gcc/arm-none-eabi/6.3.1/../../../../arm-none-eabi/lib/thumb/v7-m\libg.a(lib_a-__call_atexit.o)
 .text.atexit   0x00085e9c        0xc c:/program files (x86)/atmel/studio/7.0/toolchain/arm/arm-gnu-toolchain/bin/../lib/gcc/arm-none-eabi/6.3.1/../../../../arm-none-eabi/lib/thumb/v7-m\libg.a(lib_a-atexit.o)
                0x00085e9c                atexit
 .text.quorem   0x00085ea8      0x128 c:/program files (x86)/atmel/studio/7.0/toolchain/arm/arm-gnu-toolchain/bin/../lib/gcc/arm-none-eabi/6.3.1/../../../../arm-none-eabi/lib/thumb/v7-m\libg.a(lib_a-dtoa.o)
 .text._dtoa_r  0x00085fd0      0xe44 c:/program files (x86)/atmel/studio/7.0/toolchain/arm/arm-gnu-toolchain/bin/../lib/gcc/arm-none-eabi/6.3.1/../../../../arm-none-eabi/lib/thumb/v7-m\libg.a(lib_a-dtoa.o)
                0x00085fd0                _dtoa_r
 .text.__sflush_r
                0x00086e14      0x138 c:/program files (x86)/atmel/studio/7.0/toolchain/arm/arm-gnu-toolchain/bin/../lib/gcc/arm-none-eabi/6.3.1/../../../../arm-none-eabi/lib/thumb/v7-m\libg.a(lib_a-fflush.o)
                0x00086e14                __sflush_r
 .text._fflush_r
                0x00086f4c       0x54 c:/program files (x86)/atmel/studio/7.0/toolchain/arm/arm-gnu-toolchain/bin/../lib/gcc/arm-none-eabi/6.3.1/../../../../arm-none-eabi/lib/thumb/v7-m\libg.a(lib_a-fflush.o)
                0x00086f4c                _fflush_r
 .text._cleanup_r
                0x00086fa0        0xc c:/program files (x86)/atmel/studio/7.0/toolchain/arm/arm-gnu-toolchain/bin/../lib/gcc/arm-none-eabi/6.3.1/../../../../arm-none-eabi/lib/thumb/v7-m\libg.a(lib_a-findfp.o)
                0x00086fa0                _cleanup_r
 .text.std.isra.0
                0x00086fac       0x50 c:/program files (x86)/atmel/studio/7.0/toolchain/arm/arm-gnu-toolchain/bin/../lib/gcc/arm-none-eabi/6.3.1/../../../../arm-none-eabi/lib/thumb/v7-m\libg.a(lib_a-findfp.o)
 .text.__sinit  0x00086ffc       0x60 c:/program files (x86)/atmel/studio/7.0/toolchain/arm/arm-gnu-toolchain/bin/../lib/gcc/arm-none-eabi/6.3.1/../../../../arm-none-eabi/lib/thumb/v7-m\libg.a(lib_a-findfp.o)
                0x00086ffc                __sinit
 .text.__sfp_lock_acquire
                0x0008705c        0xc c:/program files (x86)/atmel/studio/7.0/toolchain/arm/arm-gnu-toolchain/bin/../lib/gcc/arm-none-eabi/6.3.1/../../../../arm-none-eabi/lib/thumb/v7-m\libg.a(lib_a-findfp.o)
                0x0008705c                __sfp_lock_acquire
 .text.__sfp_lock_release
                0x00087068        0xc c:/program files (x86)/atmel/studio/7.0/toolchain/arm/arm-gnu-toolchain/bin/../lib/gcc/arm-none-eabi/6.3.1/../../../../arm-none-eabi/lib/thumb/v7-m\libg.a(lib_a-findfp.o)
                0x00087068                __sfp_lock_release
 .text.__libc_fini_array
                0x00087074       0x34 c:/program files (x86)/atmel/studio/7.0/toolchain/arm/arm-gnu-toolchain/bin/../lib/gcc/arm-none-eabi/6.3.1/../../../../arm-none-eabi/lib/thumb/v7-m\libg.a(lib_a-fini.o)
                0x00087074                __libc_fini_array
 .text.__fputwc
                0x000870a8       0x98 c:/program files (x86)/atmel/studio/7.0/toolchain/arm/arm-gnu-toolchain/bin/../lib/gcc/arm-none-eabi/6.3.1/../../../../arm-none-eabi/lib/thumb/v7-m\libg.a(lib_a-fputwc.o)
                0x000870a8                __fputwc
 .text._fputwc_r
                0x00087140       0x68 c:/program files (x86)/atmel/studio/7.0/toolchain/arm/arm-gnu-toolchain/bin/../lib/gcc/arm-none-eabi/6.3.1/../../../../arm-none-eabi/lib/thumb/v7-m\libg.a(lib_a-fputwc.o)
                0x00087140                _fputwc_r
 .text._malloc_trim_r
                0x000871a8       0xa0 c:/program files (x86)/atmel/studio/7.0/toolchain/arm/arm-gnu-toolchain/bin/../lib/gcc/arm-none-eabi/6.3.1/../../../../arm-none-eabi/lib/thumb/v7-m\libg.a(lib_a-freer.o)
                0x000871a8                _malloc_trim_r
 .text._free_r  0x00087248      0x1cc c:/program files (x86)/atmel/studio/7.0/toolchain/arm/arm-gnu-toolchain/bin/../lib/gcc/arm-none-eabi/6.3.1/../../../../arm-none-eabi/lib/thumb/v7-m\libg.a(lib_a-freer.o)
                0x00087248                _free_r
 .text.__sfvwrite_r
                0x00087414      0x2f4 c:/program files (x86)/atmel/studio/7.0/toolchain/arm/arm-gnu-toolchain/bin/../lib/gcc/arm-none-eabi/6.3.1/../../../../arm-none-eabi/lib/thumb/v7-m\libg.a(lib_a-fvwrite.o)
                0x00087414                __sfvwrite_r
 .text._fwalk_reent
                0x00087708       0x50 c:/program files (x86)/atmel/studio/7.0/toolchain/arm/arm-gnu-toolchain/bin/../lib/gcc/arm-none-eabi/6.3.1/../../../../arm-none-eabi/lib/thumb/v7-m\libg.a(lib_a-fwalk.o)
                0x00087708                _fwalk_reent
 .text.__locale_mb_cur_max
                0x00087758       0x1c c:/program files (x86)/atmel/studio/7.0/toolchain/arm/arm-gnu-toolchain/bin/../lib/gcc/arm-none-eabi/6.3.1/../../../../arm-none-eabi/lib/thumb/v7-m\libg.a(lib_a-locale.o)
                0x00087758                __locale_mb_cur_max
 .text._localeconv_r
                0x00087774       0x1c c:/program files (x86)/atmel/studio/7.0/toolchain/arm/arm-gnu-toolchain/bin/../lib/gcc/arm-none-eabi/6.3.1/../../../../arm-none-eabi/lib/thumb/v7-m\libg.a(lib_a-localeconv.o)
                0x00087774                _localeconv_r
 .text.__retarget_lock_init_recursive
                0x00087790        0x4 c:/program files (x86)/atmel/studio/7.0/toolchain/arm/arm-gnu-toolchain/bin/../lib/gcc/arm-none-eabi/6.3.1/../../../../arm-none-eabi/lib/thumb/v7-m\libg.a(lib_a-lock.o)
                0x00087790                __retarget_lock_init_recursive
 .text.__retarget_lock_close_recursive
                0x00087794        0x4 c:/program files (x86)/atmel/studio/7.0/toolchain/arm/arm-gnu-toolchain/bin/../lib/gcc/arm-none-eabi/6.3.1/../../../../arm-none-eabi/lib/thumb/v7-m\libg.a(lib_a-lock.o)
                0x00087794                __retarget_lock_close_recursive
 .text.__retarget_lock_acquire_recursive
                0x00087798        0x4 c:/program files (x86)/atmel/studio/7.0/toolchain/arm/arm-gnu-toolchain/bin/../lib/gcc/arm-none-eabi/6.3.1/../../../../arm-none-eabi/lib/thumb/v7-m\libg.a(lib_a-lock.o)
                0x00087798                __retarget_lock_acquire_recursive
 .text.__retarget_lock_release_recursive
                0x0008779c        0x4 c:/program files (x86)/atmel/studio/7.0/toolchain/arm/arm-gnu-toolchain/bin/../lib/gcc/arm-none-eabi/6.3.1/../../../../arm-none-eabi/lib/thumb/v7-m\libg.a(lib_a-lock.o)
                0x0008779c                __retarget_lock_release_recursive
 .text.__swhatbuf_r
                0x000877a0       0x5c c:/program files (x86)/atmel/studio/7.0/toolchain/arm/arm-gnu-toolchain/bin/../lib/gcc/arm-none-eabi/6.3.1/../../../../arm-none-eabi/lib/thumb/v7-m\libg.a(lib_a-makebuf.o)
                0x000877a0                __swhatbuf_r
 .text.__smakebuf_r
                0x000877fc       0x94 c:/program files (x86)/atmel/studio/7.0/toolchain/arm/arm-gnu-toolchain/bin/../lib/gcc/arm-none-eabi/6.3.1/../../../../arm-none-eabi/lib/thumb/v7-m\libg.a(lib_a-makebuf.o)
                0x000877fc                __smakebuf_r
 .text.malloc   0x00087890       0x10 c:/program files (x86)/atmel/studio/7.0/toolchain/arm/arm-gnu-toolchain/bin/../lib/gcc/arm-none-eabi/6.3.1/../../../../arm-none-eabi/lib/thumb/v7-m\libg.a(lib_a-malloc.o)
                0x00087890                malloc
 .text._malloc_r
                0x000878a0      0x544 c:/program files (x86)/atmel/studio/7.0/toolchain/arm/arm-gnu-toolchain/bin/../lib/gcc/arm-none-eabi/6.3.1/../../../../arm-none-eabi/lib/thumb/v7-m\libg.a(lib_a-mallocr.o)
                0x000878a0                _malloc_r
 .text.__ascii_mbtowc
                0x00087de4       0x2c c:/program files (x86)/atmel/studio/7.0/toolchain/arm/arm-gnu-toolchain/bin/../lib/gcc/arm-none-eabi/6.3.1/../../../../arm-none-eabi/lib/thumb/v7-m\libg.a(lib_a-mbtowc_r.o)
                0x00087de4                __ascii_mbtowc
 .text.memchr   0x00087e10       0x8c c:/program files (x86)/atmel/studio/7.0/toolchain/arm/arm-gnu-toolchain/bin/../lib/gcc/arm-none-eabi/6.3.1/../../../../arm-none-eabi/lib/thumb/v7-m\libg.a(lib_a-memchr-stub.o)
                0x00087e10                memchr
 .text.memmove  0x00087e9c       0xc8 c:/program files (x86)/atmel/studio/7.0/toolchain/arm/arm-gnu-toolchain/bin/../lib/gcc/arm-none-eabi/6.3.1/../../../../arm-none-eabi/lib/thumb/v7-m\libg.a(lib_a-memmove.o)
                0x00087e9c                memmove
 .text.__malloc_lock
                0x00087f64        0xc c:/program files (x86)/atmel/studio/7.0/toolchain/arm/arm-gnu-toolchain/bin/../lib/gcc/arm-none-eabi/6.3.1/../../../../arm-none-eabi/lib/thumb/v7-m\libg.a(lib_a-mlock.o)
                0x00087f64                __malloc_lock
 .text.__malloc_unlock
                0x00087f70        0xc c:/program files (x86)/atmel/studio/7.0/toolchain/arm/arm-gnu-toolchain/bin/../lib/gcc/arm-none-eabi/6.3.1/../../../../arm-none-eabi/lib/thumb/v7-m\libg.a(lib_a-mlock.o)
                0x00087f70                __malloc_unlock
 .text._Balloc  0x00087f7c       0x4c c:/program files (x86)/atmel/studio/7.0/toolchain/arm/arm-gnu-toolchain/bin/../lib/gcc/arm-none-eabi/6.3.1/../../../../arm-none-eabi/lib/thumb/v7-m\libg.a(lib_a-mprec.o)
                0x00087f7c                _Balloc
 .text._Bfree   0x00087fc8       0x14 c:/program files (x86)/atmel/studio/7.0/toolchain/arm/arm-gnu-toolchain/bin/../lib/gcc/arm-none-eabi/6.3.1/../../../../arm-none-eabi/lib/thumb/v7-m\libg.a(lib_a-mprec.o)
                0x00087fc8                _Bfree
 .text.__multadd
                0x00087fdc       0x84 c:/program files (x86)/atmel/studio/7.0/toolchain/arm/arm-gnu-toolchain/bin/../lib/gcc/arm-none-eabi/6.3.1/../../../../arm-none-eabi/lib/thumb/v7-m\libg.a(lib_a-mprec.o)
                0x00087fdc                __multadd
 .text.__hi0bits
                0x00088060       0x40 c:/program files (x86)/atmel/studio/7.0/toolchain/arm/arm-gnu-toolchain/bin/../lib/gcc/arm-none-eabi/6.3.1/../../../../arm-none-eabi/lib/thumb/v7-m\libg.a(lib_a-mprec.o)
                0x00088060                __hi0bits
 .text.__lo0bits
                0x000880a0       0x60 c:/program files (x86)/atmel/studio/7.0/toolchain/arm/arm-gnu-toolchain/bin/../lib/gcc/arm-none-eabi/6.3.1/../../../../arm-none-eabi/lib/thumb/v7-m\libg.a(lib_a-mprec.o)
                0x000880a0                __lo0bits
 .text.__i2b    0x00088100       0x14 c:/program files (x86)/atmel/studio/7.0/toolchain/arm/arm-gnu-toolchain/bin/../lib/gcc/arm-none-eabi/6.3.1/../../../../arm-none-eabi/lib/thumb/v7-m\libg.a(lib_a-mprec.o)
                0x00088100                __i2b
 .text.__multiply
                0x00088114      0x124 c:/program files (x86)/atmel/studio/7.0/toolchain/arm/arm-gnu-toolchain/bin/../lib/gcc/arm-none-eabi/6.3.1/../../../../arm-none-eabi/lib/thumb/v7-m\libg.a(lib_a-mprec.o)
                0x00088114                __multiply
 .text.__pow5mult
                0x00088238       0xa0 c:/program files (x86)/atmel/studio/7.0/toolchain/arm/arm-gnu-toolchain/bin/../lib/gcc/arm-none-eabi/6.3.1/../../../../arm-none-eabi/lib/thumb/v7-m\libg.a(lib_a-mprec.o)
                0x00088238                __pow5mult
 .text.__lshift
                0x000882d8       0xa0 c:/program files (x86)/atmel/studio/7.0/toolchain/arm/arm-gnu-toolchain/bin/../lib/gcc/arm-none-eabi/6.3.1/../../../../arm-none-eabi/lib/thumb/v7-m\libg.a(lib_a-mprec.o)
                0x000882d8                __lshift
 .text.__mcmp   0x00088378       0x38 c:/program files (x86)/atmel/studio/7.0/toolchain/arm/arm-gnu-toolchain/bin/../lib/gcc/arm-none-eabi/6.3.1/../../../../arm-none-eabi/lib/thumb/v7-m\libg.a(lib_a-mprec.o)
                0x00088378                __mcmp
 .text.__mdiff  0x000883b0      0x11c c:/program files (x86)/atmel/studio/7.0/toolchain/arm/arm-gnu-toolchain/bin/../lib/gcc/arm-none-eabi/6.3.1/../../../../arm-none-eabi/lib/thumb/v7-m\libg.a(lib_a-mprec.o)
                0x000883b0                __mdiff
 .text.__d2b    0x000884cc       0xa8 c:/program files (x86)/atmel/studio/7.0/toolchain/arm/arm-gnu-toolchain/bin/../lib/gcc/arm-none-eabi/6.3.1/../../../../arm-none-eabi/lib/thumb/v7-m\libg.a(lib_a-mprec.o)
                0x000884cc                __d2b
 .text._realloc_r
                0x00088574      0x36c c:/program files (x86)/atmel/studio/7.0/toolchain/arm/arm-gnu-toolchain/bin/../lib/gcc/arm-none-eabi/6.3.1/../../../../arm-none-eabi/lib/thumb/v7-m\libg.a(lib_a-reallocr.o)
                0x00088574                _realloc_r
 .text._sbrk_r  0x000888e0       0x24 c:/program files (x86)/atmel/studio/7.0/toolchain/arm/arm-gnu-toolchain/bin/../lib/gcc/arm-none-eabi/6.3.1/../../../../arm-none-eabi/lib/thumb/v7-m\libg.a(lib_a-sbrkr.o)
                0x000888e0                _sbrk_r
 .text.__sread  0x00088904       0x24 c:/program files (x86)/atmel/studio/7.0/toolchain/arm/arm-gnu-toolchain/bin/../lib/gcc/arm-none-eabi/6.3.1/../../../../arm-none-eabi/lib/thumb/v7-m\libg.a(lib_a-stdio.o)
                0x00088904                __sread
 .text.__swrite
                0x00088928       0x3c c:/program files (x86)/atmel/studio/7.0/toolchain/arm/arm-gnu-toolchain/bin/../lib/gcc/arm-none-eabi/6.3.1/../../../../arm-none-eabi/lib/thumb/v7-m\libg.a(lib_a-stdio.o)
                0x00088928                __swrite
 .text.__sseek  0x00088964       0x20 c:/program files (x86)/atmel/studio/7.0/toolchain/arm/arm-gnu-toolchain/bin/../lib/gcc/arm-none-eabi/6.3.1/../../../../arm-none-eabi/lib/thumb/v7-m\libg.a(lib_a-stdio.o)
                0x00088964                __sseek
 .text.__sclose
                0x00088984        0x8 c:/program files (x86)/atmel/studio/7.0/toolchain/arm/arm-gnu-toolchain/bin/../lib/gcc/arm-none-eabi/6.3.1/../../../../arm-none-eabi/lib/thumb/v7-m\libg.a(lib_a-stdio.o)
                0x00088984                __sclose
 .text.strlen   0x0008898c       0x5c c:/program files (x86)/atmel/studio/7.0/toolchain/arm/arm-gnu-toolchain/bin/../lib/gcc/arm-none-eabi/6.3.1/../../../../arm-none-eabi/lib/thumb/v7-m\libg.a(lib_a-strlen-stub.o)
                0x0008898c                strlen
 .text.__ssprint_r
                0x000889e8       0xfc c:/program files (x86)/atmel/studio/7.0/toolchain/arm/arm-gnu-toolchain/bin/../lib/gcc/arm-none-eabi/6.3.1/../../../../arm-none-eabi/lib/thumb/v7-m\libg.a(lib_a-svfiprintf.o)
                0x000889e8                __ssprint_r
 .text.__swbuf_r
                0x00088ae4       0xb0 c:/program files (x86)/atmel/studio/7.0/toolchain/arm/arm-gnu-toolchain/bin/../lib/gcc/arm-none-eabi/6.3.1/../../../../arm-none-eabi/lib/thumb/v7-m\libg.a(lib_a-wbuf.o)
                0x00088ae4                __swbuf_r
 .text._wcrtomb_r
                0x00088b94       0x54 c:/program files (x86)/atmel/studio/7.0/toolchain/arm/arm-gnu-toolchain/bin/../lib/gcc/arm-none-eabi/6.3.1/../../../../arm-none-eabi/lib/thumb/v7-m\libg.a(lib_a-wcrtomb.o)
                0x00088b94                _wcrtomb_r
 .text.__ascii_wctomb
                0x00088be8       0x18 c:/program files (x86)/atmel/studio/7.0/toolchain/arm/arm-gnu-toolchain/bin/../lib/gcc/arm-none-eabi/6.3.1/../../../../arm-none-eabi/lib/thumb/v7-m\libg.a(lib_a-wctomb_r.o)
                0x00088be8                __ascii_wctomb
 .text._write_r
                0x00088c00       0x2c c:/program files (x86)/atmel/studio/7.0/toolchain/arm/arm-gnu-toolchain/bin/../lib/gcc/arm-none-eabi/6.3.1/../../../../arm-none-eabi/lib/thumb/v7-m\libg.a(lib_a-writer.o)
                0x00088c00                _write_r
 .text.__register_exitproc
                0x00088c2c       0xc4 c:/program files (x86)/atmel/studio/7.0/toolchain/arm/arm-gnu-toolchain/bin/../lib/gcc/arm-none-eabi/6.3.1/../../../../arm-none-eabi/lib/thumb/v7-m\libg.a(lib_a-__atexit.o)
                0x00088c2c                __register_exitproc
 .text._calloc_r
                0x00088cf0       0x60 c:/program files (x86)/atmel/studio/7.0/toolchain/arm/arm-gnu-toolchain/bin/../lib/gcc/arm-none-eabi/6.3.1/../../../../arm-none-eabi/lib/thumb/v7-m\libg.a(lib_a-callocr.o)
                0x00088cf0                _calloc_r
 .text._close_r
                0x00088d50       0x24 c:/program files (x86)/atmel/studio/7.0/toolchain/arm/arm-gnu-toolchain/bin/../lib/gcc/arm-none-eabi/6.3.1/../../../../arm-none-eabi/lib/thumb/v7-m\libg.a(lib_a-closer.o)
                0x00088d50                _close_r
 .text._fclose_r
                0x00088d74       0xc4 c:/program files (x86)/atmel/studio/7.0/toolchain/arm/arm-gnu-toolchain/bin/../lib/gcc/arm-none-eabi/6.3.1/../../../../arm-none-eabi/lib/thumb/v7-m\libg.a(lib_a-fclose.o)
                0x00088d74                _fclose_r
 .text._fstat_r
                0x00088e38       0x28 c:/program files (x86)/atmel/studio/7.0/toolchain/arm/arm-gnu-toolchain/bin/../lib/gcc/arm-none-eabi/6.3.1/../../../../arm-none-eabi/lib/thumb/v7-m\libg.a(lib_a-fstatr.o)
                0x00088e38                _fstat_r
 .text._isatty_r
                0x00088e60       0x24 c:/program files (x86)/atmel/studio/7.0/toolchain/arm/arm-gnu-toolchain/bin/../lib/gcc/arm-none-eabi/6.3.1/../../../../arm-none-eabi/lib/thumb/v7-m\libg.a(lib_a-isattyr.o)
                0x00088e60                _isatty_r
 .text._lseek_r
                0x00088e84       0x2c c:/program files (x86)/atmel/studio/7.0/toolchain/arm/arm-gnu-toolchain/bin/../lib/gcc/arm-none-eabi/6.3.1/../../../../arm-none-eabi/lib/thumb/v7-m\libg.a(lib_a-lseekr.o)
                0x00088e84                _lseek_r
 .text._read_r  0x00088eb0       0x2c c:/program files (x86)/atmel/studio/7.0/toolchain/arm/arm-gnu-toolchain/bin/../lib/gcc/arm-none-eabi/6.3.1/../../../../arm-none-eabi/lib/thumb/v7-m\libg.a(lib_a-readr.o)
                0x00088eb0                _read_r
 .text          0x00088edc      0x370 c:/program files (x86)/atmel/studio/7.0/toolchain/arm/arm-gnu-toolchain/bin/../lib/gcc/arm-none-eabi/6.3.1/thumb/v7-m\libgcc.a(_arm_addsubdf3.o)
                0x00088edc                __aeabi_drsub
                0x00088ee4                __aeabi_dsub
                0x00088ee4                __subdf3
                0x00088ee8                __aeabi_dadd
                0x00088ee8                __adddf3
                0x00089160                __floatunsidf
                0x00089160                __aeabi_ui2d
                0x00089180                __floatsidf
                0x00089180                __aeabi_i2d
                0x000891a4                __aeabi_f2d
                0x000891a4                __extendsfdf2
                0x000891e0                __floatundidf
                0x000891e0                __aeabi_ul2d
                0x000891f0                __floatdidf
                0x000891f0                __aeabi_l2d
 .text          0x0008924c      0x424 c:/program files (x86)/atmel/studio/7.0/toolchain/arm/arm-gnu-toolchain/bin/../lib/gcc/arm-none-eabi/6.3.1/thumb/v7-m\libgcc.a(_arm_muldivdf3.o)
                0x0008924c                __aeabi_dmul
                0x0008924c                __muldf3
                0x000894a0                __divdf3
                0x000894a0                __aeabi_ddiv
 .text          0x00089670      0x110 c:/program files (x86)/atmel/studio/7.0/toolchain/arm/arm-gnu-toolchain/bin/../lib/gcc/arm-none-eabi/6.3.1/thumb/v7-m\libgcc.a(_arm_cmpdf2.o)
                0x00089670                __gtdf2
                0x00089670                __gedf2
                0x00089678                __ltdf2
                0x00089678                __ledf2
                0x00089680                __nedf2
                0x00089680                __eqdf2
                0x00089680                __cmpdf2
                0x000896fc                __aeabi_cdrcmple
                0x0008970c                __aeabi_cdcmpeq
                0x0008970c                __aeabi_cdcmple
                0x0008971c                __aeabi_dcmpeq
                0x00089730                __aeabi_dcmplt
                0x00089744                __aeabi_dcmple
                0x00089758                __aeabi_dcmpge
                0x0008976c                __aeabi_dcmpgt
 .text          0x00089780       0x2c c:/program files (x86)/atmel/studio/7.0/toolchain/arm/arm-gnu-toolchain/bin/../lib/gcc/arm-none-eabi/6.3.1/thumb/v7-m\libgcc.a(_arm_unorddf2.o)
                0x00089780                __unorddf2
                0x00089780                __aeabi_dcmpun
 .text          0x000897ac       0x50 c:/program files (x86)/atmel/studio/7.0/toolchain/arm/arm-gnu-toolchain/bin/../lib/gcc/arm-none-eabi/6.3.1/thumb/v7-m\libgcc.a(_arm_fixdfsi.o)
                0x000897ac                __aeabi_d2iz
                0x000897ac                __fixdfsi
 .text          0x000897fc       0x30 c:/program files (x86)/atmel/studio/7.0/toolchain/arm/arm-gnu-toolchain/bin/../lib/gcc/arm-none-eabi/6.3.1/thumb/v7-m\libgcc.a(_aeabi_uldivmod.o)
                0x000897fc                __aeabi_uldivmod
 .text          0x0008982c      0x2dc c:/program files (x86)/atmel/studio/7.0/toolchain/arm/arm-gnu-toolchain/bin/../lib/gcc/arm-none-eabi/6.3.1/thumb/v7-m\libgcc.a(_udivmoddi4.o)
                0x0008982c                __udivmoddi4
 .text          0x00089b08        0x4 c:/program files (x86)/atmel/studio/7.0/toolchain/arm/arm-gnu-toolchain/bin/../lib/gcc/arm-none-eabi/6.3.1/thumb/v7-m\libgcc.a(_dvmd_tls.o)
                0x00089b08                __aeabi_idiv0
                0x00089b08                __aeabi_ldiv0
 *(.glue_7t)
 .glue_7t       0x00089b0c        0x0 linker stubs
 *(.glue_7)
 .glue_7        0x00089b0c        0x0 linker stubs
 *(.rodata .rodata* .gnu.linkonce.r.*)
 .rodata.main.str1.4
                0x00089b0c       0xa4 objdir/main_cw570.o
 .rodata        0x00089bb0       0x35 objdir/udphs_device.o
 *fill*         0x00089be5        0x3 
 .rodata._global_impure_ptr
                0x00089be8        0x4 c:/program files (x86)/atmel/studio/7.0/toolchain/arm/arm-gnu-toolchain/bin/../lib/gcc/arm-none-eabi/6.3.1/../../../../arm-none-eabi/lib/thumb/v7-m\libg.a(lib_a-impure.o)
                0x00089be8                _global_impure_ptr
 .rodata._svfprintf_r.str1.4
                0x00089bec       0x42 c:/program files (x86)/atmel/studio/7.0/toolchain/arm/arm-gnu-toolchain/bin/../lib/gcc/arm-none-eabi/6.3.1/../../../../arm-none-eabi/lib/thumb/v7-m\libg.a(lib_a-svfprintf.o)
 *fill*         0x00089c2e        0x2 
 .rodata.blanks.7223
                0x00089c30       0x10 c:/program files (x86)/atmel/studio/7.0/toolchain/arm/arm-gnu-toolchain/bin/../lib/gcc/arm-none-eabi/6.3.1/../../../../arm-none-eabi/lib/thumb/v7-m\libg.a(lib_a-svfprintf.o)
 .rodata.zeroes.7224
                0x00089c40       0x10 c:/program files (x86)/atmel/studio/7.0/toolchain/arm/arm-gnu-toolchain/bin/../lib/gcc/arm-none-eabi/6.3.1/../../../../arm-none-eabi/lib/thumb/v7-m\libg.a(lib_a-svfprintf.o)
 .rodata._vfiprintf_r.str1.4
                0x00089c50       0x2f c:/program files (x86)/atmel/studio/7.0/toolchain/arm/arm-gnu-toolchain/bin/../lib/gcc/arm-none-eabi/6.3.1/../../../../arm-none-eabi/lib/thumb/v7-m\libg.a(lib_a-vfiprintf.o)
 .rodata.blanks.7217
                0x00089c50       0x10 c:/program files (x86)/atmel/studio/7.0/toolchain/arm/arm-gnu-toolchain/bin/../lib/gcc/arm-none-eabi/6.3.1/../../../../arm-none-eabi/lib/thumb/v7-m\libg.a(lib_a-vfiprintf.o)
 .rodata.zeroes.7218
                0x00089c60       0x10 c:/program files (x86)/atmel/studio/7.0/toolchain/arm/arm-gnu-toolchain/bin/../lib/gcc/arm-none-eabi/6.3.1/../../../../arm-none-eabi/lib/thumb/v7-m\libg.a(lib_a-vfiprintf.o)
 .rodata._dtoa_r.str1.4
                0x00089c70       0x10 c:/program files (x86)/atmel/studio/7.0/toolchain/arm/arm-gnu-toolchain/bin/../lib/gcc/arm-none-eabi/6.3.1/../../../../arm-none-eabi/lib/thumb/v7-m\libg.a(lib_a-dtoa.o)
                                 0x12 (size before relaxing)
 .rodata._setlocale_r.str1.4
                0x00089c80        0xa c:/program files (x86)/atmel/studio/7.0/toolchain/arm/arm-gnu-toolchain/bin/../lib/gcc/arm-none-eabi/6.3.1/../../../../arm-none-eabi/lib/thumb/v7-m\libg.a(lib_a-locale.o)
                                  0xd (size before relaxing)
 *fill*         0x00089c8a        0x2 
 .rodata.str1.4
                0x00089c8c        0x4 c:/program files (x86)/atmel/studio/7.0/toolchain/arm/arm-gnu-toolchain/bin/../lib/gcc/arm-none-eabi/6.3.1/../../../../arm-none-eabi/lib/thumb/v7-m\libg.a(lib_a-locale.o)
                                  0x2 (size before relaxing)
 .rodata.__mprec_bigtens
                0x00089c90       0x28 c:/program files (x86)/atmel/studio/7.0/toolchain/arm/arm-gnu-toolchain/bin/../lib/gcc/arm-none-eabi/6.3.1/../../../../arm-none-eabi/lib/thumb/v7-m\libg.a(lib_a-mprec.o)
                0x00089c90                __mprec_bigtens
 .rodata.__mprec_tens
                0x00089cb8       0xc8 c:/program files (x86)/atmel/studio/7.0/toolchain/arm/arm-gnu-toolchain/bin/../lib/gcc/arm-none-eabi/6.3.1/../../../../arm-none-eabi/lib/thumb/v7-m\libg.a(lib_a-mprec.o)
                0x00089cb8                __mprec_tens
 .rodata.p05.6055
                0x00089d80        0xc c:/program files (x86)/atmel/studio/7.0/toolchain/arm/arm-gnu-toolchain/bin/../lib/gcc/arm-none-eabi/6.3.1/../../../../arm-none-eabi/lib/thumb/v7-m\libg.a(lib_a-mprec.o)
 .rodata._ctype_
                0x00089d8c      0x101 c:/program files (x86)/atmel/studio/7.0/toolchain/arm/arm-gnu-toolchain/bin/../lib/gcc/arm-none-eabi/6.3.1/../../../../arm-none-eabi/lib/thumb/v7-m\libg.a(lib_a-ctype_.o)
                0x00089d8c                _ctype_
 *(.ARM.extab* .gnu.linkonce.armextab.*)
                0x00089e90                . = ALIGN (0x4)
 *fill*         0x00089e8d        0x3 
 *(.init)
 .init          0x00089e90        0x4 c:/program files (x86)/atmel/studio/7.0/toolchain/arm/arm-gnu-toolchain/bin/../lib/gcc/arm-none-eabi/6.3.1/thumb/v7-m/crti.o
                0x00089e90                _init
 .init          0x00089e94        0x8 c:/program files (x86)/atmel/studio/7.0/toolchain/arm/arm-gnu-toolchain/bin/../lib/gcc/arm-none-eabi/6.3.1/thumb/v7-m/crtn.o
                0x00089e9c                . = ALIGN (0x4)
                0x00089e9c                __preinit_array_start = .
 *(.preinit_array)
                0x00089e9c                __preinit_array_end = .
                0x00089e9c                . = ALIGN (0x4)
                0x00089e9c                __init_array_start = .
 *(SORT(.init_array.*))
 .init_array.00000
                0x00089e9c        0x4 c:/program files (x86)/atmel/studio/7.0/toolchain/arm/arm-gnu-toolchain/bin/../lib/gcc/arm-none-eabi/6.3.1/../../../../arm-none-eabi/lib/thumb/v7-m\libg.a(lib_a-__call_atexit.o)
 *(.init_array)
 .init_array    0x00089ea0        0x4 c:/program files (x86)/atmel/studio/7.0/toolchain/arm/arm-gnu-toolchain/bin/../lib/gcc/arm-none-eabi/6.3.1/thumb/v7-m/crtbegin.o
                0x00089ea4                __init_array_end = .
                0x00089ea4                . = ALIGN (0x4)
 *crtbegin.o(.ctors)
 *(EXCLUDE_FILE(*crtend.o) .ctors)
 *(SORT(.ctors.*))
 *crtend.o(.ctors)
                0x00089ea4                . = ALIGN (0x4)
 *(.fini)
 .fini          0x00089ea4        0x4 c:/program files (x86)/atmel/studio/7.0/toolchain/arm/arm-gnu-toolchain/bin/../lib/gcc/arm-none-eabi/6.3.1/thumb/v7-m/crti.o
                0x00089ea4                _fini
 .fini          0x00089ea8        0x8 c:/program files (x86)/atmel/studio/7.0/toolchain/arm/arm-gnu-toolchain/bin/../lib/gcc/arm-none-eabi/6.3.1/thumb/v7-m/crtn.o
                0x00089eb0                . = ALIGN (0x4)
                0x00089eb0                __fini_array_start = .
 *(.fini_array)
 .fini_array    0x00089eb0        0x4 c:/program files (x86)/atmel/studio/7.0/toolchain/arm/arm-gnu-toolchain/bin/../lib/gcc/arm-none-eabi/6.3.1/thumb/v7-m/crtbegin.o
 *(SORT(.fini_array.*))
                0x00089eb4                __fini_array_end = .
 *crtbegin.o(.dtors)
 *(EXCLUDE_FILE(*crtend.o) .dtors)
 *(SORT(.dtors.*))
 *crtend.o(.dtors)
                0x00089eb4                . = ALIGN (0x4)
                0x00089eb4                _efixed = .
                [!provide]                PROVIDE (__exidx_start, .)

.vfp11_veneer   0x00089eb4        0x0
 .vfp11_veneer  0x00089eb4        0x0 linker stubs

.v4_bx          0x00089eb4        0x0
 .v4_bx         0x00089eb4        0x0 linker stubs

.iplt           0x00089eb4        0x0
 .iplt          0x00089eb4        0x0 c:/program files (x86)/atmel/studio/7.0/toolchain/arm/arm-gnu-toolchain/bin/../lib/gcc/arm-none-eabi/6.3.1/thumb/v7-m/crtbegin.o

.ARM.exidx      0x00089eb4        0x8
 *(.ARM.exidx* .gnu.linkonce.armexidx.*)
 .ARM.exidx     0x00089eb4        0x8 c:/program files (x86)/atmel/studio/7.0/toolchain/arm/arm-gnu-toolchain/bin/../lib/gcc/arm-none-eabi/6.3.1/thumb/v7-m\libgcc.a(_udivmoddi4.o)
                [!provide]                PROVIDE (__exidx_end, .)

.eh_frame       0x00089ebc        0x0
 .eh_frame      0x00089ebc        0x0 c:/program files (x86)/atmel/studio/7.0/toolchain/arm/arm-gnu-toolchain/bin/../lib/gcc/arm-none-eabi/6.3.1/thumb/v7-m/crtbegin.o

.rel.dyn        0x00089ebc        0x0
 .rel.iplt      0x00089ebc        0x0 c:/program files (x86)/atmel/studio/7.0/toolchain/arm/arm-gnu-toolchain/bin/../lib/gcc/arm-none-eabi/6.3.1/thumb/v7-m/crtbegin.o

.jcr            0x00089ebc        0x0
 .jcr           0x00089ebc        0x0 c:/program files (x86)/atmel/studio/7.0/toolchain/arm/arm-gnu-toolchain/bin/../lib/gcc/arm-none-eabi/6.3.1/thumb/v7-m/crtbegin.o

.igot.plt       0x00089ebc        0x0
 .igot.plt      0x00089ebc        0x0 c:/program files (x86)/atmel/studio/7.0/toolchain/arm/arm-gnu-toolchain/bin/../lib/gcc/arm-none-eabi/6.3.1/thumb/v7-m/crtbegin.o
                0x00089ebc                . = ALIGN (0x4)
                0x00089ebc                _etext = .

.relocate       0x20000000      0xc78 load address 0x00089ebc
                0x20000000                . = ALIGN (0x4)
                0x20000000                _srelocate = .
 *(.ramfunc .ramfunc.*)
 .ramfunc       0x20000000       0x84 objdir/efc.o
                0x20000000                efc_perform_read_sequence
                0x20000068                efc_write_fmr
                0x2000006c                efc_perform_fcr
 .ramfunc       0x20000084       0xfc objdir/system_sam3u.o
                0x20000084                SystemInit
                0x20000114                system_init_flash
 *(.data .data.*)
 .data.usb_serial_number
                0x20000180       0x21 objdir/main_cw570.o
                0x20000180                usb_serial_number
 .data.main_b_vendor_enable
                0x200001a1        0x1 objdir/usb.o
 *fill*         0x200001a2        0x2 
 .data.sram_size
                0x200001a4        0x4 objdir/usb.o
                0x200001a4                sram_size
 .data.xram     0x200001a8        0x4 objdir/usb_xmem.o
                0x200001a8                xram
 .data.udi_api_vendor
                0x200001ac       0x14 objdir/udi_vendor.o
                0x200001ac                udi_api_vendor
 .data.udc_string_desc
                0x200001c0       0x42 objdir/udc.o
 *fill*         0x20000202        0x2 
 .data.udc_string_desc_languageid
                0x20000204        0x4 objdir/udc.o
 .data.udc_string_manufacturer_name
                0x20000208       0x16 objdir/udc.o
 *fill*         0x2000021e        0x2 
 .data.udc_string_product_name
                0x20000220       0x14 objdir/udc.o
 .data.g_interrupt_enabled
                0x20000234        0x1 objdir/interrupt_sam_nvic.o
                0x20000234                g_interrupt_enabled
 *fill*         0x20000235        0x3 
 .data.udc_config
                0x20000238       0x18 objdir/udi_vendor_desc.o
                0x20000238                udc_config
 .data.udc_config_hs
                0x20000250        0x8 objdir/udi_vendor_desc.o
                0x20000250                udc_config_hs
 .data.udc_config_lsfs
                0x20000258        0x8 objdir/udi_vendor_desc.o
                0x20000258                udc_config_lsfs
 .data.udc_desc_fs
                0x20000260       0x20 objdir/udi_vendor_desc.o
                0x20000260                udc_desc_fs
 .data.udc_desc_hs
                0x20000280       0x20 objdir/udi_vendor_desc.o
                0x20000280                udc_desc_hs
 .data.udc_device_desc
                0x200002a0       0x12 objdir/udi_vendor_desc.o
                0x200002a0                udc_device_desc
 *fill*         0x200002b2        0x2 
 .data.udc_device_qual
                0x200002b4        0xa objdir/udi_vendor_desc.o
                0x200002b4                udc_device_qual
 *fill*         0x200002be        0x2 
 .data.udi_apis
                0x200002c0        0x4 objdir/udi_vendor_desc.o
                0x200002c0                udi_apis
 .data.SystemCoreClock
                0x200002c4        0x4 objdir/system_sam3u.o
                0x200002c4                SystemCoreClock
 .data._impure_ptr
                0x200002c8        0x4 c:/program files (x86)/atmel/studio/7.0/toolchain/arm/arm-gnu-toolchain/bin/../lib/gcc/arm-none-eabi/6.3.1/../../../../arm-none-eabi/lib/thumb/v7-m\libg.a(lib_a-impure.o)
                0x200002c8                _impure_ptr
 *fill*         0x200002cc        0x4 
 .data.impure_data
                0x200002d0      0x428 c:/program files (x86)/atmel/studio/7.0/toolchain/arm/arm-gnu-toolchain/bin/../lib/gcc/arm-none-eabi/6.3.1/../../../../arm-none-eabi/lib/thumb/v7-m\libg.a(lib_a-impure.o)
 .data.__atexit_recursive_mutex
                0x200006f8        0x4 c:/program files (x86)/atmel/studio/7.0/toolchain/arm/arm-gnu-toolchain/bin/../lib/gcc/arm-none-eabi/6.3.1/../../../../arm-none-eabi/lib/thumb/v7-m\libg.a(lib_a-__call_atexit.o)
                0x200006f8                __atexit_recursive_mutex
 .data.__global_locale
                0x200006fc      0x16c c:/program files (x86)/atmel/studio/7.0/toolchain/arm/arm-gnu-toolchain/bin/../lib/gcc/arm-none-eabi/6.3.1/../../../../arm-none-eabi/lib/thumb/v7-m\libg.a(lib_a-locale.o)
                0x200006fc                __global_locale
 .data.__malloc_av_
                0x20000868      0x408 c:/program files (x86)/atmel/studio/7.0/toolchain/arm/arm-gnu-toolchain/bin/../lib/gcc/arm-none-eabi/6.3.1/../../../../arm-none-eabi/lib/thumb/v7-m\libg.a(lib_a-mallocr.o)
                0x20000868                __malloc_av_
 .data.__malloc_sbrk_base
                0x20000c70        0x4 c:/program files (x86)/atmel/studio/7.0/toolchain/arm/arm-gnu-toolchain/bin/../lib/gcc/arm-none-eabi/6.3.1/../../../../arm-none-eabi/lib/thumb/v7-m\libg.a(lib_a-mallocr.o)
                0x20000c70                __malloc_sbrk_base
 .data.__malloc_trim_threshold
                0x20000c74        0x4 c:/program files (x86)/atmel/studio/7.0/toolchain/arm/arm-gnu-toolchain/bin/../lib/gcc/arm-none-eabi/6.3.1/../../../../arm-none-eabi/lib/thumb/v7-m\libg.a(lib_a-mallocr.o)
                0x20000c74                __malloc_trim_threshold
                0x20000c78                . = ALIGN (0x4)
                0x20000c78                _erelocate = .

.bss            0x20000c78     0x2948 load address 0x0008ab34
                0x20000c78                . = ALIGN (0x4)
                0x20000c78                _sbss = .
                0x20000c78                _szero = .
 *(.bss .bss.*)
 .bss           0x20000c78       0x1c c:/program files (x86)/atmel/studio/7.0/toolchain/arm/arm-gnu-toolchain/bin/../lib/gcc/arm-none-eabi/6.3.1/thumb/v7-m/crtbegin.o
 .bss.blockendpoint_usage
                0x20000c94        0x1 objdir/usb.o
 *fill*         0x20000c95        0x3 
 .bss.buffer    0x20000c98     0x2328 objdir/usb.o
 .bss.bulkread_address
                0x20002fc0        0x4 objdir/usb.o
 .bss.ctrlbuffer
                0x20002fc4       0x40 objdir/usb.o
 .bss.ctrlmemread_buf
                0x20003004        0x4 objdir/usb.o
 .bss.ctrlmemread_size
                0x20003008        0x4 objdir/usb.o
 .bss.found_err
                0x2000300c        0x4 objdir/usb.o
 .bss.main_buf_loopback
                0x20003010      0x400 objdir/usb.o
 .bss.respbuf.9190
                0x20003410       0x40 objdir/usb.o
 .bss.seed      0x20003450       0x10 objdir/usb.o
 .bss.state     0x20003460       0x10 objdir/usb.o
 .bss._fpga_locked
                0x20003470        0x1 objdir/usb_xmem.o
 *fill*         0x20003471        0x3 
 .bss.gs_interrupt_sources
                0x20003474       0x70 objdir/pio_handler.o
 .bss.b_shortpacket.8357
                0x200034e4        0x1 objdir/udphs_device.o
 .bss.udd_b_idle
                0x200034e5        0x1 objdir/udphs_device.o
 .bss.udd_ctrl_payload_buf_cnt
                0x200034e6        0x2 objdir/udphs_device.o
 .bss.udd_ctrl_prev_payload_buf_cnt
                0x200034e8        0x2 objdir/udphs_device.o
 .bss.udd_ep_control_state
                0x200034ea        0x1 objdir/udphs_device.o
 *fill*         0x200034eb        0x1 
 .bss.udd_ep_job
                0x200034ec       0x30 objdir/udphs_device.o
 .bss.udi_vendor_alternate_setting
                0x2000351c        0x1 objdir/udi_vendor.o
 *fill*         0x2000351d        0x1 
 .bss.udc_device_status
                0x2000351e        0x2 objdir/udc.o
 .bss.udc_ep_status.7279
                0x20003520        0x2 objdir/udc.o
 .bss.udc_iface_setting.7349
                0x20003522        0x1 objdir/udc.o
 .bss.udc_num_configuration
                0x20003523        0x1 objdir/udc.o
 .bss.udc_ptr_conf
                0x20003524        0x4 objdir/udc.o
 .bss.udc_ptr_iface
                0x20003528        0x4 objdir/udc.o
 .bss.b_is_sleep_clock_used
                0x2000352c        0x1 objdir/sleep.o
 *fill*         0x2000352d        0x3 
 .bss.callback_clocks_restored
                0x20003530        0x4 objdir/sleep.o
 .bss.heap.5297
                0x20003534        0x4 objdir/syscalls.o
 .bss.__malloc_current_mallinfo
                0x20003538       0x28 c:/program files (x86)/atmel/studio/7.0/toolchain/arm/arm-gnu-toolchain/bin/../lib/gcc/arm-none-eabi/6.3.1/../../../../arm-none-eabi/lib/thumb/v7-m\libg.a(lib_a-mallocr.o)
                0x20003538                __malloc_current_mallinfo
 .bss.__malloc_max_sbrked_mem
                0x20003560        0x4 c:/program files (x86)/atmel/studio/7.0/toolchain/arm/arm-gnu-toolchain/bin/../lib/gcc/arm-none-eabi/6.3.1/../../../../arm-none-eabi/lib/thumb/v7-m\libg.a(lib_a-mallocr.o)
                0x20003560                __malloc_max_sbrked_mem
 .bss.__malloc_max_total_mem
                0x20003564        0x4 c:/program files (x86)/atmel/studio/7.0/toolchain/arm/arm-gnu-toolchain/bin/../lib/gcc/arm-none-eabi/6.3.1/../../../../arm-none-eabi/lib/thumb/v7-m\libg.a(lib_a-mallocr.o)
                0x20003564                __malloc_max_total_mem
 .bss.__malloc_top_pad
                0x20003568        0x4 c:/program files (x86)/atmel/studio/7.0/toolchain/arm/arm-gnu-toolchain/bin/../lib/gcc/arm-none-eabi/6.3.1/../../../../arm-none-eabi/lib/thumb/v7-m\libg.a(lib_a-mallocr.o)
                0x20003568                __malloc_top_pad
 *(COMMON)
 COMMON         0x2000356c       0x18 objdir/udphs_device.o
                0x2000356c                udd_g_ctrlreq
 COMMON         0x20003584        0x8 objdir/write.o
                0x20003584                ptr_put
                0x20003588                stdio_base
 COMMON         0x2000358c        0x4 objdir/read.o
                0x2000358c                ptr_get
 COMMON         0x20003590        0x6 objdir/sleepmgr.o
                0x20003590                sleepmgr_locks
 *fill*         0x20003596        0x2 
 COMMON         0x20003598       0x21 c:/program files (x86)/atmel/studio/7.0/toolchain/arm/arm-gnu-toolchain/bin/../lib/gcc/arm-none-eabi/6.3.1/../../../../arm-none-eabi/lib/thumb/v7-m\libg.a(lib_a-lock.o)
                0x20003598                __lock___atexit_recursive_mutex
                0x2000359c                __lock___arc4random_mutex
                0x200035a0                __lock___env_recursive_mutex
                0x200035a4                __lock___sinit_recursive_mutex
                0x200035a8                __lock___malloc_recursive_mutex
                0x200035ac                __lock___at_quick_exit_mutex
                0x200035b0                __lock___dd_hash_mutex
                0x200035b4                __lock___tz_mutex
                0x200035b8                __lock___sfp_recursive_mutex
 *fill*         0x200035b9        0x3 
 COMMON         0x200035bc        0x4 c:/program files (x86)/atmel/studio/7.0/toolchain/arm/arm-gnu-toolchain/bin/../lib/gcc/arm-none-eabi/6.3.1/../../../../arm-none-eabi/lib/thumb/v7-m\libg.a(lib_a-reent.o)
                0x200035bc                errno
                0x200035c0                . = ALIGN (0x4)
                0x200035c0                _ebss = .
                0x200035c0                _ezero = .

.stack          0x20080000     0x4000
                0x20080000                . = ALIGN (0x8)
                0x20080000                _sstack = .
                0x20084000                . = (. + __stack_size__)
 *fill*         0x20080000     0x4000 
                0x20084000                . = ALIGN (0x8)
                0x20084000                _estack = .
                0x20084000                . = ALIGN (0x4)
                0x20084000                _end = .
OUTPUT(CW570_AS_Project.elf elf32-littlearm)

.ARM.attributes
                0x00000000       0x29
 .ARM.attributes
                0x00000000       0x1d c:/program files (x86)/atmel/studio/7.0/toolchain/arm/arm-gnu-toolchain/bin/../lib/gcc/arm-none-eabi/6.3.1/thumb/v7-m/crti.o
 .ARM.attributes
                0x0000001d       0x2d c:/program files (x86)/atmel/studio/7.0/toolchain/arm/arm-gnu-toolchain/bin/../lib/gcc/arm-none-eabi/6.3.1/thumb/v7-m/crtbegin.o
 .ARM.attributes
                0x0000004a       0x33 objdir/main_cw570.o
 .ARM.attributes
                0x0000007d       0x33 objdir/usb.o
 .ARM.attributes
                0x000000b0       0x33 objdir/flash_efc.o
 .ARM.attributes
                0x000000e3       0x33 objdir/usart.o
 .ARM.attributes
                0x00000116       0x33 objdir/usb_xmem.o
 .ARM.attributes
                0x00000149       0x33 objdir/smc.o
 .ARM.attributes
                0x0000017c       0x33 objdir/pio_handler.o
 .ARM.attributes
                0x000001af       0x33 objdir/udphs_device.o
 .ARM.attributes
                0x000001e2       0x33 objdir/write.o
 .ARM.attributes
                0x00000215       0x33 objdir/led.o
 .ARM.attributes
                0x00000248       0x33 objdir/startup_sam3u.o
 .ARM.attributes
                0x0000027b       0x33 objdir/sysclk.o
 .ARM.attributes
                0x000002ae       0x33 objdir/pmc.o
 .ARM.attributes
                0x000002e1       0x33 objdir/udi_vendor.o
 .ARM.attributes
                0x00000314       0x33 objdir/efc.o
 .ARM.attributes
                0x00000347       0x33 objdir/pio.o
 .ARM.attributes
                0x0000037a       0x33 objdir/exceptions.o
 .ARM.attributes
                0x000003ad       0x33 objdir/udc.o
 .ARM.attributes
                0x000003e0       0x33 objdir/sleep.o
 .ARM.attributes
                0x00000413       0x33 objdir/syscalls.o
 .ARM.attributes
                0x00000446       0x33 objdir/uart.o
 .ARM.attributes
                0x00000479       0x33 objdir/init.o
 .ARM.attributes
                0x000004ac       0x33 objdir/interrupt_sam_nvic.o
 .ARM.attributes
                0x000004df       0x33 objdir/read.o
 .ARM.attributes
                0x00000512       0x33 objdir/udi_vendor_desc.o
 .ARM.attributes
                0x00000545       0x33 objdir/system_sam3u.o
 .ARM.attributes
                0x00000578       0x33 objdir/sleepmgr.o
 .ARM.attributes
                0x000005ab       0x33 objdir/ui_cw305.o
 .ARM.attributes
                0x000005de       0x2d c:/program files (x86)/atmel/studio/7.0/toolchain/arm/arm-gnu-toolchain/bin/../lib/gcc/arm-none-eabi/6.3.1/../../../../arm-none-eabi/lib/thumb/v7-m\libg.a(lib_a-impure.o)
 .ARM.attributes
                0x0000060b       0x2d c:/program files (x86)/atmel/studio/7.0/toolchain/arm/arm-gnu-toolchain/bin/../lib/gcc/arm-none-eabi/6.3.1/../../../../arm-none-eabi/lib/thumb/v7-m\libg.a(lib_a-init.o)
 .ARM.attributes
                0x00000638       0x2d c:/program files (x86)/atmel/studio/7.0/toolchain/arm/arm-gnu-toolchain/bin/../lib/gcc/arm-none-eabi/6.3.1/../../../../arm-none-eabi/lib/thumb/v7-m\libg.a(lib_a-iprintf.o)
 .ARM.attributes
                0x00000665       0x1b c:/program files (x86)/atmel/studio/7.0/toolchain/arm/arm-gnu-toolchain/bin/../lib/gcc/arm-none-eabi/6.3.1/../../../../arm-none-eabi/lib/thumb/v7-m\libg.a(lib_a-memcpy.o)
 .ARM.attributes
                0x00000680       0x2d c:/program files (x86)/atmel/studio/7.0/toolchain/arm/arm-gnu-toolchain/bin/../lib/gcc/arm-none-eabi/6.3.1/../../../../arm-none-eabi/lib/thumb/v7-m\libg.a(lib_a-memset.o)
 .ARM.attributes
                0x000006ad       0x2d c:/program files (x86)/atmel/studio/7.0/toolchain/arm/arm-gnu-toolchain/bin/../lib/gcc/arm-none-eabi/6.3.1/../../../../arm-none-eabi/lib/thumb/v7-m\libg.a(lib_a-setbuf.o)
 .ARM.attributes
                0x000006da       0x2d c:/program files (x86)/atmel/studio/7.0/toolchain/arm/arm-gnu-toolchain/bin/../lib/gcc/arm-none-eabi/6.3.1/../../../../arm-none-eabi/lib/thumb/v7-m\libg.a(lib_a-setvbuf.o)
 .ARM.attributes
                0x00000707       0x2d c:/program files (x86)/atmel/studio/7.0/toolchain/arm/arm-gnu-toolchain/bin/../lib/gcc/arm-none-eabi/6.3.1/../../../../arm-none-eabi/lib/thumb/v7-m\libg.a(lib_a-sprintf.o)
 .ARM.attributes
                0x00000734       0x2d c:/program files (x86)/atmel/studio/7.0/toolchain/arm/arm-gnu-toolchain/bin/../lib/gcc/arm-none-eabi/6.3.1/../../../../arm-none-eabi/lib/thumb/v7-m\libg.a(lib_a-svfprintf.o)
 .ARM.attributes
                0x00000761       0x2d c:/program files (x86)/atmel/studio/7.0/toolchain/arm/arm-gnu-toolchain/bin/../lib/gcc/arm-none-eabi/6.3.1/../../../../arm-none-eabi/lib/thumb/v7-m\libg.a(lib_a-vfiprintf.o)
 .ARM.attributes
                0x0000078e       0x2d c:/program files (x86)/atmel/studio/7.0/toolchain/arm/arm-gnu-toolchain/bin/../lib/gcc/arm-none-eabi/6.3.1/../../../../arm-none-eabi/lib/thumb/v7-m\libg.a(lib_a-wsetup.o)
 .ARM.attributes
                0x000007bb       0x2d c:/program files (x86)/atmel/studio/7.0/toolchain/arm/arm-gnu-toolchain/bin/../lib/gcc/arm-none-eabi/6.3.1/../../../../arm-none-eabi/lib/thumb/v7-m\libg.a(lib_a-__call_atexit.o)
 .ARM.attributes
                0x000007e8       0x2d c:/program files (x86)/atmel/studio/7.0/toolchain/arm/arm-gnu-toolchain/bin/../lib/gcc/arm-none-eabi/6.3.1/../../../../arm-none-eabi/lib/thumb/v7-m\libg.a(lib_a-atexit.o)
 .ARM.attributes
                0x00000815       0x2d c:/program files (x86)/atmel/studio/7.0/toolchain/arm/arm-gnu-toolchain/bin/../lib/gcc/arm-none-eabi/6.3.1/../../../../arm-none-eabi/lib/thumb/v7-m\libg.a(lib_a-dtoa.o)
 .ARM.attributes
                0x00000842       0x2d c:/program files (x86)/atmel/studio/7.0/toolchain/arm/arm-gnu-toolchain/bin/../lib/gcc/arm-none-eabi/6.3.1/../../../../arm-none-eabi/lib/thumb/v7-m\libg.a(lib_a-fflush.o)
 .ARM.attributes
                0x0000086f       0x2d c:/program files (x86)/atmel/studio/7.0/toolchain/arm/arm-gnu-toolchain/bin/../lib/gcc/arm-none-eabi/6.3.1/../../../../arm-none-eabi/lib/thumb/v7-m\libg.a(lib_a-findfp.o)
 .ARM.attributes
                0x0000089c       0x2d c:/program files (x86)/atmel/studio/7.0/toolchain/arm/arm-gnu-toolchain/bin/../lib/gcc/arm-none-eabi/6.3.1/../../../../arm-none-eabi/lib/thumb/v7-m\libg.a(lib_a-fini.o)
 .ARM.attributes
                0x000008c9       0x2d c:/program files (x86)/atmel/studio/7.0/toolchain/arm/arm-gnu-toolchain/bin/../lib/gcc/arm-none-eabi/6.3.1/../../../../arm-none-eabi/lib/thumb/v7-m\libg.a(lib_a-fputwc.o)
 .ARM.attributes
                0x000008f6       0x2d c:/program files (x86)/atmel/studio/7.0/toolchain/arm/arm-gnu-toolchain/bin/../lib/gcc/arm-none-eabi/6.3.1/../../../../arm-none-eabi/lib/thumb/v7-m\libg.a(lib_a-freer.o)
 .ARM.attributes
                0x00000923       0x2d c:/program files (x86)/atmel/studio/7.0/toolchain/arm/arm-gnu-toolchain/bin/../lib/gcc/arm-none-eabi/6.3.1/../../../../arm-none-eabi/lib/thumb/v7-m\libg.a(lib_a-fvwrite.o)
 .ARM.attributes
                0x00000950       0x2d c:/program files (x86)/atmel/studio/7.0/toolchain/arm/arm-gnu-toolchain/bin/../lib/gcc/arm-none-eabi/6.3.1/../../../../arm-none-eabi/lib/thumb/v7-m\libg.a(lib_a-fwalk.o)
 .ARM.attributes
                0x0000097d       0x2d c:/program files (x86)/atmel/studio/7.0/toolchain/arm/arm-gnu-toolchain/bin/../lib/gcc/arm-none-eabi/6.3.1/../../../../arm-none-eabi/lib/thumb/v7-m\libg.a(lib_a-locale.o)
 .ARM.attributes
                0x000009aa       0x2d c:/program files (x86)/atmel/studio/7.0/toolchain/arm/arm-gnu-toolchain/bin/../lib/gcc/arm-none-eabi/6.3.1/../../../../arm-none-eabi/lib/thumb/v7-m\libg.a(lib_a-localeconv.o)
 .ARM.attributes
                0x000009d7       0x2d c:/program files (x86)/atmel/studio/7.0/toolchain/arm/arm-gnu-toolchain/bin/../lib/gcc/arm-none-eabi/6.3.1/../../../../arm-none-eabi/lib/thumb/v7-m\libg.a(lib_a-lock.o)
 .ARM.attributes
                0x00000a04       0x2d c:/program files (x86)/atmel/studio/7.0/toolchain/arm/arm-gnu-toolchain/bin/../lib/gcc/arm-none-eabi/6.3.1/../../../../arm-none-eabi/lib/thumb/v7-m\libg.a(lib_a-makebuf.o)
 .ARM.attributes
                0x00000a31       0x2d c:/program files (x86)/atmel/studio/7.0/toolchain/arm/arm-gnu-toolchain/bin/../lib/gcc/arm-none-eabi/6.3.1/../../../../arm-none-eabi/lib/thumb/v7-m\libg.a(lib_a-malloc.o)
 .ARM.attributes
                0x00000a5e       0x2d c:/program files (x86)/atmel/studio/7.0/toolchain/arm/arm-gnu-toolchain/bin/../lib/gcc/arm-none-eabi/6.3.1/../../../../arm-none-eabi/lib/thumb/v7-m\libg.a(lib_a-mallocr.o)
 .ARM.attributes
                0x00000a8b       0x2d c:/program files (x86)/atmel/studio/7.0/toolchain/arm/arm-gnu-toolchain/bin/../lib/gcc/arm-none-eabi/6.3.1/../../../../arm-none-eabi/lib/thumb/v7-m\libg.a(lib_a-mbtowc_r.o)
 .ARM.attributes
                0x00000ab8       0x2d c:/program files (x86)/atmel/studio/7.0/toolchain/arm/arm-gnu-toolchain/bin/../lib/gcc/arm-none-eabi/6.3.1/../../../../arm-none-eabi/lib/thumb/v7-m\libg.a(lib_a-memchr-stub.o)
 .ARM.attributes
                0x00000ae5       0x2d c:/program files (x86)/atmel/studio/7.0/toolchain/arm/arm-gnu-toolchain/bin/../lib/gcc/arm-none-eabi/6.3.1/../../../../arm-none-eabi/lib/thumb/v7-m\libg.a(lib_a-memmove.o)
 .ARM.attributes
                0x00000b12       0x2d c:/program files (x86)/atmel/studio/7.0/toolchain/arm/arm-gnu-toolchain/bin/../lib/gcc/arm-none-eabi/6.3.1/../../../../arm-none-eabi/lib/thumb/v7-m\libg.a(lib_a-mlock.o)
 .ARM.attributes
                0x00000b3f       0x2d c:/program files (x86)/atmel/studio/7.0/toolchain/arm/arm-gnu-toolchain/bin/../lib/gcc/arm-none-eabi/6.3.1/../../../../arm-none-eabi/lib/thumb/v7-m\libg.a(lib_a-mprec.o)
 .ARM.attributes
                0x00000b6c       0x2d c:/program files (x86)/atmel/studio/7.0/toolchain/arm/arm-gnu-toolchain/bin/../lib/gcc/arm-none-eabi/6.3.1/../../../../arm-none-eabi/lib/thumb/v7-m\libg.a(lib_a-reallocr.o)
 .ARM.attributes
                0x00000b99       0x2d c:/program files (x86)/atmel/studio/7.0/toolchain/arm/arm-gnu-toolchain/bin/../lib/gcc/arm-none-eabi/6.3.1/../../../../arm-none-eabi/lib/thumb/v7-m\libg.a(lib_a-sbrkr.o)
 .ARM.attributes
                0x00000bc6       0x2d c:/program files (x86)/atmel/studio/7.0/toolchain/arm/arm-gnu-toolchain/bin/../lib/gcc/arm-none-eabi/6.3.1/../../../../arm-none-eabi/lib/thumb/v7-m\libg.a(lib_a-stdio.o)
 .ARM.attributes
                0x00000bf3       0x2d c:/program files (x86)/atmel/studio/7.0/toolchain/arm/arm-gnu-toolchain/bin/../lib/gcc/arm-none-eabi/6.3.1/../../../../arm-none-eabi/lib/thumb/v7-m\libg.a(lib_a-strlen-stub.o)
 .ARM.attributes
                0x00000c20       0x2d c:/program files (x86)/atmel/studio/7.0/toolchain/arm/arm-gnu-toolchain/bin/../lib/gcc/arm-none-eabi/6.3.1/../../../../arm-none-eabi/lib/thumb/v7-m\libg.a(lib_a-svfiprintf.o)
 .ARM.attributes
                0x00000c4d       0x2d c:/program files (x86)/atmel/studio/7.0/toolchain/arm/arm-gnu-toolchain/bin/../lib/gcc/arm-none-eabi/6.3.1/../../../../arm-none-eabi/lib/thumb/v7-m\libg.a(lib_a-wbuf.o)
 .ARM.attributes
                0x00000c7a       0x2d c:/program files (x86)/atmel/studio/7.0/toolchain/arm/arm-gnu-toolchain/bin/../lib/gcc/arm-none-eabi/6.3.1/../../../../arm-none-eabi/lib/thumb/v7-m\libg.a(lib_a-wcrtomb.o)
 .ARM.attributes
                0x00000ca7       0x2d c:/program files (x86)/atmel/studio/7.0/toolchain/arm/arm-gnu-toolchain/bin/../lib/gcc/arm-none-eabi/6.3.1/../../../../arm-none-eabi/lib/thumb/v7-m\libg.a(lib_a-wctomb_r.o)
 .ARM.attributes
                0x00000cd4       0x2d c:/program files (x86)/atmel/studio/7.0/toolchain/arm/arm-gnu-toolchain/bin/../lib/gcc/arm-none-eabi/6.3.1/../../../../arm-none-eabi/lib/thumb/v7-m\libg.a(lib_a-writer.o)
 .ARM.attributes
                0x00000d01       0x2d c:/program files (x86)/atmel/studio/7.0/toolchain/arm/arm-gnu-toolchain/bin/../lib/gcc/arm-none-eabi/6.3.1/../../../../arm-none-eabi/lib/thumb/v7-m\libg.a(lib_a-__atexit.o)
 .ARM.attributes
                0x00000d2e       0x2d c:/program files (x86)/atmel/studio/7.0/toolchain/arm/arm-gnu-toolchain/bin/../lib/gcc/arm-none-eabi/6.3.1/../../../../arm-none-eabi/lib/thumb/v7-m\libg.a(lib_a-callocr.o)
 .ARM.attributes
                0x00000d5b       0x2d c:/program files (x86)/atmel/studio/7.0/toolchain/arm/arm-gnu-toolchain/bin/../lib/gcc/arm-none-eabi/6.3.1/../../../../arm-none-eabi/lib/thumb/v7-m\libg.a(lib_a-closer.o)
 .ARM.attributes
                0x00000d88       0x2d c:/program files (x86)/atmel/studio/7.0/toolchain/arm/arm-gnu-toolchain/bin/../lib/gcc/arm-none-eabi/6.3.1/../../../../arm-none-eabi/lib/thumb/v7-m\libg.a(lib_a-ctype_.o)
 .ARM.attributes
                0x00000db5       0x2d c:/program files (x86)/atmel/studio/7.0/toolchain/arm/arm-gnu-toolchain/bin/../lib/gcc/arm-none-eabi/6.3.1/../../../../arm-none-eabi/lib/thumb/v7-m\libg.a(lib_a-fclose.o)
 .ARM.attributes
                0x00000de2       0x2d c:/program files (x86)/atmel/studio/7.0/toolchain/arm/arm-gnu-toolchain/bin/../lib/gcc/arm-none-eabi/6.3.1/../../../../arm-none-eabi/lib/thumb/v7-m\libg.a(lib_a-fstatr.o)
 .ARM.attributes
                0x00000e0f       0x2d c:/program files (x86)/atmel/studio/7.0/toolchain/arm/arm-gnu-toolchain/bin/../lib/gcc/arm-none-eabi/6.3.1/../../../../arm-none-eabi/lib/thumb/v7-m\libg.a(lib_a-isattyr.o)
 .ARM.attributes
                0x00000e3c       0x2d c:/program files (x86)/atmel/studio/7.0/toolchain/arm/arm-gnu-toolchain/bin/../lib/gcc/arm-none-eabi/6.3.1/../../../../arm-none-eabi/lib/thumb/v7-m\libg.a(lib_a-lseekr.o)
 .ARM.attributes
                0x00000e69       0x2d c:/program files (x86)/atmel/studio/7.0/toolchain/arm/arm-gnu-toolchain/bin/../lib/gcc/arm-none-eabi/6.3.1/../../../../arm-none-eabi/lib/thumb/v7-m\libg.a(lib_a-readr.o)
 .ARM.attributes
                0x00000e96       0x2d c:/program files (x86)/atmel/studio/7.0/toolchain/arm/arm-gnu-toolchain/bin/../lib/gcc/arm-none-eabi/6.3.1/../../../../arm-none-eabi/lib/thumb/v7-m\libg.a(lib_a-reent.o)
 .ARM.attributes
                0x00000ec3       0x1d c:/program files (x86)/atmel/studio/7.0/toolchain/arm/arm-gnu-toolchain/bin/../lib/gcc/arm-none-eabi/6.3.1/thumb/v7-m\libgcc.a(_arm_addsubdf3.o)
 .ARM.attributes
                0x00000ee0       0x1d c:/program files (x86)/atmel/studio/7.0/toolchain/arm/arm-gnu-toolchain/bin/../lib/gcc/arm-none-eabi/6.3.1/thumb/v7-m\libgcc.a(_arm_muldivdf3.o)
 .ARM.attributes
                0x00000efd       0x1d c:/program files (x86)/atmel/studio/7.0/toolchain/arm/arm-gnu-toolchain/bin/../lib/gcc/arm-none-eabi/6.3.1/thumb/v7-m\libgcc.a(_arm_cmpdf2.o)
 .ARM.attributes
                0x00000f1a       0x1d c:/program files (x86)/atmel/studio/7.0/toolchain/arm/arm-gnu-toolchain/bin/../lib/gcc/arm-none-eabi/6.3.1/thumb/v7-m\libgcc.a(_arm_unorddf2.o)
 .ARM.attributes
                0x00000f37       0x1d c:/program files (x86)/atmel/studio/7.0/toolchain/arm/arm-gnu-toolchain/bin/../lib/gcc/arm-none-eabi/6.3.1/thumb/v7-m\libgcc.a(_arm_fixdfsi.o)
 .ARM.attributes
                0x00000f54       0x1d c:/program files (x86)/atmel/studio/7.0/toolchain/arm/arm-gnu-toolchain/bin/../lib/gcc/arm-none-eabi/6.3.1/thumb/v7-m\libgcc.a(_aeabi_uldivmod.o)
 .ARM.attributes
                0x00000f71       0x2d c:/program files (x86)/atmel/studio/7.0/toolchain/arm/arm-gnu-toolchain/bin/../lib/gcc/arm-none-eabi/6.3.1/thumb/v7-m\libgcc.a(_udivmoddi4.o)
 .ARM.attributes
                0x00000f9e       0x1d c:/program files (x86)/atmel/studio/7.0/toolchain/arm/arm-gnu-toolchain/bin/../lib/gcc/arm-none-eabi/6.3.1/thumb/v7-m\libgcc.a(_dvmd_tls.o)
 .ARM.attributes
                0x00000fbb       0x1d c:/program files (x86)/atmel/studio/7.0/toolchain/arm/arm-gnu-toolchain/bin/../lib/gcc/arm-none-eabi/6.3.1/thumb/v7-m/crtn.o

.comment        0x00000000       0x59
 .comment       0x00000000       0x59 objdir/main_cw570.o
                                 0x5a (size before relaxing)
 .comment       0x00000059       0x5a objdir/usb.o
 .comment       0x00000059       0x5a objdir/flash_efc.o
 .comment       0x00000059       0x5a objdir/usart.o
 .comment       0x00000059       0x5a objdir/usb_xmem.o
 .comment       0x00000059       0x5a objdir/smc.o
 .comment       0x00000059       0x5a objdir/pio_handler.o
 .comment       0x00000059       0x5a objdir/udphs_device.o
 .comment       0x00000059       0x5a objdir/write.o
 .comment       0x00000059       0x5a objdir/led.o
 .comment       0x00000059       0x5a objdir/startup_sam3u.o
 .comment       0x00000059       0x5a objdir/sysclk.o
 .comment       0x00000059       0x5a objdir/pmc.o
 .comment       0x00000059       0x5a objdir/udi_vendor.o
 .comment       0x00000059       0x5a objdir/efc.o
 .comment       0x00000059       0x5a objdir/pio.o
 .comment       0x00000059       0x5a objdir/exceptions.o
 .comment       0x00000059       0x5a objdir/udc.o
 .comment       0x00000059       0x5a objdir/sleep.o
 .comment       0x00000059       0x5a objdir/syscalls.o
 .comment       0x00000059       0x5a objdir/uart.o
 .comment       0x00000059       0x5a objdir/init.o
 .comment       0x00000059       0x5a objdir/interrupt_sam_nvic.o
 .comment       0x00000059       0x5a objdir/read.o
 .comment       0x00000059       0x5a objdir/udi_vendor_desc.o
 .comment       0x00000059       0x5a objdir/system_sam3u.o
 .comment       0x00000059       0x5a objdir/sleepmgr.o
 .comment       0x00000059       0x5a objdir/ui_cw305.o

.debug_info     0x00000000    0x24ab2
 .debug_info    0x00000000     0x21ba objdir/main_cw570.o
 .debug_info    0x000021ba     0x1a64 objdir/usb.o
 .debug_info    0x00003c1e     0x1d62 objdir/flash_efc.o
 .debug_info    0x00005980     0x2b75 objdir/usart.o
 .debug_info    0x000084f5      0xfc2 objdir/usb_xmem.o
 .debug_info    0x000094b7     0x12d6 objdir/smc.o
 .debug_info    0x0000a78d     0x1872 objdir/pio_handler.o
 .debug_info    0x0000bfff     0x3fb6 objdir/udphs_device.o
 .debug_info    0x0000ffb5      0xac6 objdir/write.o
 .debug_info    0x00010a7b      0xb13 objdir/led.o
 .debug_info    0x0001158e      0xd45 objdir/startup_sam3u.o
 .debug_info    0x000122d3     0x129c objdir/sysclk.o
 .debug_info    0x0001356f     0x18bd objdir/pmc.o
 .debug_info    0x00014e2c     0x113a objdir/udi_vendor.o
 .debug_info    0x00015f66     0x1014 objdir/efc.o
 .debug_info    0x00016f7a     0x1ebd objdir/pio.o
 .debug_info    0x00018e37      0xa39 objdir/exceptions.o
 .debug_info    0x00019870     0x2013 objdir/udc.o
 .debug_info    0x0001b883     0x12e1 objdir/sleep.o
 .debug_info    0x0001cb64      0xde0 objdir/syscalls.o
 .debug_info    0x0001d944     0x1198 objdir/uart.o
 .debug_info    0x0001eadc     0x1074 objdir/init.o
 .debug_info    0x0001fb50      0xb02 objdir/interrupt_sam_nvic.o
 .debug_info    0x00020652      0xac9 objdir/read.o
 .debug_info    0x0002111b     0x119c objdir/udi_vendor_desc.o
 .debug_info    0x000222b7      0xd66 objdir/system_sam3u.o
 .debug_info    0x0002301d      0xa8e objdir/sleepmgr.o
 .debug_info    0x00023aab     0x1007 objdir/ui_cw305.o

.debug_abbrev   0x00000000     0x5341
 .debug_abbrev  0x00000000      0x40f objdir/main_cw570.o
 .debug_abbrev  0x0000040f      0x50d objdir/usb.o
 .debug_abbrev  0x0000091c      0x3e1 objdir/flash_efc.o
 .debug_abbrev  0x00000cfd      0x3ca objdir/usart.o
 .debug_abbrev  0x000010c7      0x202 objdir/usb_xmem.o
 .debug_abbrev  0x000012c9      0x29e objdir/smc.o
 .debug_abbrev  0x00001567      0x3ca objdir/pio_handler.o
 .debug_abbrev  0x00001931      0x63c objdir/udphs_device.o
 .debug_abbrev  0x00001f6d      0x1e9 objdir/write.o
 .debug_abbrev  0x00002156      0x1f1 objdir/led.o
 .debug_abbrev  0x00002347      0x217 objdir/startup_sam3u.o
 .debug_abbrev  0x0000255e      0x33a objdir/sysclk.o
 .debug_abbrev  0x00002898      0x324 objdir/pmc.o
 .debug_abbrev  0x00002bbc      0x2c9 objdir/udi_vendor.o
 .debug_abbrev  0x00002e85      0x3b9 objdir/efc.o
 .debug_abbrev  0x0000323e      0x3d6 objdir/pio.o
 .debug_abbrev  0x00003614      0x1a4 objdir/exceptions.o
 .debug_abbrev  0x000037b8      0x461 objdir/udc.o
 .debug_abbrev  0x00003c19      0x2f9 objdir/sleep.o
 .debug_abbrev  0x00003f12      0x280 objdir/syscalls.o
 .debug_abbrev  0x00004192      0x2d6 objdir/uart.o
 .debug_abbrev  0x00004468      0x2ba objdir/init.o
 .debug_abbrev  0x00004722      0x22c objdir/interrupt_sam_nvic.o
 .debug_abbrev  0x0000494e      0x1fe objdir/read.o
 .debug_abbrev  0x00004b4c      0x1d8 objdir/udi_vendor_desc.o
 .debug_abbrev  0x00004d24      0x1ff objdir/system_sam3u.o
 .debug_abbrev  0x00004f23      0x1b2 objdir/sleepmgr.o
 .debug_abbrev  0x000050d5      0x26c objdir/ui_cw305.o

.debug_loc      0x00000000     0x9c5d
 .debug_loc     0x00000000      0x3b1 objdir/main_cw570.o
 .debug_loc     0x000003b1      0x710 objdir/usb.o
 .debug_loc     0x00000ac1     0x13cd objdir/flash_efc.o
 .debug_loc     0x00001e8e     0x1bb0 objdir/usart.o
 .debug_loc     0x00003a3e      0x270 objdir/smc.o
 .debug_loc     0x00003cae      0x754 objdir/pio_handler.o
 .debug_loc     0x00004402     0x1e70 objdir/udphs_device.o
 .debug_loc     0x00006272      0x13a objdir/write.o
 .debug_loc     0x000063ac       0x82 objdir/led.o
 .debug_loc     0x0000642e       0x20 objdir/startup_sam3u.o
 .debug_loc     0x0000644e      0x205 objdir/sysclk.o
 .debug_loc     0x00006653      0xa04 objdir/pmc.o
 .debug_loc     0x00007057      0x1a6 objdir/udi_vendor.o
 .debug_loc     0x000071fd      0x422 objdir/efc.o
 .debug_loc     0x0000761f     0x10ca objdir/pio.o
 .debug_loc     0x000086e9      0xa51 objdir/udc.o
 .debug_loc     0x0000913a      0x52a objdir/sleep.o
 .debug_loc     0x00009664      0x179 objdir/syscalls.o
 .debug_loc     0x000097dd      0x203 objdir/uart.o
 .debug_loc     0x000099e0       0x80 objdir/init.o
 .debug_loc     0x00009a60       0x2c objdir/interrupt_sam_nvic.o
 .debug_loc     0x00009a8c       0xd6 objdir/read.o
 .debug_loc     0x00009b62       0x44 objdir/system_sam3u.o
 .debug_loc     0x00009ba6       0xb7 objdir/ui_cw305.o

.debug_aranges  0x00000000      0xd78
 .debug_aranges
                0x00000000       0x30 objdir/main_cw570.o
 .debug_aranges
                0x00000030       0xb8 objdir/usb.o
 .debug_aranges
                0x000000e8       0xb0 objdir/flash_efc.o
 .debug_aranges
                0x00000198      0x210 objdir/usart.o
 .debug_aranges
                0x000003a8       0x28 objdir/usb_xmem.o
 .debug_aranges
                0x000003d0       0xe8 objdir/smc.o
 .debug_aranges
                0x000004b8       0x48 objdir/pio_handler.o
 .debug_aranges
                0x00000500       0xf8 objdir/udphs_device.o
 .debug_aranges
                0x000005f8       0x20 objdir/write.o
 .debug_aranges
                0x00000618       0x28 objdir/led.o
 .debug_aranges
                0x00000640       0x20 objdir/startup_sam3u.o
 .debug_aranges
                0x00000660       0x40 objdir/sysclk.o
 .debug_aranges
                0x000006a0      0x1e0 objdir/pmc.o
 .debug_aranges
                0x00000880       0x48 objdir/udi_vendor.o
 .debug_aranges
                0x000008c8       0x80 objdir/efc.o
 .debug_aranges
                0x00000948      0x130 objdir/pio.o
 .debug_aranges
                0x00000a78       0x20 objdir/exceptions.o
 .debug_aranges
                0x00000a98       0x68 objdir/udc.o
 .debug_aranges
                0x00000b00       0x30 objdir/sleep.o
 .debug_aranges
                0x00000b30       0x60 objdir/syscalls.o
 .debug_aranges
                0x00000b90       0xe0 objdir/uart.o
 .debug_aranges
                0x00000c70       0x30 objdir/init.o
 .debug_aranges
                0x00000ca0       0x28 objdir/interrupt_sam_nvic.o
 .debug_aranges
                0x00000cc8       0x20 objdir/read.o
 .debug_aranges
                0x00000ce8       0x18 objdir/udi_vendor_desc.o
 .debug_aranges
                0x00000d00       0x30 objdir/system_sam3u.o
 .debug_aranges
                0x00000d30       0x18 objdir/sleepmgr.o
 .debug_aranges
                0x00000d48       0x30 objdir/ui_cw305.o

.debug_ranges   0x00000000     0x25a0
 .debug_ranges  0x00000000       0x98 objdir/main_cw570.o
 .debug_ranges  0x00000098      0x130 objdir/usb.o
 .debug_ranges  0x000001c8      0x1b0 objdir/flash_efc.o
 .debug_ranges  0x00000378      0x9f8 objdir/usart.o
 .debug_ranges  0x00000d70       0x18 objdir/usb_xmem.o
 .debug_ranges  0x00000d88       0xd8 objdir/smc.o
 .debug_ranges  0x00000e60       0xc0 objdir/pio_handler.o
 .debug_ranges  0x00000f20      0x9e8 objdir/udphs_device.o
 .debug_ranges  0x00001908       0x10 objdir/write.o
 .debug_ranges  0x00001918       0x18 objdir/led.o
 .debug_ranges  0x00001930       0x10 objdir/startup_sam3u.o
 .debug_ranges  0x00001940       0x30 objdir/sysclk.o
 .debug_ranges  0x00001970      0x1e8 objdir/pmc.o
 .debug_ranges  0x00001b58       0x38 objdir/udi_vendor.o
 .debug_ranges  0x00001b90       0x90 objdir/efc.o
 .debug_ranges  0x00001c20      0x3f8 objdir/pio.o
 .debug_ranges  0x00002018       0x10 objdir/exceptions.o
 .debug_ranges  0x00002028      0x308 objdir/udc.o
 .debug_ranges  0x00002330       0x80 objdir/sleep.o
 .debug_ranges  0x000023b0       0x50 objdir/syscalls.o
 .debug_ranges  0x00002400       0xd0 objdir/uart.o
 .debug_ranges  0x000024d0       0x68 objdir/init.o
 .debug_ranges  0x00002538       0x18 objdir/interrupt_sam_nvic.o
 .debug_ranges  0x00002550       0x10 objdir/read.o
 .debug_ranges  0x00002560       0x20 objdir/system_sam3u.o
 .debug_ranges  0x00002580       0x20 objdir/ui_cw305.o

.debug_macro    0x00000000    0x19330
 .debug_macro   0x00000000      0x7e9 objdir/main_cw570.o
 .debug_macro   0x000007e9      0x8e6 objdir/main_cw570.o
 .debug_macro   0x000010cf      0x16d objdir/main_cw570.o
 .debug_macro   0x0000123c      0x4b5 objdir/main_cw570.o
 .debug_macro   0x000016f1       0x76 objdir/main_cw570.o
 .debug_macro   0x00001767       0x16 objdir/main_cw570.o
 .debug_macro   0x0000177d      0x6e1 objdir/main_cw570.o
 .debug_macro   0x00001e5e       0x22 objdir/main_cw570.o
 .debug_macro   0x00001e80       0x87 objdir/main_cw570.o
 .debug_macro   0x00001f07       0x51 objdir/main_cw570.o
 .debug_macro   0x00001f58       0xef objdir/main_cw570.o
 .debug_macro   0x00002047       0x6a objdir/main_cw570.o
 .debug_macro   0x000020b1      0x1df objdir/main_cw570.o
 .debug_macro   0x00002290       0x20 objdir/main_cw570.o
 .debug_macro   0x000022b0       0x3a objdir/main_cw570.o
 .debug_macro   0x000022ea       0x18 objdir/main_cw570.o
 .debug_macro   0x00002302      0xb08 objdir/main_cw570.o
 .debug_macro   0x00002e0a      0x419 objdir/main_cw570.o
 .debug_macro   0x00003223      0x46f objdir/main_cw570.o
 .debug_macro   0x00003692      0x2b2 objdir/main_cw570.o
 .debug_macro   0x00003944      0x5d3 objdir/main_cw570.o
 .debug_macro   0x00003f17       0x82 objdir/main_cw570.o
 .debug_macro   0x00003f99       0x1c objdir/main_cw570.o
 .debug_macro   0x00003fb5      0x699 objdir/main_cw570.o
 .debug_macro   0x0000464e      0x4ba objdir/main_cw570.o
 .debug_macro   0x00004b08       0xbe objdir/main_cw570.o
 .debug_macro   0x00004bc6     0x233f objdir/main_cw570.o
 .debug_macro   0x00006f05      0x68d objdir/main_cw570.o
 .debug_macro   0x00007592      0xa5f objdir/main_cw570.o
 .debug_macro   0x00007ff1       0x7c objdir/main_cw570.o
 .debug_macro   0x0000806d      0x261 objdir/main_cw570.o
 .debug_macro   0x000082ce       0x58 objdir/main_cw570.o
 .debug_macro   0x00008326      0x9a5 objdir/main_cw570.o
 .debug_macro   0x00008ccb      0x246 objdir/main_cw570.o
 .debug_macro   0x00008f11      0x4dc objdir/main_cw570.o
 .debug_macro   0x000093ed      0x6b0 objdir/main_cw570.o
 .debug_macro   0x00009a9d      0x560 objdir/main_cw570.o
 .debug_macro   0x00009ffd      0x34a objdir/main_cw570.o
 .debug_macro   0x0000a347      0x289 objdir/main_cw570.o
 .debug_macro   0x0000a5d0      0x751 objdir/main_cw570.o
 .debug_macro   0x0000ad21      0x6b2 objdir/main_cw570.o
 .debug_macro   0x0000b3d3       0x76 objdir/main_cw570.o
 .debug_macro   0x0000b449       0x82 objdir/main_cw570.o
 .debug_macro   0x0000b4cb       0x76 objdir/main_cw570.o
 .debug_macro   0x0000b541       0x4c objdir/main_cw570.o
 .debug_macro   0x0000b58d       0xe2 objdir/main_cw570.o
 .debug_macro   0x0000b66f       0x88 objdir/main_cw570.o
 .debug_macro   0x0000b6f7       0x88 objdir/main_cw570.o
 .debug_macro   0x0000b77f      0x2c6 objdir/main_cw570.o
 .debug_macro   0x0000ba45       0xac objdir/main_cw570.o
 .debug_macro   0x0000baf1       0xac objdir/main_cw570.o
 .debug_macro   0x0000bb9d       0xac objdir/main_cw570.o
 .debug_macro   0x0000bc49      0x24f objdir/main_cw570.o
 .debug_macro   0x0000be98       0x7c objdir/main_cw570.o
 .debug_macro   0x0000bf14       0x70 objdir/main_cw570.o
 .debug_macro   0x0000bf84       0xee objdir/main_cw570.o
 .debug_macro   0x0000c072      0x162 objdir/main_cw570.o
 .debug_macro   0x0000c1d4       0x64 objdir/main_cw570.o
 .debug_macro   0x0000c238       0x88 objdir/main_cw570.o
 .debug_macro   0x0000c2c0       0x7c objdir/main_cw570.o
 .debug_macro   0x0000c33c       0x16 objdir/main_cw570.o
 .debug_macro   0x0000c352       0x22 objdir/main_cw570.o
 .debug_macro   0x0000c374       0x22 objdir/main_cw570.o
 .debug_macro   0x0000c396      0x112 objdir/main_cw570.o
 .debug_macro   0x0000c4a8      0x112 objdir/main_cw570.o
 .debug_macro   0x0000c5ba       0x1c objdir/main_cw570.o
 .debug_macro   0x0000c5d6       0x2e objdir/main_cw570.o
 .debug_macro   0x0000c604       0x22 objdir/main_cw570.o
 .debug_macro   0x0000c626       0x1c objdir/main_cw570.o
 .debug_macro   0x0000c642       0x58 objdir/main_cw570.o
 .debug_macro   0x0000c69a       0x10 objdir/main_cw570.o
 .debug_macro   0x0000c6aa      0x1d2 objdir/main_cw570.o
 .debug_macro   0x0000c87c      0x818 objdir/main_cw570.o
 .debug_macro   0x0000d094       0xcf objdir/main_cw570.o