   1              	 .cpu cortex-m3
   2              	 .eabi_attribute 20,1
   3              	 .eabi_attribute 21,1
   4              	 .eabi_attribute 23,3
   5              	 .eabi_attribute 24,1
   6              	 .eabi_attribute 25,1
   7              	 .eabi_attribute 26,1
   8              	 .eabi_attribute 30,6
   9              	 .eabi_attribute 34,1
  10              	 .eabi_attribute 18,4
  11              	 .file "exceptions.c"
  12              	 .text
  13              	.Ltext0:
  14              	 .cfi_sections .debug_frame
  15              	 .section .bss.cpu_irq_critical_section_counter,"aw",%nobits
  16              	 .align 2
  19              	cpu_irq_critical_section_counter:
  20 0000 00000000 	 .space 4
  21              	 .section .bss.cpu_irq_prev_interrupt_state,"aw",%nobits
  24              	cpu_irq_prev_interrupt_state:
  25 0000 00       	 .space 1
  26              	 .section .text.Dummy_Handler,"ax",%progbits
  27              	 .align 1
  28              	 .global Dummy_Handler
  29              	 .syntax unified
  30              	 .thumb
  31              	 .thumb_func
  32              	 .fpu softvfp
  34              	Dummy_Handler:
  35              	.LFB69:
  36              	 .file 1 ".././hal/sam3u1c/exceptions.c"
   1:.././hal/sam3u1c/exceptions.c **** /**
   2:.././hal/sam3u1c/exceptions.c ****  * \file
   3:.././hal/sam3u1c/exceptions.c ****  *
   4:.././hal/sam3u1c/exceptions.c ****  * \brief This file contains the default exception handlers.
   5:.././hal/sam3u1c/exceptions.c ****  *
   6:.././hal/sam3u1c/exceptions.c ****  * Copyright (c) 2011-2012 Atmel Corporation. All rights reserved.
   7:.././hal/sam3u1c/exceptions.c ****  *
   8:.././hal/sam3u1c/exceptions.c ****  * \asf_license_start
   9:.././hal/sam3u1c/exceptions.c ****  *
  10:.././hal/sam3u1c/exceptions.c ****  * \page License
  11:.././hal/sam3u1c/exceptions.c ****  *
  12:.././hal/sam3u1c/exceptions.c ****  * Redistribution and use in source and binary forms, with or without
  13:.././hal/sam3u1c/exceptions.c ****  * modification, are permitted provided that the following conditions are met:
  14:.././hal/sam3u1c/exceptions.c ****  *
  15:.././hal/sam3u1c/exceptions.c ****  * 1. Redistributions of source code must retain the above copyright notice,
  16:.././hal/sam3u1c/exceptions.c ****  *    this list of conditions and the following disclaimer.
  17:.././hal/sam3u1c/exceptions.c ****  *
  18:.././hal/sam3u1c/exceptions.c ****  * 2. Redistributions in binary form must reproduce the above copyright notice,
  19:.././hal/sam3u1c/exceptions.c ****  *    this list of conditions and the following disclaimer in the documentation
  20:.././hal/sam3u1c/exceptions.c ****  *    and/or other materials provided with the distribution.
  21:.././hal/sam3u1c/exceptions.c ****  *
  22:.././hal/sam3u1c/exceptions.c ****  * 3. The name of Atmel may not be used to endorse or promote products derived
  23:.././hal/sam3u1c/exceptions.c ****  *    from this software without specific prior written permission.
  24:.././hal/sam3u1c/exceptions.c ****  *
  25:.././hal/sam3u1c/exceptions.c ****  * 4. This software may only be redistributed and used in connection with an
  26:.././hal/sam3u1c/exceptions.c ****  *    Atmel microcontroller product.
  27:.././hal/sam3u1c/exceptions.c ****  *
  28:.././hal/sam3u1c/exceptions.c ****  * THIS SOFTWARE IS PROVIDED BY ATMEL "AS IS" AND ANY EXPRESS OR IMPLIED
  29:.././hal/sam3u1c/exceptions.c ****  * WARRANTIES, INCLUDING, BUT NOT LIMITED TO, THE IMPLIED WARRANTIES OF
  30:.././hal/sam3u1c/exceptions.c ****  * MERCHANTABILITY, FITNESS FOR A PARTICULAR PURPOSE AND NON-INFRINGEMENT ARE
  31:.././hal/sam3u1c/exceptions.c ****  * EXPRESSLY AND SPECIFICALLY DISCLAIMED. IN NO EVENT SHALL ATMEL BE LIABLE FOR
  32:.././hal/sam3u1c/exceptions.c ****  * ANY DIRECT, INDIRECT, INCIDENTAL, SPECIAL, EXEMPLARY, OR CONSEQUENTIAL
  33:.././hal/sam3u1c/exceptions.c ****  * DAMAGES (INCLUDING, BUT NOT LIMITED TO, PROCUREMENT OF SUBSTITUTE GOODS
  34:.././hal/sam3u1c/exceptions.c ****  * OR SERVICES; LOSS OF USE, DATA, OR PROFITS; OR BUSINESS INTERRUPTION)
  35:.././hal/sam3u1c/exceptions.c ****  * HOWEVER CAUSED AND ON ANY THEORY OF LIABILITY, WHETHER IN CONTRACT,
  36:.././hal/sam3u1c/exceptions.c ****  * STRICT LIABILITY, OR TORT (INCLUDING NEGLIGENCE OR OTHERWISE) ARISING IN
  37:.././hal/sam3u1c/exceptions.c ****  * ANY WAY OUT OF THE USE OF THIS SOFTWARE, EVEN IF ADVISED OF THE
  38:.././hal/sam3u1c/exceptions.c ****  * POSSIBILITY OF SUCH DAMAGE.
  39:.././hal/sam3u1c/exceptions.c ****  *
  40:.././hal/sam3u1c/exceptions.c ****  * \asf_license_stop
  41:.././hal/sam3u1c/exceptions.c ****  *
  42:.././hal/sam3u1c/exceptions.c ****  * \par Purpose
  43:.././hal/sam3u1c/exceptions.c ****  *
  44:.././hal/sam3u1c/exceptions.c ****  * This file provides basic support for Cortex-M processor based 
  45:.././hal/sam3u1c/exceptions.c ****  * microcontrollers.
  46:.././hal/sam3u1c/exceptions.c ****  *
  47:.././hal/sam3u1c/exceptions.c ****  * \note
  48:.././hal/sam3u1c/exceptions.c ****  * The exception handler has weak aliases.
  49:.././hal/sam3u1c/exceptions.c ****  * As they are weak aliases, any function with the same name will override
  50:.././hal/sam3u1c/exceptions.c ****  * this definition.
  51:.././hal/sam3u1c/exceptions.c ****  *
  52:.././hal/sam3u1c/exceptions.c ****  */
  53:.././hal/sam3u1c/exceptions.c **** 
  54:.././hal/sam3u1c/exceptions.c **** #include "exceptions.h"
  55:.././hal/sam3u1c/exceptions.c **** 
  56:.././hal/sam3u1c/exceptions.c **** /* @cond 0 */
  57:.././hal/sam3u1c/exceptions.c **** /**INDENT-OFF**/
  58:.././hal/sam3u1c/exceptions.c **** #ifdef __cplusplus
  59:.././hal/sam3u1c/exceptions.c **** extern "C" {
  60:.././hal/sam3u1c/exceptions.c **** #endif
  61:.././hal/sam3u1c/exceptions.c **** /**INDENT-ON**/
  62:.././hal/sam3u1c/exceptions.c **** /* @endcond */
  63:.././hal/sam3u1c/exceptions.c **** 
  64:.././hal/sam3u1c/exceptions.c **** #ifdef __GNUC__
  65:.././hal/sam3u1c/exceptions.c **** /* Cortex-M3 core handlers */
  66:.././hal/sam3u1c/exceptions.c **** void Reset_Handler(void) __attribute__ ((weak, alias("Dummy_Handler")));
  67:.././hal/sam3u1c/exceptions.c **** void NMI_Handler(void) __attribute__ ((weak, alias("Dummy_Handler")));
  68:.././hal/sam3u1c/exceptions.c **** void HardFault_Handler(void) __attribute__ ((weak, alias("Dummy_Handler")));
  69:.././hal/sam3u1c/exceptions.c **** void MemManage_Handler(void) __attribute__ ((weak, alias("Dummy_Handler")));
  70:.././hal/sam3u1c/exceptions.c **** void BusFault_Handler(void) __attribute__ ((weak, alias("Dummy_Handler")));
  71:.././hal/sam3u1c/exceptions.c **** void UsageFault_Handler(void) __attribute__ ((weak, alias("Dummy_Handler")));
  72:.././hal/sam3u1c/exceptions.c **** void SVC_Handler(void) __attribute__ ((weak, alias("Dummy_Handler")));
  73:.././hal/sam3u1c/exceptions.c **** void DebugMon_Handler(void) __attribute__ ((weak, alias("Dummy_Handler")));
  74:.././hal/sam3u1c/exceptions.c **** void PendSV_Handler(void) __attribute__ ((weak, alias("Dummy_Handler")));
  75:.././hal/sam3u1c/exceptions.c **** void SysTick_Handler(void) __attribute__ ((weak, alias("Dummy_Handler")));
  76:.././hal/sam3u1c/exceptions.c **** 
  77:.././hal/sam3u1c/exceptions.c **** /* Peripherals handlers */
  78:.././hal/sam3u1c/exceptions.c **** void SUPC_Handler(void) __attribute__ ((weak, alias("Dummy_Handler")));
  79:.././hal/sam3u1c/exceptions.c **** void RSTC_Handler(void) __attribute__ ((weak, alias("Dummy_Handler")));
  80:.././hal/sam3u1c/exceptions.c **** void RTC_Handler(void) __attribute__ ((weak, alias("Dummy_Handler")));
  81:.././hal/sam3u1c/exceptions.c **** void RTT_Handler(void) __attribute__ ((weak, alias("Dummy_Handler")));
  82:.././hal/sam3u1c/exceptions.c **** void WDT_Handler(void) __attribute__ ((weak, alias("Dummy_Handler")));
  83:.././hal/sam3u1c/exceptions.c **** void PMC_Handler(void) __attribute__ ((weak, alias("Dummy_Handler")));
  84:.././hal/sam3u1c/exceptions.c **** void EFC0_Handler(void) __attribute__ ((weak, alias("Dummy_Handler")));
  85:.././hal/sam3u1c/exceptions.c **** void EFC1_Handler(void) __attribute__ ((weak, alias("Dummy_Handler")));
  86:.././hal/sam3u1c/exceptions.c **** void UART_Handler(void) __attribute__ ((weak, alias("Dummy_Handler")));
  87:.././hal/sam3u1c/exceptions.c **** void SMC_Handler(void) __attribute__ ((weak, alias("Dummy_Handler")));
  88:.././hal/sam3u1c/exceptions.c **** void PIOA_Handler(void) __attribute__ ((weak, alias("Dummy_Handler")));
  89:.././hal/sam3u1c/exceptions.c **** void PIOB_Handler(void) __attribute__ ((weak, alias("Dummy_Handler")));
  90:.././hal/sam3u1c/exceptions.c **** #ifdef ID_PIOC
  91:.././hal/sam3u1c/exceptions.c **** void PIOC_Handler(void) __attribute__ ((weak, alias("Dummy_Handler")));
  92:.././hal/sam3u1c/exceptions.c **** #endif
  93:.././hal/sam3u1c/exceptions.c **** void USART0_Handler(void) __attribute__ ((weak, alias("Dummy_Handler")));
  94:.././hal/sam3u1c/exceptions.c **** void USART1_Handler(void) __attribute__ ((weak, alias("Dummy_Handler")));
  95:.././hal/sam3u1c/exceptions.c **** void USART2_Handler(void) __attribute__ ((weak, alias("Dummy_Handler")));
  96:.././hal/sam3u1c/exceptions.c **** #ifdef ID_USART3
  97:.././hal/sam3u1c/exceptions.c **** void USART3_Handler(void) __attribute__ ((weak, alias("Dummy_Handler")));
  98:.././hal/sam3u1c/exceptions.c **** #endif
  99:.././hal/sam3u1c/exceptions.c **** void HSMCI_Handler(void) __attribute__ ((weak, alias("Dummy_Handler")));
 100:.././hal/sam3u1c/exceptions.c **** void TWI0_Handler(void) __attribute__ ((weak, alias("Dummy_Handler")));
 101:.././hal/sam3u1c/exceptions.c **** void TWI1_Handler(void) __attribute__ ((weak, alias("Dummy_Handler")));
 102:.././hal/sam3u1c/exceptions.c **** void SPI_Handler(void) __attribute__ ((weak, alias("Dummy_Handler")));
 103:.././hal/sam3u1c/exceptions.c **** void SSC_Handler(void) __attribute__ ((weak, alias("Dummy_Handler")));
 104:.././hal/sam3u1c/exceptions.c **** void TC0_Handler(void) __attribute__ ((weak, alias("Dummy_Handler")));
 105:.././hal/sam3u1c/exceptions.c **** void TC1_Handler(void) __attribute__ ((weak, alias("Dummy_Handler")));
 106:.././hal/sam3u1c/exceptions.c **** void TC2_Handler(void) __attribute__ ((weak, alias("Dummy_Handler")));
 107:.././hal/sam3u1c/exceptions.c **** void PWM_Handler(void) __attribute__ ((weak, alias("Dummy_Handler")));
 108:.././hal/sam3u1c/exceptions.c **** void ADC12B_Handler(void) __attribute__ ((weak, alias("Dummy_Handler")));
 109:.././hal/sam3u1c/exceptions.c **** void ADC_Handler(void) __attribute__ ((weak, alias("Dummy_Handler")));
 110:.././hal/sam3u1c/exceptions.c **** void DMAC_Handler(void) __attribute__ ((weak, alias("Dummy_Handler")));
 111:.././hal/sam3u1c/exceptions.c **** void UDPHS_Handler(void) __attribute__ ((weak, alias("Dummy_Handler")));
 112:.././hal/sam3u1c/exceptions.c **** #endif /* __GNUC__ */
 113:.././hal/sam3u1c/exceptions.c **** 
 114:.././hal/sam3u1c/exceptions.c **** #ifdef __ICCARM__
 115:.././hal/sam3u1c/exceptions.c **** /* Cortex-M3 core handlers */
 116:.././hal/sam3u1c/exceptions.c **** #pragma weak Reset_Handler=Dummy_Handler
 117:.././hal/sam3u1c/exceptions.c **** #pragma weak NMI_Handler=Dummy_Handler
 118:.././hal/sam3u1c/exceptions.c **** #pragma weak HardFault_Handler=Dummy_Handler
 119:.././hal/sam3u1c/exceptions.c **** #pragma weak MemManage_Handler=Dummy_Handler
 120:.././hal/sam3u1c/exceptions.c **** #pragma weak BusFault_Handler=Dummy_Handler
 121:.././hal/sam3u1c/exceptions.c **** #pragma weak UsageFault_Handler=Dummy_Handler
 122:.././hal/sam3u1c/exceptions.c **** #pragma weak SVC_Handler=Dummy_Handler
 123:.././hal/sam3u1c/exceptions.c **** #pragma weak DebugMon_Handler=Dummy_Handler
 124:.././hal/sam3u1c/exceptions.c **** #pragma weak PendSV_Handler=Dummy_Handler
 125:.././hal/sam3u1c/exceptions.c **** #pragma weak SysTick_Handler=Dummy_Handler
 126:.././hal/sam3u1c/exceptions.c **** 
 127:.././hal/sam3u1c/exceptions.c **** /* Peripherals handlers */
 128:.././hal/sam3u1c/exceptions.c **** #pragma weak SUPC_Handler=Dummy_Handler
 129:.././hal/sam3u1c/exceptions.c **** #pragma weak RSTC_Handler=Dummy_Handler
 130:.././hal/sam3u1c/exceptions.c **** #pragma weak RTC_Handler=Dummy_Handler
 131:.././hal/sam3u1c/exceptions.c **** #pragma weak RTT_Handler=Dummy_Handler
 132:.././hal/sam3u1c/exceptions.c **** #pragma weak WDT_Handler=Dummy_Handler
 133:.././hal/sam3u1c/exceptions.c **** #pragma weak PMC_Handler=Dummy_Handler
 134:.././hal/sam3u1c/exceptions.c **** #pragma weak EFC0_Handler=Dummy_Handler
 135:.././hal/sam3u1c/exceptions.c **** #pragma weak EFC1_Handler=Dummy_Handler
 136:.././hal/sam3u1c/exceptions.c **** #pragma weak UART_Handler=Dummy_Handler
 137:.././hal/sam3u1c/exceptions.c **** #pragma weak SMC_Handler=Dummy_Handler
 138:.././hal/sam3u1c/exceptions.c **** #pragma weak PIOA_Handler=Dummy_Handler
 139:.././hal/sam3u1c/exceptions.c **** #pragma weak PIOB_Handler=Dummy_Handler
 140:.././hal/sam3u1c/exceptions.c **** #ifdef ID_PIOC
 141:.././hal/sam3u1c/exceptions.c **** #pragma weak PIOC_Handler=Dummy_Handler
 142:.././hal/sam3u1c/exceptions.c **** #endif
 143:.././hal/sam3u1c/exceptions.c **** #pragma weak USART0_Handler=Dummy_Handler
 144:.././hal/sam3u1c/exceptions.c **** #pragma weak USART1_Handler=Dummy_Handler
 145:.././hal/sam3u1c/exceptions.c **** #pragma weak USART2_Handler=Dummy_Handler
 146:.././hal/sam3u1c/exceptions.c **** #ifdef ID_USART3
 147:.././hal/sam3u1c/exceptions.c **** #pragma weak USART3_Handler=Dummy_Handler
 148:.././hal/sam3u1c/exceptions.c **** #endif
 149:.././hal/sam3u1c/exceptions.c **** #pragma weak HSMCI_Handler=Dummy_Handler
 150:.././hal/sam3u1c/exceptions.c **** #pragma weak TWI0_Handler=Dummy_Handler
 151:.././hal/sam3u1c/exceptions.c **** #pragma weak TWI1_Handler=Dummy_Handler
 152:.././hal/sam3u1c/exceptions.c **** #pragma weak SPI_Handler=Dummy_Handler
 153:.././hal/sam3u1c/exceptions.c **** #pragma weak SSC_Handler=Dummy_Handler
 154:.././hal/sam3u1c/exceptions.c **** #pragma weak TC0_Handler=Dummy_Handler
 155:.././hal/sam3u1c/exceptions.c **** #pragma weak TC1_Handler=Dummy_Handler
 156:.././hal/sam3u1c/exceptions.c **** #pragma weak TC2_Handler=Dummy_Handler
 157:.././hal/sam3u1c/exceptions.c **** #pragma weak PWM_Handler=Dummy_Handler
 158:.././hal/sam3u1c/exceptions.c **** #pragma weak ADC12B_Handler=Dummy_Handler
 159:.././hal/sam3u1c/exceptions.c **** #pragma weak ADC_Handler=Dummy_Handler
 160:.././hal/sam3u1c/exceptions.c **** #pragma weak DMAC_Handler=Dummy_Handler
 161:.././hal/sam3u1c/exceptions.c **** #pragma weak UDPHS_Handler=Dummy_Handler
 162:.././hal/sam3u1c/exceptions.c **** #endif /* __ICCARM__ */
 163:.././hal/sam3u1c/exceptions.c **** 
 164:.././hal/sam3u1c/exceptions.c **** /**
 165:.././hal/sam3u1c/exceptions.c ****  * \brief Default interrupt handler for unused IRQs.
 166:.././hal/sam3u1c/exceptions.c ****  */
 167:.././hal/sam3u1c/exceptions.c **** void Dummy_Handler(void)
 168:.././hal/sam3u1c/exceptions.c **** {
  37              	 .loc 1 168 0
  38              	 .cfi_startproc
  39              	 
  40              	 
  41              	 
  42 0000 80B4     	 push {r7}
  43              	.LCFI0:
  44              	 .cfi_def_cfa_offset 4
  45              	 .cfi_offset 7,-4
  46 0002 00AF     	 add r7,sp,#0
  47              	.LCFI1:
  48              	 .cfi_def_cfa_register 7
  49              	.L2:
 169:.././hal/sam3u1c/exceptions.c **** 	while (1) {
  50              	 .loc 1 169 0 discriminator 1
  51 0004 FEE7     	 b .L2
  52              	 .cfi_endproc
  53              	.LFE69:
  55              	 .weak UDPHS_Handler
  56              	 .thumb_set UDPHS_Handler,Dummy_Handler
  57              	 .weak DMAC_Handler
  58              	 .thumb_set DMAC_Handler,Dummy_Handler
  59              	 .weak ADC_Handler
  60              	 .thumb_set ADC_Handler,Dummy_Handler
  61              	 .weak ADC12B_Handler
  62              	 .thumb_set ADC12B_Handler,Dummy_Handler
  63              	 .weak PWM_Handler
  64              	 .thumb_set PWM_Handler,Dummy_Handler
  65              	 .weak TC2_Handler
  66              	 .thumb_set TC2_Handler,Dummy_Handler
  67              	 .weak TC1_Handler
  68              	 .thumb_set TC1_Handler,Dummy_Handler
  69              	 .weak TC0_Handler
  70              	 .thumb_set TC0_Handler,Dummy_Handler
  71              	 .weak SSC_Handler
  72              	 .thumb_set SSC_Handler,Dummy_Handler
  73              	 .weak SPI_Handler
  74              	 .thumb_set SPI_Handler,Dummy_Handler
  75              	 .weak TWI1_Handler
  76              	 .thumb_set TWI1_Handler,Dummy_Handler
  77              	 .weak TWI0_Handler
  78              	 .thumb_set TWI0_Handler,Dummy_Handler
  79              	 .weak HSMCI_Handler
  80              	 .thumb_set HSMCI_Handler,Dummy_Handler
  81              	 .weak USART2_Handler
  82              	 .thumb_set USART2_Handler,Dummy_Handler
  83              	 .weak USART1_Handler
  84              	 .thumb_set USART1_Handler,Dummy_Handler
  85              	 .weak USART0_Handler
  86              	 .thumb_set USART0_Handler,Dummy_Handler
  87              	 .weak PIOB_Handler
  88              	 .thumb_set PIOB_Handler,Dummy_Handler
  89              	 .weak PIOA_Handler
  90              	 .thumb_set PIOA_Handler,Dummy_Handler
  91              	 .weak SMC_Handler
  92              	 .thumb_set SMC_Handler,Dummy_Handler
  93              	 .weak UART_Handler
  94              	 .thumb_set UART_Handler,Dummy_Handler
  95              	 .weak EFC1_Handler
  96              	 .thumb_set EFC1_Handler,Dummy_Handler
  97              	 .weak EFC0_Handler
  98              	 .thumb_set EFC0_Handler,Dummy_Handler
  99              	 .weak PMC_Handler
 100              	 .thumb_set PMC_Handler,Dummy_Handler
 101              	 .weak WDT_Handler
 102              	 .thumb_set WDT_Handler,Dummy_Handler
 103              	 .weak RTT_Handler
 104              	 .thumb_set RTT_Handler,Dummy_Handler
 105              	 .weak RTC_Handler
 106              	 .thumb_set RTC_Handler,Dummy_Handler
 107              	 .weak RSTC_Handler
 108              	 .thumb_set RSTC_Handler,Dummy_Handler
 109              	 .weak SUPC_Handler
 110              	 .thumb_set SUPC_Handler,Dummy_Handler
 111              	 .weak SysTick_Handler
 112              	 .thumb_set SysTick_Handler,Dummy_Handler
 113              	 .weak PendSV_Handler
 114              	 .thumb_set PendSV_Handler,Dummy_Handler
 115              	 .weak DebugMon_Handler
 116              	 .thumb_set DebugMon_Handler,Dummy_Handler
 117              	 .weak SVC_Handler
 118              	 .thumb_set SVC_Handler,Dummy_Handler
 119              	 .weak UsageFault_Handler
 120              	 .thumb_set UsageFault_Handler,Dummy_Handler
 121              	 .weak BusFault_Handler
 122              	 .thumb_set BusFault_Handler,Dummy_Handler
 123              	 .weak MemManage_Handler
 124              	 .thumb_set MemManage_Handler,Dummy_Handler
 125              	 .weak HardFault_Handler
 126              	 .thumb_set HardFault_Handler,Dummy_Handler
 127              	 .weak NMI_Handler
 128              	 .thumb_set NMI_Handler,Dummy_Handler
 129              	 .weak Reset_Handler
 130              	 .thumb_set Reset_Handler,Dummy_Handler
 131              	 .text
 132              	.Letext0:
 133              	 .file 2 "c:\\program files (x86)\\gnu tools arm embedded\\7 2018-q2-update\\arm-none-eabi\\include\\machine\\_default_types.h"
 134              	 .file 3 "c:\\program files (x86)\\gnu tools arm embedded\\7 2018-q2-update\\arm-none-eabi\\include\\sys\\_stdint.h"
 135              	 .file 4 "c:\\program files (x86)\\gnu tools arm embedded\\7 2018-q2-update\\arm-none-eabi\\include\\sys\\lock.h"
 136              	 .file 5 "c:\\program files (x86)\\gnu tools arm embedded\\7 2018-q2-update\\arm-none-eabi\\include\\sys\\_types.h"
 137              	 .file 6 "c:\\program files (x86)\\gnu tools arm embedded\\7 2018-q2-update\\lib\\gcc\\arm-none-eabi\\7.3.1\\include\\stddef.h"
 138              	 .file 7 "c:\\program files (x86)\\gnu tools arm embedded\\7 2018-q2-update\\arm-none-eabi\\include\\sys\\reent.h"
 139              	 .file 8 ".././hal/sam3u1c/inc/core_cm3.h"
 140              	 .file 9 "c:\\program files (x86)\\gnu tools arm embedded\\7 2018-q2-update\\arm-none-eabi\\include\\stdlib.h"
 141              	 .file 10 ".././hal/sam3u1c/inc/interrupt/interrupt_sam_nvic.h"
 142              	 .file 11 ".././hal/sam3u1c/inc/system_sam3u.h"
DEFINED SYMBOLS
                            *ABS*:00000000 exceptions.c
    {standard input}:16     .bss.cpu_irq_critical_section_counter:00000000 $d
    {standard input}:19     .bss.cpu_irq_critical_section_counter:00000000 cpu_irq_critical_section_counter
    {standard input}:24     .bss.cpu_irq_prev_interrupt_state:00000000 cpu_irq_prev_interrupt_state
    {standard input}:25     .bss.cpu_irq_prev_interrupt_state:00000000 $d
    {standard input}:27     .text.Dummy_Handler:00000000 $t
    {standard input}:34     .text.Dummy_Handler:00000000 Dummy_Handler
    {standard input}:34     .text.Dummy_Handler:00000000 UDPHS_Handler
    {standard input}:34     .text.Dummy_Handler:00000000 DMAC_Handler
    {standard input}:34     .text.Dummy_Handler:00000000 ADC_Handler
    {standard input}:34     .text.Dummy_Handler:00000000 ADC12B_Handler
    {standard input}:34     .text.Dummy_Handler:00000000 PWM_Handler
    {standard input}:34     .text.Dummy_Handler:00000000 TC2_Handler
    {standard input}:34     .text.Dummy_Handler:00000000 TC1_Handler
    {standard input}:34     .text.Dummy_Handler:00000000 TC0_Handler
    {standard input}:34     .text.Dummy_Handler:00000000 SSC_Handler
    {standard input}:34     .text.Dummy_Handler:00000000 SPI_Handler
    {standard input}:34     .text.Dummy_Handler:00000000 TWI1_Handler
    {standard input}:34     .text.Dummy_Handler:00000000 TWI0_Handler
    {standard input}:34     .text.Dummy_Handler:00000000 HSMCI_Handler
    {standard input}:34     .text.Dummy_Handler:00000000 USART2_Handler
    {standard input}:34     .text.Dummy_Handler:00000000 USART1_Handler
    {standard input}:34     .text.Dummy_Handler:00000000 USART0_Handler
    {standard input}:34     .text.Dummy_Handler:00000000 PIOB_Handler
    {standard input}:34     .text.Dummy_Handler:00000000 PIOA_Handler
    {standard input}:34     .text.Dummy_Handler:00000000 SMC_Handler
    {standard input}:34     .text.Dummy_Handler:00000000 UART_Handler
    {standard input}:34     .text.Dummy_Handler:00000000 EFC1_Handler
    {standard input}:34     .text.Dummy_Handler:00000000 EFC0_Handler
    {standard input}:34     .text.Dummy_Handler:00000000 PMC_Handler
    {standard input}:34     .text.Dummy_Handler:00000000 WDT_Handler
    {standard input}:34     .text.Dummy_Handler:00000000 RTT_Handler
    {standard input}:34     .text.Dummy_Handler:00000000 RTC_Handler
    {standard input}:34     .text.Dummy_Handler:00000000 RSTC_Handler
    {standard input}:34     .text.Dummy_Handler:00000000 SUPC_Handler
    {standard input}:34     .text.Dummy_Handler:00000000 SysTick_Handler
    {standard input}:34     .text.Dummy_Handler:00000000 PendSV_Handler
    {standard input}:34     .text.Dummy_Handler:00000000 DebugMon_Handler
    {standard input}:34     .text.Dummy_Handler:00000000 SVC_Handler
    {standard input}:34     .text.Dummy_Handler:00000000 UsageFault_Handler
    {standard input}:34     .text.Dummy_Handler:00000000 BusFault_Handler
    {standard input}:34     .text.Dummy_Handler:00000000 MemManage_Handler
    {standard input}:34     .text.Dummy_Handler:00000000 HardFault_Handler
    {standard input}:34     .text.Dummy_Handler:00000000 NMI_Handler
    {standard input}:34     .text.Dummy_Handler:00000000 Reset_Handler
                           .group:00000000 wm4.0.7d8dd4860124405c65f5049e8a79afcb
                           .group:00000000 wm4._newlib_version.h.4.875b979a44719054cd750d0952ad3fd6
                           .group:00000000 wm4.features.h.33.5bd1eea2d80518b50f7af0b5ce6750e0
                           .group:00000000 wm4._default_types.h.15.247e5cd201eca3442cbf5404108c4935
                           .group:00000000 wm4._intsup.h.10.cce27fed8484c08a33f522034c30d2b5
                           .group:00000000 wm4._stdint.h.10.c24fa3af3bc1706662bb5593a907e841
                           .group:00000000 wm4.stdint.h.23.d53047a68f4a85177f80b422d52785ed
                           .group:00000000 wm4.sam3u1c.h.220.c0b54b5a55bc87791749ae17b1487779
                           .group:00000000 wm4.core_cm3.h.32.5c59c312db585622d253fdb887b0afb1
                           .group:00000000 wm4.core_cmInstr.h.25.d8165482ef3061013a2fc83e2d85f3d9
                           .group:00000000 wm4.core_cm3.h.127.b561404f2a159dc517b409bc244d16c1
                           .group:00000000 wm4.stddef.h.39.99b5021e28f91cdb161c889e07266673
                           .group:00000000 wm4.parts.h.45.afc900689b2c82332e69d798acedc875
                           .group:00000000 wm4.tpaste.h.45.af3ee36765243b162c88f7f944858426
                           .group:00000000 wm4.stringz.h.45.c4f6cbe0005e6c1d2139bc6c0e4f4722
                           .group:00000000 wm4.mrepeat.h.59.c5daaed201a4340b0edf435161d0b77f
                           .group:00000000 wm4.newlib.h.8.f6e543eac3f2f65163ba2ffe3b04987b
                           .group:00000000 wm4.ieeefp.h.77.220d9cccac42cd58761758bee2df4ce6
                           .group:00000000 wm4.config.h.220.6cac6a9685cfce5e83c17784171638d9
                           .group:00000000 wm4._ansi.h.31.de524f58584151836e90d8620a16f8e8
                           .group:00000000 wm4.stdio.h.31.7c0e28c411445f3f9c5b11accf882760
                           .group:00000000 wm4.stddef.h.161.19e15733342b50ead2919490b095303e
                           .group:00000000 wm4.cdefs.h.47.14fad0b327eb9dcf106599b738d85132
                           .group:00000000 wm4.stdarg.h.34.3a23a216c0c293b3d2ea2e89281481e6
                           .group:00000000 wm4.lock.h.2.1461d1fff82dffe8bfddc23307f6484f
                           .group:00000000 wm4._types.h.125.5cf8a495f1f7ef36777ad868a1e32068
                           .group:00000000 wm4.stddef.h.161.5349cb105733e8777bfb0cf53c4e3f34
                           .group:00000000 wm4._types.h.184.03611d4f6b5bec9997bcf4279eceba07
                           .group:00000000 wm4.reent.h.17.90c2574d4acdcfce933db5cb09ff35fe
                           .group:00000000 wm4.types.h.40.e8c16e7ec36ba55f133d0616070e25fc
                           .group:00000000 wm4._endian.h.31.65a10590763c3dde1ac4a7f66d7d4891
                           .group:00000000 wm4.endian.h.9.49f3a4695c1b61e8a0808de3c4a106cb
                           .group:00000000 wm4._timeval.h.30.0e8bfd94e85db17dda3286ee81496fe6
                           .group:00000000 wm4.timespec.h.41.d855182eb0e690443ab8651bcedca6e1
                           .group:00000000 wm4.select.h.19.97ca6fd0c752a0f3b6719fd314d361e6
                           .group:00000000 wm4.types.h.69.ed3eae3cf73030a737515151ebcab7a1
                           .group:00000000 wm4.sched.h.22.c60982713a5c428609783c78f9c78d95
                           .group:00000000 wm4._pthreadtypes.h.36.fcee9961c35163dde6267ef772ad1972
                           .group:00000000 wm4.stdio.h.2.4aa87247282eca6c8f36f9de33d8df1a
                           .group:00000000 wm4.stdio.h.81.932d0c162786b883f622b8d05c120c78
                           .group:00000000 wm4.stdbool.h.29.07dce69c3b78884144b7f7bd19483461
                           .group:00000000 wm4.stdlib.h.13.4ed386f5c1a80d71e72172885d946ef2
                           .group:00000000 wm4.alloca.h.8.dfc0c703c47ec3e69746825b17d9e66d
                           .group:00000000 wm4.stdlib.h.56.d4493cd3736e51e9d56335045f26df45
                           .group:00000000 wm4.compiler.h.88.0e6ad966134fa012ce9a34053d3f48aa
                           .group:00000000 wm4.interrupt_sam_nvic.h.84.12b72da0cfda407ab49bd5ed390be386
                           .group:00000000 wm4.compiler.h.425.66dd29c210af3287ed85ec3553a3e6b1
                           .group:00000000 wm4.component_adc.h.43.d49887380d07d1cd08cc4e37b3485e31
                           .group:00000000 wm4.component_adc12b.h.43.eadc09f1073923fb91f1f393cc397dcb
                           .group:00000000 wm4.component_chipid.h.43.15825c969b1cc9eeea3d9416499874c8
                           .group:00000000 wm4.component_dmac.h.43.cc8187b1cf6bfeadc91b14fdd28b9e8b
                           .group:00000000 wm4.component_efc.h.43.cb1b3997ad9ea3733ad421ecbfd02fdd
                           .group:00000000 wm4.component_gpbr.h.43.49b7e13894fe38b29f2243bbbe530227
                           .group:00000000 wm4.component_hsmci.h.43.7b7194c92e1480c038f3342f7cec440a
                           .group:00000000 wm4.component_matrix.h.43.1d209838fb75b4827119203a357141ee
                           .group:00000000 wm4.component_pdc.h.43.19528a5f9ef5a348234ea06f89069c55
                           .group:00000000 wm4.component_pio.h.43.163b46c3683ccf92e8de39a5554f50e8
                           .group:00000000 wm4.component_pmc.h.43.ee4f030602866917aeed15fb2b948de8
                           .group:00000000 wm4.component_pwm.h.43.ab6262a86f0aea354b43fe6dce7e7eb3
                           .group:00000000 wm4.component_rstc.h.43.4eb59dc2ddcf585fabf251d0c329fcdd
                           .group:00000000 wm4.component_rtc.h.43.ba8ccafc772b11d562a3cceab8b95072
                           .group:00000000 wm4.component_rtt.h.43.3206ef8f067e5e747c3c4c7e719c1429
                           .group:00000000 wm4.component_smc.h.43.907847915f1a5616734199d7e34424fa
                           .group:00000000 wm4.component_spi.h.43.a2a09df64ab768c0a32be55285c74ded
                           .group:00000000 wm4.component_ssc.h.43.d7c78f990c13fc511671b64798c4bcd0
                           .group:00000000 wm4.component_supc.h.43.7d17f8e5ed3ba815e84381152735062f
                           .group:00000000 wm4.component_tc.h.43.662eac8137408372b4f9d26c0b5f8621
                           .group:00000000 wm4.component_twi.h.43.eda18625bd851fc4605861f5b3240c0b
                           .group:00000000 wm4.component_uart.h.43.2d92735c5ea05c973661e1ba99a2f37c
                           .group:00000000 wm4.component_udphs.h.43.21cecd26a4e44df0013037f29f2716e4
                           .group:00000000 wm4.component_usart.h.43.7872f8f455adb38b67b9fbdb15657fbe
                           .group:00000000 wm4.component_wdt.h.43.e31e10a5469b62c3660b49ab250f802f
                           .group:00000000 wm4.instance_hsmci.h.43.e233236cc7fd5a805539a7ecc0e1d8d2
                           .group:00000000 wm4.instance_ssc.h.43.c0cfabc3b9f3bb60745c913111bce965
                           .group:00000000 wm4.instance_spi.h.43.570ae46af19e4179d9796872b9a8b9bc
                           .group:00000000 wm4.instance_tc0.h.43.049b3a82387d2961594190609e896a29
                           .group:00000000 wm4.instance_twi0.h.43.255dc0afa9e0d45eaea0a935eca2f103
                           .group:00000000 wm4.instance_twi1.h.43.652d1d407893f259f2a817544ba662c2
                           .group:00000000 wm4.instance_pwm.h.43.88294acec3ca56d6fc521038521a1567
                           .group:00000000 wm4.instance_usart0.h.43.e26677512aee3dd3bedd71d394410000
                           .group:00000000 wm4.instance_usart1.h.43.1ba97dbc6610d9fb3132b9d845688201
                           .group:00000000 wm4.instance_usart2.h.43.baa1bf30b3c5acdee90c4a1f50fe9ebd
                           .group:00000000 wm4.instance_udphs.h.43.b1ce94181e0d1f22877b81c6040a4363
                           .group:00000000 wm4.instance_adc12b.h.43.d73ed59e867ccdfdb846d9ef32a50c0c
                           .group:00000000 wm4.instance_adc.h.43.2b7611a00afeb4c555339b844d4b8456
                           .group:00000000 wm4.instance_dmac.h.43.ee72691d84889c8f285932be4a075ddb
                           .group:00000000 wm4.instance_smc.h.43.29610fd00979caaaa65821ad40e9da06
                           .group:00000000 wm4.instance_matrix.h.43.01ee474141594385374c41a29daeeefe
                           .group:00000000 wm4.instance_pmc.h.43.37430325ed7b8b24c3fe640c41c29ef5
                           .group:00000000 wm4.instance_uart.h.43.bd378395ba022bc8670c82ebe656fbbd
                           .group:00000000 wm4.instance_chipid.h.43.29cd8fb600f149aa58830fcc78fe36f9
                           .group:00000000 wm4.instance_efc0.h.43.6b85dba20721a7e9fc4350e78d193680
                           .group:00000000 wm4.instance_efc1.h.43.2c5e94fc4d2742678318d73450d08d57
                           .group:00000000 wm4.instance_pioa.h.43.eeb46cc3bfe01a1f28e67aa3a6851ed8
                           .group:00000000 wm4.instance_piob.h.43.652ce26b6c37ac56f9ed42a9216d9aca
                           .group:00000000 wm4.instance_rstc.h.43.c5de224364a50a85f237c0b864aa4c8f
                           .group:00000000 wm4.instance_supc.h.43.a5f1a5ca08f468ccf34ed3653e045f1f
                           .group:00000000 wm4.instance_rtt.h.43.8622b192c23334996132415e3095df7f
                           .group:00000000 wm4.instance_wdt.h.43.407ea53e133eacf09acf2c7fcb6b7524
                           .group:00000000 wm4.instance_rtc.h.43.f70b77f9180401c8d9d920cb4a1cd166
                           .group:00000000 wm4.instance_gpbr.h.43.9066cb40d557f6755101368854272348
                           .group:00000000 wm4.sam3u1c.h.312.ae446d8e874d34ca3df78faf190c678f
                           .group:00000000 wm4.pio_sam3u1c.h.43.18b24f16e1710ff2a400d88fe33c5107
                           .group:00000000 wm4.sam3u1c.h.442.cd4bbc3af493e98bc9b60c2905132ed0

NO UNDEFINED SYMBOLS
