   1              	 .cpu cortex-m3
   2              	 .eabi_attribute 20,1
   3              	 .eabi_attribute 21,1
   4              	 .eabi_attribute 23,3
   5              	 .eabi_attribute 24,1
   6              	 .eabi_attribute 25,1
   7              	 .eabi_attribute 26,1
   8              	 .eabi_attribute 30,6
   9              	 .eabi_attribute 34,1
  10              	 .eabi_attribute 18,4
  11              	 .file "usb_xmem.c"
  12              	 .text
  13              	.Ltext0:
  14              	 .cfi_sections .debug_frame
  15              	 .section .bss.cpu_irq_critical_section_counter,"aw",%nobits
  16              	 .align 2
  19              	cpu_irq_critical_section_counter:
  20 0000 00000000 	 .space 4
  21              	 .section .bss.cpu_irq_prev_interrupt_state,"aw",%nobits
  24              	cpu_irq_prev_interrupt_state:
  25 0000 00       	 .space 1
  26              	 .global xram
  27              	 .section .data.xram,"aw"
  28              	 .align 2
  31              	xram:
  32 0000 00000060 	 .word 1610612736
  33              	 .section .bss._fpga_locked,"aw",%nobits
  36              	_fpga_locked:
  37 0000 00       	 .space 1
  38              	 .section .text.FPGA_setlock,"ax",%progbits
  39              	 .align 1
  40              	 .global FPGA_setlock
  41              	 .arch armv7-m
  42              	 .syntax unified
  43              	 .thumb
  44              	 .thumb_func
  45              	 .fpu softvfp
  47              	FPGA_setlock:
  48              	.LFB181:
  49              	 .file 1 "usb_xmem.c"
   1:usb_xmem.c    **** /*
   2:usb_xmem.c    ****  Copyright (c) 2015 NewAE Technology Inc. All rights reserved.
   3:usb_xmem.c    **** 
   4:usb_xmem.c    ****  This program is free software: you can redistribute it and/or modify
   5:usb_xmem.c    ****  it under the terms of the GNU General Public License as published by
   6:usb_xmem.c    ****  the Free Software Foundation, either version 3 of the License, or
   7:usb_xmem.c    ****  (at your option) any later version.
   8:usb_xmem.c    **** 
   9:usb_xmem.c    ****  This program is distributed in the hope that it will be useful,
  10:usb_xmem.c    ****  but WITHOUT ANY WARRANTY; without even the implied warranty of
  11:usb_xmem.c    ****  MERCHANTABILITY or FITNESS FOR A PARTICULAR PURPOSE.  See the
  12:usb_xmem.c    ****  GNU General Public License for more details.
  13:usb_xmem.c    **** 
  14:usb_xmem.c    ****  You should have received a copy of the GNU General Public License
  15:usb_xmem.c    ****  along with this program.  If not, see <http://www.gnu.org/licenses/>.
  16:usb_xmem.c    ****  */
  17:usb_xmem.c    **** 
  18:usb_xmem.c    **** #include <asf.h>
  19:usb_xmem.c    **** #include "usb_xmem.h"
  20:usb_xmem.c    **** 
  21:usb_xmem.c    **** /* Access pointer for FPGA Interface */
  22:usb_xmem.c    **** uint8_t volatile *xram = (uint8_t *) PSRAM_BASE_ADDRESS;
  23:usb_xmem.c    **** 
  24:usb_xmem.c    **** static volatile fpga_lockstatus_t _fpga_locked = fpga_unlocked;
  25:usb_xmem.c    **** 
  26:usb_xmem.c    **** int FPGA_setlock(fpga_lockstatus_t lockstatus)
  27:usb_xmem.c    **** {
  50              	 .loc 1 27 1
  51              	 .cfi_startproc
  52              	 
  53              	 
  54 0000 80B5     	 push {r7,lr}
  55              	.LCFI0:
  56              	 .cfi_def_cfa_offset 8
  57              	 .cfi_offset 7,-8
  58              	 .cfi_offset 14,-4
  59 0002 84B0     	 sub sp,sp,#16
  60              	.LCFI1:
  61              	 .cfi_def_cfa_offset 24
  62 0004 00AF     	 add r7,sp,#0
  63              	.LCFI2:
  64              	 .cfi_def_cfa_register 7
  65 0006 0346     	 mov r3,r0
  66 0008 FB71     	 strb r3,[r7,#7]
  28:usb_xmem.c    ****   int ret = 0;
  67              	 .loc 1 28 7
  68 000a 0023     	 movs r3,#0
  69 000c FB60     	 str r3,[r7,#12]
  29:usb_xmem.c    ****   cpu_irq_enter_critical();
  70              	 .loc 1 29 3
  71 000e 094B     	 ldr r3,.L4
  72 0010 9847     	 blx r3
  73              	.LVL0:
  30:usb_xmem.c    ****   if (_fpga_locked == fpga_unlocked)
  74              	 .loc 1 30 20
  75 0012 094B     	 ldr r3,.L4+4
  76 0014 1B78     	 ldrb r3,[r3]
  77 0016 DBB2     	 uxtb r3,r3
  78              	 .loc 1 30 6
  79 0018 002B     	 cmp r3,#0
  80 001a 04D1     	 bne .L2
  31:usb_xmem.c    ****   {
  32:usb_xmem.c    ****     ret = 1;
  81              	 .loc 1 32 9
  82 001c 0123     	 movs r3,#1
  83 001e FB60     	 str r3,[r7,#12]
  33:usb_xmem.c    ****     _fpga_locked = lockstatus;
  84              	 .loc 1 33 18
  85 0020 054A     	 ldr r2,.L4+4
  86 0022 FB79     	 ldrb r3,[r7,#7]
  87 0024 1370     	 strb r3,[r2]
  88              	.L2:
  34:usb_xmem.c    ****   }
  35:usb_xmem.c    ****   cpu_irq_leave_critical();
  89              	 .loc 1 35 3
  90 0026 054B     	 ldr r3,.L4+8
  91 0028 9847     	 blx r3
  92              	.LVL1:
  36:usb_xmem.c    ****   return ret;
  93              	 .loc 1 36 10
  94 002a FB68     	 ldr r3,[r7,#12]
  37:usb_xmem.c    **** }
  95              	 .loc 1 37 1
  96 002c 1846     	 mov r0,r3
  97 002e 1037     	 adds r7,r7,#16
  98              	.LCFI3:
  99              	 .cfi_def_cfa_offset 8
 100 0030 BD46     	 mov sp,r7
 101              	.LCFI4:
 102              	 .cfi_def_cfa_register 13
 103              	 
 104 0032 80BD     	 pop {r7,pc}
 105              	.L5:
 106              	 .align 2
 107              	.L4:
 108 0034 00000000 	 .word cpu_irq_enter_critical
 109 0038 00000000 	 .word _fpga_locked
 110 003c 00000000 	 .word cpu_irq_leave_critical
 111              	 .cfi_endproc
 112              	.LFE181:
 114              	 .section .text.FPGA_releaselock,"ax",%progbits
 115              	 .align 1
 116              	 .global FPGA_releaselock
 117              	 .syntax unified
 118              	 .thumb
 119              	 .thumb_func
 120              	 .fpu softvfp
 122              	FPGA_releaselock:
 123              	.LFB182:
  38:usb_xmem.c    **** 
  39:usb_xmem.c    **** void FPGA_releaselock(void)
  40:usb_xmem.c    **** {
 124              	 .loc 1 40 1
 125              	 .cfi_startproc
 126              	 
 127              	 
 128              	 
 129 0000 80B4     	 push {r7}
 130              	.LCFI5:
 131              	 .cfi_def_cfa_offset 4
 132              	 .cfi_offset 7,-4
 133 0002 00AF     	 add r7,sp,#0
 134              	.LCFI6:
 135              	 .cfi_def_cfa_register 7
  41:usb_xmem.c    ****   _fpga_locked = fpga_unlocked;
 136              	 .loc 1 41 16
 137 0004 034B     	 ldr r3,.L7
 138 0006 0022     	 movs r2,#0
 139 0008 1A70     	 strb r2,[r3]
  42:usb_xmem.c    **** }
 140              	 .loc 1 42 1
 141 000a 00BF     	 nop
 142 000c BD46     	 mov sp,r7
 143              	.LCFI7:
 144              	 .cfi_def_cfa_register 13
 145              	 
 146 000e 80BC     	 pop {r7}
 147              	.LCFI8:
 148              	 .cfi_restore 7
 149              	 .cfi_def_cfa_offset 0
 150 0010 7047     	 bx lr
 151              	.L8:
 152 0012 00BF     	 .align 2
 153              	.L7:
 154 0014 00000000 	 .word _fpga_locked
 155              	 .cfi_endproc
 156              	.LFE182:
 158              	 .section .text.FPGA_lockstatus,"ax",%progbits
 159              	 .align 1
 160              	 .global FPGA_lockstatus
 161              	 .syntax unified
 162              	 .thumb
 163              	 .thumb_func
 164              	 .fpu softvfp
 166              	FPGA_lockstatus:
 167              	.LFB183:
  43:usb_xmem.c    **** 
  44:usb_xmem.c    **** fpga_lockstatus_t FPGA_lockstatus(void)
  45:usb_xmem.c    **** {
 168              	 .loc 1 45 1
 169              	 .cfi_startproc
 170              	 
 171              	 
 172              	 
 173 0000 80B4     	 push {r7}
 174              	.LCFI9:
 175              	 .cfi_def_cfa_offset 4
 176              	 .cfi_offset 7,-4
 177 0002 00AF     	 add r7,sp,#0
 178              	.LCFI10:
 179              	 .cfi_def_cfa_register 7
  46:usb_xmem.c    ****   return _fpga_locked;
 180              	 .loc 1 46 10
 181 0004 034B     	 ldr r3,.L11
 182 0006 1B78     	 ldrb r3,[r3]
 183 0008 DBB2     	 uxtb r3,r3
  47:usb_xmem.c    **** }
 184              	 .loc 1 47 1
 185 000a 1846     	 mov r0,r3
 186 000c BD46     	 mov sp,r7
 187              	.LCFI11:
 188              	 .cfi_def_cfa_register 13
 189              	 
 190 000e 80BC     	 pop {r7}
 191              	.LCFI12:
 192              	 .cfi_restore 7
 193              	 .cfi_def_cfa_offset 0
 194 0010 7047     	 bx lr
 195              	.L12:
 196 0012 00BF     	 .align 2
 197              	.L11:
 198 0014 00000000 	 .word _fpga_locked
 199              	 .cfi_endproc
 200              	.LFE183:
 202              	 .section .text.try_enter_cs,"ax",%progbits
 203              	 .align 1
 204              	 .global try_enter_cs
 205              	 .syntax unified
 206              	 .thumb
 207              	 .thumb_func
 208              	 .fpu softvfp
 210              	try_enter_cs:
 211              	.LFB184:
  48:usb_xmem.c    **** 
  49:usb_xmem.c    **** int try_enter_cs(void)
  50:usb_xmem.c    **** {
 212              	 .loc 1 50 1
 213              	 .cfi_startproc
 214              	 
 215              	 
 216 0000 80B5     	 push {r7,lr}
 217              	.LCFI13:
 218              	 .cfi_def_cfa_offset 8
 219              	 .cfi_offset 7,-8
 220              	 .cfi_offset 14,-4
 221 0002 00AF     	 add r7,sp,#0
 222              	.LCFI14:
 223              	 .cfi_def_cfa_register 7
  51:usb_xmem.c    ****   // Try to get the lock
  52:usb_xmem.c    ****   cpu_irq_enter_critical();
 224              	 .loc 1 52 3
 225 0004 074B     	 ldr r3,.L16
 226 0006 9847     	 blx r3
 227              	.LVL2:
  53:usb_xmem.c    ****   if(FPGA_setlock(fpga_generic))
 228              	 .loc 1 53 6
 229 0008 0120     	 movs r0,#1
 230 000a 074B     	 ldr r3,.L16+4
 231 000c 9847     	 blx r3
 232              	.LVL3:
 233 000e 0346     	 mov r3,r0
 234              	 .loc 1 53 5
 235 0010 002B     	 cmp r3,#0
 236 0012 01D0     	 beq .L14
  54:usb_xmem.c    ****     return 1;
 237              	 .loc 1 54 12
 238 0014 0123     	 movs r3,#1
 239 0016 02E0     	 b .L15
 240              	.L14:
  55:usb_xmem.c    **** 
  56:usb_xmem.c    ****   // If we didn't get it, revert back
  57:usb_xmem.c    ****   cpu_irq_leave_critical();
 241              	 .loc 1 57 3
 242 0018 044B     	 ldr r3,.L16+8
 243 001a 9847     	 blx r3
 244              	.LVL4:
  58:usb_xmem.c    ****   return 0;
 245              	 .loc 1 58 10
 246 001c 0023     	 movs r3,#0
 247              	.L15:
  59:usb_xmem.c    **** }
 248              	 .loc 1 59 1
 249 001e 1846     	 mov r0,r3
 250 0020 80BD     	 pop {r7,pc}
 251              	.L17:
 252 0022 00BF     	 .align 2
 253              	.L16:
 254 0024 00000000 	 .word cpu_irq_enter_critical
 255 0028 00000000 	 .word FPGA_setlock
 256 002c 00000000 	 .word cpu_irq_leave_critical
 257              	 .cfi_endproc
 258              	.LFE184:
 260              	 .section .text.exit_cs,"ax",%progbits
 261              	 .align 1
 262              	 .global exit_cs
 263              	 .syntax unified
 264              	 .thumb
 265              	 .thumb_func
 266              	 .fpu softvfp
 268              	exit_cs:
 269              	.LFB185:
  60:usb_xmem.c    **** 
  61:usb_xmem.c    **** void exit_cs(void)
  62:usb_xmem.c    **** {
 270              	 .loc 1 62 1
 271              	 .cfi_startproc
 272              	 
 273              	 
 274 0000 80B5     	 push {r7,lr}
 275              	.LCFI15:
 276              	 .cfi_def_cfa_offset 8
 277              	 .cfi_offset 7,-8
 278              	 .cfi_offset 14,-4
 279 0002 00AF     	 add r7,sp,#0
 280              	.LCFI16:
 281              	 .cfi_def_cfa_register 7
  63:usb_xmem.c    ****   FPGA_releaselock();
 282              	 .loc 1 63 3
 283 0004 024B     	 ldr r3,.L19
 284 0006 9847     	 blx r3
 285              	.LVL5:
  64:usb_xmem.c    ****   cpu_irq_leave_critical();
 286              	 .loc 1 64 3
 287 0008 024B     	 ldr r3,.L19+4
 288 000a 9847     	 blx r3
 289              	.LVL6:
  65:usb_xmem.c    **** }
 290              	 .loc 1 65 1
 291 000c 00BF     	 nop
 292 000e 80BD     	 pop {r7,pc}
 293              	.L20:
 294              	 .align 2
 295              	.L19:
 296 0010 00000000 	 .word FPGA_releaselock
 297 0014 00000000 	 .word cpu_irq_leave_critical
 298              	 .cfi_endproc
 299              	.LFE185:
 301              	 .section .text.FPGA_setaddr,"ax",%progbits
 302              	 .align 1
 303              	 .global FPGA_setaddr
 304              	 .syntax unified
 305              	 .thumb
 306              	 .thumb_func
 307              	 .fpu softvfp
 309              	FPGA_setaddr:
 310              	.LFB186:
  66:usb_xmem.c    **** 
  67:usb_xmem.c    **** void FPGA_setaddr(uint32_t addr)
  68:usb_xmem.c    **** {
 311              	 .loc 1 68 1
 312              	 .cfi_startproc
 313              	 
 314              	 
 315 0000 80B5     	 push {r7,lr}
 316              	.LCFI17:
 317              	 .cfi_def_cfa_offset 8
 318              	 .cfi_offset 7,-8
 319              	 .cfi_offset 14,-4
 320 0002 82B0     	 sub sp,sp,#8
 321              	.LCFI18:
 322              	 .cfi_def_cfa_offset 16
 323 0004 00AF     	 add r7,sp,#0
 324              	.LCFI19:
 325              	 .cfi_def_cfa_register 7
 326 0006 7860     	 str r0,[r7,#4]
  69:usb_xmem.c    ****   pio_sync_output_write(FPGA_ADDR_PORT, addr);
 327              	 .loc 1 69 3
 328 0008 7968     	 ldr r1,[r7,#4]
 329 000a 0648     	 ldr r0,.L22
 330 000c 064B     	 ldr r3,.L22+4
 331 000e 9847     	 blx r3
 332              	.LVL7:
  70:usb_xmem.c    ****   gpio_set_pin_low(PIN_EBI_USB_SPARE1);
 333              	 .loc 1 70 3
 334 0010 3120     	 movs r0,#49
 335 0012 064B     	 ldr r3,.L22+8
 336 0014 9847     	 blx r3
 337              	.LVL8:
  71:usb_xmem.c    ****   gpio_set_pin_high(PIN_EBI_USB_SPARE1);
 338              	 .loc 1 71 3
 339 0016 3120     	 movs r0,#49
 340 0018 054B     	 ldr r3,.L22+12
 341 001a 9847     	 blx r3
 342              	.LVL9:
  72:usb_xmem.c    **** }
 343              	 .loc 1 72 1
 344 001c 00BF     	 nop
 345 001e 0837     	 adds r7,r7,#8
 346              	.LCFI20:
 347              	 .cfi_def_cfa_offset 8
 348 0020 BD46     	 mov sp,r7
 349              	.LCFI21:
 350              	 .cfi_def_cfa_register 13
 351              	 
 352 0022 80BD     	 pop {r7,pc}
 353              	.L23:
 354              	 .align 2
 355              	.L22:
 356 0024 000E0E40 	 .word 1074662912
 357 0028 00000000 	 .word pio_sync_output_write
 358 002c 00000000 	 .word pio_set_pin_low
 359 0030 00000000 	 .word pio_set_pin_high
 360              	 .cfi_endproc
 361              	.LFE186:
 363              	 .section .text.unsafe_readuint32,"ax",%progbits
 364              	 .align 1
 365              	 .global unsafe_readuint32
 366              	 .syntax unified
 367              	 .thumb
 368              	 .thumb_func
 369              	 .fpu softvfp
 371              	unsafe_readuint32:
 372              	.LFB187:
  73:usb_xmem.c    **** 
  74:usb_xmem.c    **** /*
  75:usb_xmem.c    **** Read four bytes from a given register, return as 32-bit number.
  76:usb_xmem.c    **** 
  77:usb_xmem.c    **** "Unsafe" as doesn't check/modify locking status.
  78:usb_xmem.c    **** */
  79:usb_xmem.c    **** uint32_t unsafe_readuint32(uint16_t fpgaaddr)
  80:usb_xmem.c    **** {
 373              	 .loc 1 80 1
 374              	 .cfi_startproc
 375              	 
 376              	 
 377 0000 80B5     	 push {r7,lr}
 378              	.LCFI22:
 379              	 .cfi_def_cfa_offset 8
 380              	 .cfi_offset 7,-8
 381              	 .cfi_offset 14,-4
 382 0002 84B0     	 sub sp,sp,#16
 383              	.LCFI23:
 384              	 .cfi_def_cfa_offset 24
 385 0004 00AF     	 add r7,sp,#0
 386              	.LCFI24:
 387              	 .cfi_def_cfa_register 7
 388 0006 0346     	 mov r3,r0
 389 0008 FB80     	 strh r3,[r7,#6]
  81:usb_xmem.c    ****   uint32_t data;
  82:usb_xmem.c    **** 
  83:usb_xmem.c    ****   FPGA_setaddr(fpgaaddr);
 390              	 .loc 1 83 3
 391 000a FB88     	 ldrh r3,[r7,#6]
 392 000c 1846     	 mov r0,r3
 393 000e 154B     	 ldr r3,.L26
 394 0010 9847     	 blx r3
 395              	.LVL10:
  84:usb_xmem.c    ****   data = *xram;
 396              	 .loc 1 84 10
 397 0012 154B     	 ldr r3,.L26+4
 398 0014 1B68     	 ldr r3,[r3]
 399 0016 1B78     	 ldrb r3,[r3]
 400 0018 DBB2     	 uxtb r3,r3
 401              	 .loc 1 84 8
 402 001a FB60     	 str r3,[r7,#12]
  85:usb_xmem.c    ****   data |= *(xram+1) << 8;
 403              	 .loc 1 85 17
 404 001c 124B     	 ldr r3,.L26+4
 405 001e 1B68     	 ldr r3,[r3]
 406 0020 0133     	 adds r3,r3,#1
 407              	 .loc 1 85 11
 408 0022 1B78     	 ldrb r3,[r3]
 409 0024 DBB2     	 uxtb r3,r3
 410              	 .loc 1 85 21
 411 0026 1B02     	 lsls r3,r3,#8
 412 0028 1A46     	 mov r2,r3
 413              	 .loc 1 85 8
 414 002a FB68     	 ldr r3,[r7,#12]
 415 002c 1343     	 orrs r3,r3,r2
 416 002e FB60     	 str r3,[r7,#12]
  86:usb_xmem.c    ****   data |= *(xram+2) << 16;
 417              	 .loc 1 86 17
 418 0030 0D4B     	 ldr r3,.L26+4
 419 0032 1B68     	 ldr r3,[r3]
 420 0034 0233     	 adds r3,r3,#2
 421              	 .loc 1 86 11
 422 0036 1B78     	 ldrb r3,[r3]
 423 0038 DBB2     	 uxtb r3,r3
 424              	 .loc 1 86 21
 425 003a 1B04     	 lsls r3,r3,#16
 426 003c 1A46     	 mov r2,r3
 427              	 .loc 1 86 8
 428 003e FB68     	 ldr r3,[r7,#12]
 429 0040 1343     	 orrs r3,r3,r2
 430 0042 FB60     	 str r3,[r7,#12]
  87:usb_xmem.c    ****   data |= *(xram+3) << 24;
 431              	 .loc 1 87 17
 432 0044 084B     	 ldr r3,.L26+4
 433 0046 1B68     	 ldr r3,[r3]
 434 0048 0333     	 adds r3,r3,#3
 435              	 .loc 1 87 11
 436 004a 1B78     	 ldrb r3,[r3]
 437 004c DBB2     	 uxtb r3,r3
 438              	 .loc 1 87 21
 439 004e 1B06     	 lsls r3,r3,#24
 440 0050 1A46     	 mov r2,r3
 441              	 .loc 1 87 8
 442 0052 FB68     	 ldr r3,[r7,#12]
 443 0054 1343     	 orrs r3,r3,r2
 444 0056 FB60     	 str r3,[r7,#12]
  88:usb_xmem.c    ****   return data;
 445              	 .loc 1 88 10
 446 0058 FB68     	 ldr r3,[r7,#12]
  89:usb_xmem.c    **** }
 447              	 .loc 1 89 1
 448 005a 1846     	 mov r0,r3
 449 005c 1037     	 adds r7,r7,#16
 450              	.LCFI25:
 451              	 .cfi_def_cfa_offset 8
 452 005e BD46     	 mov sp,r7
 453              	.LCFI26:
 454              	 .cfi_def_cfa_register 13
 455              	 
 456 0060 80BD     	 pop {r7,pc}
 457              	.L27:
 458 0062 00BF     	 .align 2
 459              	.L26:
 460 0064 00000000 	 .word FPGA_setaddr
 461 0068 00000000 	 .word xram
 462              	 .cfi_endproc
 463              	.LFE187:
 465              	 .section .text.safe_readuint32,"ax",%progbits
 466              	 .align 1
 467              	 .global safe_readuint32
 468              	 .syntax unified
 469              	 .thumb
 470              	 .thumb_func
 471              	 .fpu softvfp
 473              	safe_readuint32:
 474              	.LFB188:
  90:usb_xmem.c    **** 
  91:usb_xmem.c    **** uint32_t safe_readuint32(uint16_t fpgaaddr)
  92:usb_xmem.c    **** {
 475              	 .loc 1 92 1
 476              	 .cfi_startproc
 477              	 
 478              	 
 479 0000 80B5     	 push {r7,lr}
 480              	.LCFI27:
 481              	 .cfi_def_cfa_offset 8
 482              	 .cfi_offset 7,-8
 483              	 .cfi_offset 14,-4
 484 0002 84B0     	 sub sp,sp,#16
 485              	.LCFI28:
 486              	 .cfi_def_cfa_offset 24
 487 0004 00AF     	 add r7,sp,#0
 488              	.LCFI29:
 489              	 .cfi_def_cfa_register 7
 490 0006 0346     	 mov r3,r0
 491 0008 FB80     	 strh r3,[r7,#6]
  93:usb_xmem.c    ****   //TODO - This timeout to make GUI responsive in case of USB errors, but data will be invalid
  94:usb_xmem.c    ****   uint32_t timeout = 10000;
 492              	 .loc 1 94 12
 493 000a 42F21073 	 movw r3,#10000
 494 000e FB60     	 str r3,[r7,#12]
 495              	.L31:
  95:usb_xmem.c    ****   do{
  96:usb_xmem.c    ****     timeout--;
 496              	 .loc 1 96 12
 497 0010 FB68     	 ldr r3,[r7,#12]
 498 0012 013B     	 subs r3,r3,#1
 499 0014 FB60     	 str r3,[r7,#12]
  97:usb_xmem.c    ****     if(timeout == 0){return 0xffffffff;};
 500              	 .loc 1 97 7
 501 0016 FB68     	 ldr r3,[r7,#12]
 502 0018 002B     	 cmp r3,#0
 503 001a 02D1     	 bne .L29
 504              	 .loc 1 97 29 discriminator 1
 505 001c 4FF0FF33 	 mov r3,#-1
 506 0020 2EE0     	 b .L30
 507              	.L29:
  98:usb_xmem.c    ****   }while(!try_enter_cs());
 508              	 .loc 1 98 11
 509 0022 194B     	 ldr r3,.L32
 510 0024 9847     	 blx r3
 511              	.LVL11:
 512 0026 0346     	 mov r3,r0
 513              	 .loc 1 98 3
 514 0028 002B     	 cmp r3,#0
 515 002a F1D0     	 beq .L31
  99:usb_xmem.c    ****   uint32_t data;
 100:usb_xmem.c    **** 
 101:usb_xmem.c    ****   FPGA_setaddr(fpgaaddr);
 516              	 .loc 1 101 3
 517 002c FB88     	 ldrh r3,[r7,#6]
 518 002e 1846     	 mov r0,r3
 519 0030 164B     	 ldr r3,.L32+4
 520 0032 9847     	 blx r3
 521              	.LVL12:
 102:usb_xmem.c    ****   data = *xram;
 522              	 .loc 1 102 10
 523 0034 164B     	 ldr r3,.L32+8
 524 0036 1B68     	 ldr r3,[r3]
 525 0038 1B78     	 ldrb r3,[r3]
 526 003a DBB2     	 uxtb r3,r3
 527              	 .loc 1 102 8
 528 003c BB60     	 str r3,[r7,#8]
 103:usb_xmem.c    ****   data |= *(xram+1) << 8;
 529              	 .loc 1 103 17
 530 003e 144B     	 ldr r3,.L32+8
 531 0040 1B68     	 ldr r3,[r3]
 532 0042 0133     	 adds r3,r3,#1
 533              	 .loc 1 103 11
 534 0044 1B78     	 ldrb r3,[r3]
 535 0046 DBB2     	 uxtb r3,r3
 536              	 .loc 1 103 21
 537 0048 1B02     	 lsls r3,r3,#8
 538 004a 1A46     	 mov r2,r3
 539              	 .loc 1 103 8
 540 004c BB68     	 ldr r3,[r7,#8]
 541 004e 1343     	 orrs r3,r3,r2
 542 0050 BB60     	 str r3,[r7,#8]
 104:usb_xmem.c    ****   data |= *(xram+2) << 16;
 543              	 .loc 1 104 17
 544 0052 0F4B     	 ldr r3,.L32+8
 545 0054 1B68     	 ldr r3,[r3]
 546 0056 0233     	 adds r3,r3,#2
 547              	 .loc 1 104 11
 548 0058 1B78     	 ldrb r3,[r3]
 549 005a DBB2     	 uxtb r3,r3
 550              	 .loc 1 104 21
 551 005c 1B04     	 lsls r3,r3,#16
 552 005e 1A46     	 mov r2,r3
 553              	 .loc 1 104 8
 554 0060 BB68     	 ldr r3,[r7,#8]
 555 0062 1343     	 orrs r3,r3,r2
 556 0064 BB60     	 str r3,[r7,#8]
 105:usb_xmem.c    ****   data |= *(xram+3) << 24;
 557              	 .loc 1 105 17
 558 0066 0A4B     	 ldr r3,.L32+8
 559 0068 1B68     	 ldr r3,[r3]
 560 006a 0333     	 adds r3,r3,#3
 561              	 .loc 1 105 11
 562 006c 1B78     	 ldrb r3,[r3]
 563 006e DBB2     	 uxtb r3,r3
 564              	 .loc 1 105 21
 565 0070 1B06     	 lsls r3,r3,#24
 566 0072 1A46     	 mov r2,r3
 567              	 .loc 1 105 8
 568 0074 BB68     	 ldr r3,[r7,#8]
 569 0076 1343     	 orrs r3,r3,r2
 570 0078 BB60     	 str r3,[r7,#8]
 106:usb_xmem.c    ****   exit_cs();
 571              	 .loc 1 106 3
 572 007a 064B     	 ldr r3,.L32+12
 573 007c 9847     	 blx r3
 574              	.LVL13:
 107:usb_xmem.c    ****   return data;
 575              	 .loc 1 107 10
 576 007e BB68     	 ldr r3,[r7,#8]
 577              	.L30:
 108:usb_xmem.c    **** }
 578              	 .loc 1 108 1
 579 0080 1846     	 mov r0,r3
 580 0082 1037     	 adds r7,r7,#16
 581              	.LCFI30:
 582              	 .cfi_def_cfa_offset 8
 583 0084 BD46     	 mov sp,r7
 584              	.LCFI31:
 585              	 .cfi_def_cfa_register 13
 586              	 
 587 0086 80BD     	 pop {r7,pc}
 588              	.L33:
 589              	 .align 2
 590              	.L32:
 591 0088 00000000 	 .word try_enter_cs
 592 008c 00000000 	 .word FPGA_setaddr
 593 0090 00000000 	 .word xram
 594 0094 00000000 	 .word exit_cs
 595              	 .cfi_endproc
 596              	.LFE188:
 598              	 .section .text.unsafe_readbytes,"ax",%progbits
 599              	 .align 1
 600              	 .global unsafe_readbytes
 601              	 .syntax unified
 602              	 .thumb
 603              	 .thumb_func
 604              	 .fpu softvfp
 606              	unsafe_readbytes:
 607              	.LFB189:
 109:usb_xmem.c    **** 
 110:usb_xmem.c    **** 
 111:usb_xmem.c    **** 
 112:usb_xmem.c    **** // Read numBytes bytes from memory
 113:usb_xmem.c    **** void unsafe_readbytes(uint16_t fpgaaddr, uint8_t* data, int numBytes)
 114:usb_xmem.c    **** {
 608              	 .loc 1 114 1
 609              	 .cfi_startproc
 610              	 
 611              	 
 612 0000 80B5     	 push {r7,lr}
 613              	.LCFI32:
 614              	 .cfi_def_cfa_offset 8
 615              	 .cfi_offset 7,-8
 616              	 .cfi_offset 14,-4
 617 0002 86B0     	 sub sp,sp,#24
 618              	.LCFI33:
 619              	 .cfi_def_cfa_offset 32
 620 0004 00AF     	 add r7,sp,#0
 621              	.LCFI34:
 622              	 .cfi_def_cfa_register 7
 623 0006 0346     	 mov r3,r0
 624 0008 B960     	 str r1,[r7,#8]
 625 000a 7A60     	 str r2,[r7,#4]
 626 000c FB81     	 strh r3,[r7,#14]
 115:usb_xmem.c    ****   FPGA_setaddr(fpgaaddr);
 627              	 .loc 1 115 3
 628 000e FB89     	 ldrh r3,[r7,#14]
 629 0010 1846     	 mov r0,r3
 630 0012 0D4B     	 ldr r3,.L37
 631 0014 9847     	 blx r3
 632              	.LVL14:
 633              	.LBB2:
 116:usb_xmem.c    **** 
 117:usb_xmem.c    ****   for(int i = 0; i < numBytes; i++)
 634              	 .loc 1 117 11
 635 0016 0023     	 movs r3,#0
 636 0018 7B61     	 str r3,[r7,#20]
 637              	 .loc 1 117 3
 638 001a 0CE0     	 b .L35
 639              	.L36:
 118:usb_xmem.c    ****   {
 119:usb_xmem.c    ****     data[i] = *(xram+i);
 640              	 .loc 1 119 21 discriminator 3
 641 001c 0B4B     	 ldr r3,.L37+4
 642 001e 1A68     	 ldr r2,[r3]
 643 0020 7B69     	 ldr r3,[r7,#20]
 644 0022 1A44     	 add r2,r2,r3
 645              	 .loc 1 119 9 discriminator 3
 646 0024 7B69     	 ldr r3,[r7,#20]
 647 0026 B968     	 ldr r1,[r7,#8]
 648 0028 0B44     	 add r3,r3,r1
 649              	 .loc 1 119 15 discriminator 3
 650 002a 1278     	 ldrb r2,[r2]
 651 002c D2B2     	 uxtb r2,r2
 652              	 .loc 1 119 13 discriminator 3
 653 002e 1A70     	 strb r2,[r3]
 117:usb_xmem.c    ****   {
 654              	 .loc 1 117 33 discriminator 3
 655 0030 7B69     	 ldr r3,[r7,#20]
 656 0032 0133     	 adds r3,r3,#1
 657 0034 7B61     	 str r3,[r7,#20]
 658              	.L35:
 117:usb_xmem.c    ****   {
 659              	 .loc 1 117 3 discriminator 1
 660 0036 7A69     	 ldr r2,[r7,#20]
 661 0038 7B68     	 ldr r3,[r7,#4]
 662 003a 9A42     	 cmp r2,r3
 663 003c EEDB     	 blt .L36
 664              	.LBE2:
 120:usb_xmem.c    ****   }
 121:usb_xmem.c    **** }
 665              	 .loc 1 121 1
 666 003e 00BF     	 nop
 667 0040 1837     	 adds r7,r7,#24
 668              	.LCFI35:
 669              	 .cfi_def_cfa_offset 8
 670 0042 BD46     	 mov sp,r7
 671              	.LCFI36:
 672              	 .cfi_def_cfa_register 13
 673              	 
 674 0044 80BD     	 pop {r7,pc}
 675              	.L38:
 676 0046 00BF     	 .align 2
 677              	.L37:
 678 0048 00000000 	 .word FPGA_setaddr
 679 004c 00000000 	 .word xram
 680              	 .cfi_endproc
 681              	.LFE189:
 683              	 .section .text.safe_readbytes,"ax",%progbits
 684              	 .align 1
 685              	 .global safe_readbytes
 686              	 .syntax unified
 687              	 .thumb
 688              	 .thumb_func
 689              	 .fpu softvfp
 691              	safe_readbytes:
 692              	.LFB190:
 122:usb_xmem.c    **** 
 123:usb_xmem.c    **** // Safely read bytes from memory by disabling interrupts first
 124:usb_xmem.c    **** // Blocks until able to read
 125:usb_xmem.c    **** void safe_readbytes(uint16_t fpgaaddr, uint8_t* data, int numBytes)
 126:usb_xmem.c    **** {
 693              	 .loc 1 126 1
 694              	 .cfi_startproc
 695              	 
 696              	 
 697 0000 80B5     	 push {r7,lr}
 698              	.LCFI37:
 699              	 .cfi_def_cfa_offset 8
 700              	 .cfi_offset 7,-8
 701              	 .cfi_offset 14,-4
 702 0002 86B0     	 sub sp,sp,#24
 703              	.LCFI38:
 704              	 .cfi_def_cfa_offset 32
 705 0004 00AF     	 add r7,sp,#0
 706              	.LCFI39:
 707              	 .cfi_def_cfa_register 7
 708 0006 0346     	 mov r3,r0
 709 0008 B960     	 str r1,[r7,#8]
 710 000a 7A60     	 str r2,[r7,#4]
 711 000c FB81     	 strh r3,[r7,#14]
 127:usb_xmem.c    ****   //TODO - This timeout to make GUI responsive in case of USB errors, but data will be invalid
 128:usb_xmem.c    ****   uint32_t timeout = 10000;
 712              	 .loc 1 128 12
 713 000e 42F21073 	 movw r3,#10000
 714 0012 7B61     	 str r3,[r7,#20]
 715              	.L42:
 129:usb_xmem.c    ****   do{
 130:usb_xmem.c    ****     timeout--;
 716              	 .loc 1 130 12
 717 0014 7B69     	 ldr r3,[r7,#20]
 718 0016 013B     	 subs r3,r3,#1
 719 0018 7B61     	 str r3,[r7,#20]
 131:usb_xmem.c    ****     if(timeout == 0){*data = 0xFF; return;};
 720              	 .loc 1 131 7
 721 001a 7B69     	 ldr r3,[r7,#20]
 722 001c 002B     	 cmp r3,#0
 723 001e 03D1     	 bne .L40
 724              	 .loc 1 131 28 discriminator 1
 725 0020 BB68     	 ldr r3,[r7,#8]
 726 0022 FF22     	 movs r2,#255
 727 0024 1A70     	 strb r2,[r3]
 728              	 .loc 1 131 36 discriminator 1
 729 0026 1EE0     	 b .L39
 730              	.L40:
 132:usb_xmem.c    ****   }while(!try_enter_cs());
 731              	 .loc 1 132 11
 732 0028 104B     	 ldr r3,.L45
 733 002a 9847     	 blx r3
 734              	.LVL15:
 735 002c 0346     	 mov r3,r0
 736              	 .loc 1 132 3
 737 002e 002B     	 cmp r3,#0
 738 0030 F0D0     	 beq .L42
 133:usb_xmem.c    **** 
 134:usb_xmem.c    ****   FPGA_setaddr(fpgaaddr);
 739              	 .loc 1 134 3
 740 0032 FB89     	 ldrh r3,[r7,#14]
 741 0034 1846     	 mov r0,r3
 742 0036 0E4B     	 ldr r3,.L45+4
 743 0038 9847     	 blx r3
 744              	.LVL16:
 745              	.LBB3:
 135:usb_xmem.c    **** 
 136:usb_xmem.c    ****   for(int i = 0; i < numBytes; i++)
 746              	 .loc 1 136 11
 747 003a 0023     	 movs r3,#0
 748 003c 3B61     	 str r3,[r7,#16]
 749              	 .loc 1 136 3
 750 003e 0CE0     	 b .L43
 751              	.L44:
 137:usb_xmem.c    ****   {
 138:usb_xmem.c    ****     data[i] = *(xram+i);
 752              	 .loc 1 138 21 discriminator 3
 753 0040 0C4B     	 ldr r3,.L45+8
 754 0042 1A68     	 ldr r2,[r3]
 755 0044 3B69     	 ldr r3,[r7,#16]
 756 0046 1A44     	 add r2,r2,r3
 757              	 .loc 1 138 9 discriminator 3
 758 0048 3B69     	 ldr r3,[r7,#16]
 759 004a B968     	 ldr r1,[r7,#8]
 760 004c 0B44     	 add r3,r3,r1
 761              	 .loc 1 138 15 discriminator 3
 762 004e 1278     	 ldrb r2,[r2]
 763 0050 D2B2     	 uxtb r2,r2
 764              	 .loc 1 138 13 discriminator 3
 765 0052 1A70     	 strb r2,[r3]
 136:usb_xmem.c    ****   {
 766              	 .loc 1 136 33 discriminator 3
 767 0054 3B69     	 ldr r3,[r7,#16]
 768 0056 0133     	 adds r3,r3,#1
 769 0058 3B61     	 str r3,[r7,#16]
 770              	.L43:
 136:usb_xmem.c    ****   {
 771              	 .loc 1 136 3 discriminator 1
 772 005a 3A69     	 ldr r2,[r7,#16]
 773 005c 7B68     	 ldr r3,[r7,#4]
 774 005e 9A42     	 cmp r2,r3
 775 0060 EEDB     	 blt .L44
 776              	.LBE3:
 139:usb_xmem.c    ****   }
 140:usb_xmem.c    ****   exit_cs();
 777              	 .loc 1 140 3
 778 0062 054B     	 ldr r3,.L45+12
 779 0064 9847     	 blx r3
 780              	.LVL17:
 781              	.L39:
 141:usb_xmem.c    **** }
 782              	 .loc 1 141 1
 783 0066 1837     	 adds r7,r7,#24
 784              	.LCFI40:
 785              	 .cfi_def_cfa_offset 8
 786 0068 BD46     	 mov sp,r7
 787              	.LCFI41:
 788              	 .cfi_def_cfa_register 13
 789              	 
 790 006a 80BD     	 pop {r7,pc}
 791              	.L46:
 792              	 .align 2
 793              	.L45:
 794 006c 00000000 	 .word try_enter_cs
 795 0070 00000000 	 .word FPGA_setaddr
 796 0074 00000000 	 .word xram
 797 0078 00000000 	 .word exit_cs
 798              	 .cfi_endproc
 799              	.LFE190:
 801              	 .section .text.unsafe_writebytes,"ax",%progbits
 802              	 .align 1
 803              	 .global unsafe_writebytes
 804              	 .syntax unified
 805              	 .thumb
 806              	 .thumb_func
 807              	 .fpu softvfp
 809              	unsafe_writebytes:
 810              	.LFB191:
 142:usb_xmem.c    **** 
 143:usb_xmem.c    **** // Write 4 bytes to memory
 144:usb_xmem.c    **** void unsafe_writebytes(uint16_t fpgaaddr, uint8_t* data, int numBytes)
 145:usb_xmem.c    **** {
 811              	 .loc 1 145 1
 812              	 .cfi_startproc
 813              	 
 814              	 
 815 0000 80B5     	 push {r7,lr}
 816              	.LCFI42:
 817              	 .cfi_def_cfa_offset 8
 818              	 .cfi_offset 7,-8
 819              	 .cfi_offset 14,-4
 820 0002 86B0     	 sub sp,sp,#24
 821              	.LCFI43:
 822              	 .cfi_def_cfa_offset 32
 823 0004 00AF     	 add r7,sp,#0
 824              	.LCFI44:
 825              	 .cfi_def_cfa_register 7
 826 0006 0346     	 mov r3,r0
 827 0008 B960     	 str r1,[r7,#8]
 828 000a 7A60     	 str r2,[r7,#4]
 829 000c FB81     	 strh r3,[r7,#14]
 146:usb_xmem.c    ****   FPGA_setaddr(fpgaaddr);
 830              	 .loc 1 146 3
 831 000e FB89     	 ldrh r3,[r7,#14]
 832 0010 1846     	 mov r0,r3
 833 0012 0C4B     	 ldr r3,.L50
 834 0014 9847     	 blx r3
 835              	.LVL18:
 836              	.LBB4:
 147:usb_xmem.c    **** 
 148:usb_xmem.c    ****   for(int i = 0; i < numBytes; i++)
 837              	 .loc 1 148 11
 838 0016 0023     	 movs r3,#0
 839 0018 7B61     	 str r3,[r7,#20]
 840              	 .loc 1 148 3
 841 001a 0BE0     	 b .L48
 842              	.L49:
 149:usb_xmem.c    ****   {
 150:usb_xmem.c    ****     *(xram+i) = data[i];
 843              	 .loc 1 150 21 discriminator 3
 844 001c 7B69     	 ldr r3,[r7,#20]
 845 001e BA68     	 ldr r2,[r7,#8]
 846 0020 1A44     	 add r2,r2,r3
 847              	 .loc 1 150 11 discriminator 3
 848 0022 094B     	 ldr r3,.L50+4
 849 0024 1968     	 ldr r1,[r3]
 850 0026 7B69     	 ldr r3,[r7,#20]
 851 0028 0B44     	 add r3,r3,r1
 852              	 .loc 1 150 21 discriminator 3
 853 002a 1278     	 ldrb r2,[r2]
 854              	 .loc 1 150 15 discriminator 3
 855 002c 1A70     	 strb r2,[r3]
 148:usb_xmem.c    ****   {
 856              	 .loc 1 148 33 discriminator 3
 857 002e 7B69     	 ldr r3,[r7,#20]
 858 0030 0133     	 adds r3,r3,#1
 859 0032 7B61     	 str r3,[r7,#20]
 860              	.L48:
 148:usb_xmem.c    ****   {
 861              	 .loc 1 148 3 discriminator 1
 862 0034 7A69     	 ldr r2,[r7,#20]
 863 0036 7B68     	 ldr r3,[r7,#4]
 864 0038 9A42     	 cmp r2,r3
 865 003a EFDB     	 blt .L49
 866              	.LBE4:
 151:usb_xmem.c    ****   }
 152:usb_xmem.c    **** }
 867              	 .loc 1 152 1
 868 003c 00BF     	 nop
 869 003e 1837     	 adds r7,r7,#24
 870              	.LCFI45:
 871              	 .cfi_def_cfa_offset 8
 872 0040 BD46     	 mov sp,r7
 873              	.LCFI46:
 874              	 .cfi_def_cfa_register 13
 875              	 
 876 0042 80BD     	 pop {r7,pc}
 877              	.L51:
 878              	 .align 2
 879              	.L50:
 880 0044 00000000 	 .word FPGA_setaddr
 881 0048 00000000 	 .word xram
 882              	 .cfi_endproc
 883              	.LFE191:
 885              	 .section .text.smc_normaltiming,"ax",%progbits
 886              	 .align 1
 887              	 .global smc_normaltiming
 888              	 .syntax unified
 889              	 .thumb
 890              	 .thumb_func
 891              	 .fpu softvfp
 893              	smc_normaltiming:
 894              	.LFB192:
 153:usb_xmem.c    **** 
 154:usb_xmem.c    **** //Set timing for normal mode
 155:usb_xmem.c    **** void smc_normaltiming(void){
 895              	 .loc 1 155 28
 896              	 .cfi_startproc
 897              	 
 898              	 
 899 0000 80B5     	 push {r7,lr}
 900              	.LCFI47:
 901              	 .cfi_def_cfa_offset 8
 902              	 .cfi_offset 7,-8
 903              	 .cfi_offset 14,-4
 904 0002 00AF     	 add r7,sp,#0
 905              	.LCFI48:
 906              	 .cfi_def_cfa_register 7
 156:usb_xmem.c    ****   smc_set_setup_timing(SMC, 0,
 907              	 .loc 1 156 3
 908 0004 4FF48072 	 mov r2,#256
 909 0008 0021     	 movs r1,#0
 910 000a 0A48     	 ldr r0,.L53
 911 000c 0A4B     	 ldr r3,.L53+4
 912 000e 9847     	 blx r3
 913              	.LVL19:
 157:usb_xmem.c    ****   SMC_SETUP_NWE_SETUP(0) |
 158:usb_xmem.c    ****   SMC_SETUP_NCS_WR_SETUP(1) |
 159:usb_xmem.c    ****   SMC_SETUP_NRD_SETUP(0) |
 160:usb_xmem.c    ****   SMC_SETUP_NCS_RD_SETUP(0)
 161:usb_xmem.c    ****   );
 162:usb_xmem.c    **** 
 163:usb_xmem.c    ****   smc_set_pulse_timing(SMC, 0,
 914              	 .loc 1 163 3
 915 0010 0A4A     	 ldr r2,.L53+8
 916 0012 0021     	 movs r1,#0
 917 0014 0748     	 ldr r0,.L53
 918 0016 0A4B     	 ldr r3,.L53+12
 919 0018 9847     	 blx r3
 920              	.LVL20:
 164:usb_xmem.c    ****   SMC_PULSE_NWE_PULSE(1) |
 165:usb_xmem.c    ****   SMC_PULSE_NCS_WR_PULSE(1) |
 166:usb_xmem.c    ****   SMC_PULSE_NRD_PULSE(4) |
 167:usb_xmem.c    ****   SMC_PULSE_NCS_RD_PULSE(4)
 168:usb_xmem.c    ****   );
 169:usb_xmem.c    **** 
 170:usb_xmem.c    ****   smc_set_cycle_timing(SMC, 0,
 921              	 .loc 1 170 3
 922 001a 0A4A     	 ldr r2,.L53+16
 923 001c 0021     	 movs r1,#0
 924 001e 0548     	 ldr r0,.L53
 925 0020 094B     	 ldr r3,.L53+20
 926 0022 9847     	 blx r3
 927              	.LVL21:
 171:usb_xmem.c    ****   SMC_CYCLE_NWE_CYCLE(2) |
 172:usb_xmem.c    ****   SMC_CYCLE_NRD_CYCLE(5)
 173:usb_xmem.c    ****   );
 174:usb_xmem.c    **** 
 175:usb_xmem.c    ****   smc_set_mode(SMC, 0,
 928              	 .loc 1 175 3
 929 0024 0322     	 movs r2,#3
 930 0026 0021     	 movs r1,#0
 931 0028 0248     	 ldr r0,.L53
 932 002a 084B     	 ldr r3,.L53+24
 933 002c 9847     	 blx r3
 934              	.LVL22:
 176:usb_xmem.c    ****   SMC_MODE_READ_MODE_NRD_CTRL |
 177:usb_xmem.c    ****   SMC_MODE_WRITE_MODE_NWE_CTRL |
 178:usb_xmem.c    ****   SMC_MODE_DBW_BIT_8
 179:usb_xmem.c    ****   );
 180:usb_xmem.c    **** }
 935              	 .loc 1 180 1
 936 002e 00BF     	 nop
 937 0030 80BD     	 pop {r7,pc}
 938              	.L54:
 939 0032 00BF     	 .align 2
 940              	.L53:
 941 0034 00000E40 	 .word 1074659328
 942 0038 00000000 	 .word smc_set_setup_timing
 943 003c 01010404 	 .word 67371265
 944 0040 00000000 	 .word smc_set_pulse_timing
 945 0044 02000500 	 .word 327682
 946 0048 00000000 	 .word smc_set_cycle_timing
 947 004c 00000000 	 .word smc_set_mode
 948              	 .cfi_endproc
 949              	.LFE192:
 951              	 .section .text.smc_fasttiming,"ax",%progbits
 952              	 .align 1
 953              	 .global smc_fasttiming
 954              	 .syntax unified
 955              	 .thumb
 956              	 .thumb_func
 957              	 .fpu softvfp
 959              	smc_fasttiming:
 960              	.LFB193:
 181:usb_xmem.c    **** 
 182:usb_xmem.c    **** void smc_fasttiming(void){
 961              	 .loc 1 182 26
 962              	 .cfi_startproc
 963              	 
 964              	 
 965 0000 80B5     	 push {r7,lr}
 966              	.LCFI49:
 967              	 .cfi_def_cfa_offset 8
 968              	 .cfi_offset 7,-8
 969              	 .cfi_offset 14,-4
 970 0002 00AF     	 add r7,sp,#0
 971              	.LCFI50:
 972              	 .cfi_def_cfa_register 7
 183:usb_xmem.c    **** 
 184:usb_xmem.c    **** 
 185:usb_xmem.c    ****   smc_set_setup_timing(SMC, 0,
 973              	 .loc 1 185 3
 974 0004 4FF48072 	 mov r2,#256
 975 0008 0021     	 movs r1,#0
 976 000a 0A48     	 ldr r0,.L56
 977 000c 0A4B     	 ldr r3,.L56+4
 978 000e 9847     	 blx r3
 979              	.LVL23:
 186:usb_xmem.c    ****   SMC_SETUP_NWE_SETUP(0) |
 187:usb_xmem.c    ****   SMC_SETUP_NCS_WR_SETUP(1) |
 188:usb_xmem.c    ****   SMC_SETUP_NRD_SETUP(0) |
 189:usb_xmem.c    ****   SMC_SETUP_NCS_RD_SETUP(0)
 190:usb_xmem.c    ****   );
 191:usb_xmem.c    **** 
 192:usb_xmem.c    ****   smc_set_pulse_timing(SMC, 0,
 980              	 .loc 1 192 3
 981 0010 0A4A     	 ldr r2,.L56+8
 982 0012 0021     	 movs r1,#0
 983 0014 0748     	 ldr r0,.L56
 984 0016 0A4B     	 ldr r3,.L56+12
 985 0018 9847     	 blx r3
 986              	.LVL24:
 193:usb_xmem.c    ****   SMC_PULSE_NWE_PULSE(1) |
 194:usb_xmem.c    ****   SMC_PULSE_NCS_WR_PULSE(1) |
 195:usb_xmem.c    ****   SMC_PULSE_NRD_PULSE(3) |
 196:usb_xmem.c    ****   SMC_PULSE_NCS_RD_PULSE(3)
 197:usb_xmem.c    ****   );
 198:usb_xmem.c    **** 
 199:usb_xmem.c    ****   smc_set_cycle_timing(SMC, 0,
 987              	 .loc 1 199 3
 988 001a 0A4A     	 ldr r2,.L56+16
 989 001c 0021     	 movs r1,#0
 990 001e 0548     	 ldr r0,.L56
 991 0020 094B     	 ldr r3,.L56+20
 992 0022 9847     	 blx r3
 993              	.LVL25:
 200:usb_xmem.c    ****   SMC_CYCLE_NWE_CYCLE(2) |
 201:usb_xmem.c    ****   SMC_CYCLE_NRD_CYCLE(4)
 202:usb_xmem.c    ****   );
 203:usb_xmem.c    **** 
 204:usb_xmem.c    ****   smc_set_mode(SMC, 0,
 994              	 .loc 1 204 3
 995 0024 0322     	 movs r2,#3
 996 0026 0021     	 movs r1,#0
 997 0028 0248     	 ldr r0,.L56
 998 002a 084B     	 ldr r3,.L56+24
 999 002c 9847     	 blx r3
 1000              	.LVL26:
 205:usb_xmem.c    ****   SMC_MODE_READ_MODE_NRD_CTRL |
 206:usb_xmem.c    ****   SMC_MODE_WRITE_MODE_NWE_CTRL |
 207:usb_xmem.c    ****   SMC_MODE_DBW_BIT_8
 208:usb_xmem.c    ****   );
 209:usb_xmem.c    **** }
 1001              	 .loc 1 209 1
 1002 002e 00BF     	 nop
 1003 0030 80BD     	 pop {r7,pc}
 1004              	.L57:
 1005 0032 00BF     	 .align 2
 1006              	.L56:
 1007 0034 00000E40 	 .word 1074659328
 1008 0038 00000000 	 .word smc_set_setup_timing
 1009 003c 01010303 	 .word 50528513
 1010 0040 00000000 	 .word smc_set_pulse_timing
 1011 0044 02000400 	 .word 262146
 1012 0048 00000000 	 .word smc_set_cycle_timing
 1013 004c 00000000 	 .word smc_set_mode
 1014              	 .cfi_endproc
 1015              	.LFE193:
 1017              	 .text
 1018              	.Letext0:
 1019              	 .file 2 "c:\\program files (x86)\\gnu tools arm embedded\\8 2018-q4-major\\arm-none-eabi\\include\\machine\\_default_types.h"
 1020              	 .file 3 "c:\\program files (x86)\\gnu tools arm embedded\\8 2018-q4-major\\arm-none-eabi\\include\\sys\\_stdint.h"
 1021              	 .file 4 ".././hal/sam3u1c/inc/sam3u1c.h"
 1022              	 .file 5 ".././hal/sam3u1c/inc/core_cm3.h"
 1023              	 .file 6 ".././hal/sam3u1c/inc/system_sam3u.h"
 1024              	 .file 7 ".././hal/sam3u1c/inc/component/component_pio.h"
 1025              	 .file 8 ".././hal/sam3u1c/inc/component/component_smc.h"
 1026              	 .file 9 "c:\\program files (x86)\\gnu tools arm embedded\\8 2018-q4-major\\arm-none-eabi\\include\\sys\\lock.h"
 1027              	 .file 10 "c:\\program files (x86)\\gnu tools arm embedded\\8 2018-q4-major\\arm-none-eabi\\include\\sys\\_types.h"
 1028              	 .file 11 "c:\\program files (x86)\\gnu tools arm embedded\\8 2018-q4-major\\lib\\gcc\\arm-none-eabi\\8.2.1\\include\\stddef.h"
 1029              	 .file 12 "c:\\program files (x86)\\gnu tools arm embedded\\8 2018-q4-major\\arm-none-eabi\\include\\sys\\reent.h"
 1030              	 .file 13 "c:\\program files (x86)\\gnu tools arm embedded\\8 2018-q4-major\\arm-none-eabi\\include\\stdlib.h"
 1031              	 .file 14 ".././hal/sam3u1c/inc/interrupt/interrupt_sam_nvic.h"
 1032              	 .file 15 ".././hal/sam3u1c/inc/compiler.h"
 1033              	 .file 16 ".././hal/sam3u1c/inc/sam/sleepmgr.h"
 1034              	 .file 17 "./conf_usb.h"
 1035              	 .file 18 ".././hal/sam3u1c/inc/usb_protocol.h"
 1036              	 .file 19 ".././hal/sam3u1c/inc/udi.h"
 1037              	 .file 20 ".././hal/sam3u1c/inc/udc_desc.h"
 1038              	 .file 21 ".././hal/sam3u1c/inc/udd.h"
 1039              	 .file 22 ".././hal/sam3u1c/inc/udi_vendor.h"
 1040              	 .file 23 "usb_xmem.h"
 1041              	 .file 24 ".././hal/sam3u1c/inc/smc.h"
 1042              	 .file 25 ".././hal/sam3u1c/inc/pio.h"
DEFINED SYMBOLS
                            *ABS*:00000000 usb_xmem.c
    {standard input}:16     .bss.cpu_irq_critical_section_counter:00000000 $d
    {standard input}:19     .bss.cpu_irq_critical_section_counter:00000000 cpu_irq_critical_section_counter
    {standard input}:24     .bss.cpu_irq_prev_interrupt_state:00000000 cpu_irq_prev_interrupt_state
    {standard input}:25     .bss.cpu_irq_prev_interrupt_state:00000000 $d
    {standard input}:31     .data.xram:00000000 xram
    {standard input}:28     .data.xram:00000000 $d
    {standard input}:36     .bss._fpga_locked:00000000 _fpga_locked
    {standard input}:37     .bss._fpga_locked:00000000 $d
    {standard input}:39     .text.FPGA_setlock:00000000 $t
    {standard input}:47     .text.FPGA_setlock:00000000 FPGA_setlock
    {standard input}:108    .text.FPGA_setlock:00000034 $d
    {standard input}:115    .text.FPGA_releaselock:00000000 $t
    {standard input}:122    .text.FPGA_releaselock:00000000 FPGA_releaselock
    {standard input}:154    .text.FPGA_releaselock:00000014 $d
    {standard input}:159    .text.FPGA_lockstatus:00000000 $t
    {standard input}:166    .text.FPGA_lockstatus:00000000 FPGA_lockstatus
    {standard input}:198    .text.FPGA_lockstatus:00000014 $d
    {standard input}:203    .text.try_enter_cs:00000000 $t
    {standard input}:210    .text.try_enter_cs:00000000 try_enter_cs
    {standard input}:254    .text.try_enter_cs:00000024 $d
    {standard input}:261    .text.exit_cs:00000000 $t
    {standard input}:268    .text.exit_cs:00000000 exit_cs
    {standard input}:296    .text.exit_cs:00000010 $d
    {standard input}:302    .text.FPGA_setaddr:00000000 $t
    {standard input}:309    .text.FPGA_setaddr:00000000 FPGA_setaddr
    {standard input}:356    .text.FPGA_setaddr:00000024 $d
    {standard input}:364    .text.unsafe_readuint32:00000000 $t
    {standard input}:371    .text.unsafe_readuint32:00000000 unsafe_readuint32
    {standard input}:460    .text.unsafe_readuint32:00000064 $d
    {standard input}:466    .text.safe_readuint32:00000000 $t
    {standard input}:473    .text.safe_readuint32:00000000 safe_readuint32
    {standard input}:591    .text.safe_readuint32:00000088 $d
    {standard input}:599    .text.unsafe_readbytes:00000000 $t
    {standard input}:606    .text.unsafe_readbytes:00000000 unsafe_readbytes
    {standard input}:678    .text.unsafe_readbytes:00000048 $d
    {standard input}:684    .text.safe_readbytes:00000000 $t
    {standard input}:691    .text.safe_readbytes:00000000 safe_readbytes
    {standard input}:794    .text.safe_readbytes:0000006c $d
    {standard input}:802    .text.unsafe_writebytes:00000000 $t
    {standard input}:809    .text.unsafe_writebytes:00000000 unsafe_writebytes
    {standard input}:880    .text.unsafe_writebytes:00000044 $d
    {standard input}:886    .text.smc_normaltiming:00000000 $t
    {standard input}:893    .text.smc_normaltiming:00000000 smc_normaltiming
    {standard input}:941    .text.smc_normaltiming:00000034 $d
    {standard input}:952    .text.smc_fasttiming:00000000 $t
    {standard input}:959    .text.smc_fasttiming:00000000 smc_fasttiming
    {standard input}:1007   .text.smc_fasttiming:00000034 $d
                           .group:00000000 wm4.0.bacf6c85951b42af729d707f36a7fff6
                           .group:00000000 wm4.stddef.h.39.99b5021e28f91cdb161c889e07266673
                           .group:00000000 wm4.parts.h.45.afc900689b2c82332e69d798acedc875
                           .group:00000000 wm4.tpaste.h.45.af3ee36765243b162c88f7f944858426
                           .group:00000000 wm4.stringz.h.45.c4f6cbe0005e6c1d2139bc6c0e4f4722
                           .group:00000000 wm4.mrepeat.h.59.c5daaed201a4340b0edf435161d0b77f
                           .group:00000000 wm4._newlib_version.h.4.875b979a44719054cd750d0952ad3fd6
                           .group:00000000 wm4.features.h.33.5bd1eea2d80518b50f7af0b5ce6750e0
                           .group:00000000 wm4._default_types.h.15.247e5cd201eca3442cbf5404108c4935
                           .group:00000000 wm4._intsup.h.10.cce27fed8484c08a33f522034c30d2b5
                           .group:00000000 wm4._stdint.h.10.c24fa3af3bc1706662bb5593a907e841
                           .group:00000000 wm4.stdint.h.23.d53047a68f4a85177f80b422d52785ed
                           .group:00000000 wm4.sam3u1c.h.220.c0b54b5a55bc87791749ae17b1487779
                           .group:00000000 wm4.core_cm3.h.32.5c59c312db585622d253fdb887b0afb1
                           .group:00000000 wm4.core_cmInstr.h.25.d8165482ef3061013a2fc83e2d85f3d9
                           .group:00000000 wm4.core_cm3.h.127.b561404f2a159dc517b409bc244d16c1
                           .group:00000000 wm4.component_adc.h.43.d49887380d07d1cd08cc4e37b3485e31
                           .group:00000000 wm4.component_adc12b.h.43.eadc09f1073923fb91f1f393cc397dcb
                           .group:00000000 wm4.component_chipid.h.43.15825c969b1cc9eeea3d9416499874c8
                           .group:00000000 wm4.component_dmac.h.43.cc8187b1cf6bfeadc91b14fdd28b9e8b
                           .group:00000000 wm4.component_efc.h.43.cb1b3997ad9ea3733ad421ecbfd02fdd
                           .group:00000000 wm4.component_gpbr.h.43.49b7e13894fe38b29f2243bbbe530227
                           .group:00000000 wm4.component_hsmci.h.43.7b7194c92e1480c038f3342f7cec440a
                           .group:00000000 wm4.component_matrix.h.43.1d209838fb75b4827119203a357141ee
                           .group:00000000 wm4.component_pdc.h.43.19528a5f9ef5a348234ea06f89069c55
                           .group:00000000 wm4.component_pio.h.43.163b46c3683ccf92e8de39a5554f50e8
                           .group:00000000 wm4.component_pmc.h.43.ee4f030602866917aeed15fb2b948de8
                           .group:00000000 wm4.component_pwm.h.43.ab6262a86f0aea354b43fe6dce7e7eb3
                           .group:00000000 wm4.component_rstc.h.43.4eb59dc2ddcf585fabf251d0c329fcdd
                           .group:00000000 wm4.component_rtc.h.43.ba8ccafc772b11d562a3cceab8b95072
                           .group:00000000 wm4.component_rtt.h.43.3206ef8f067e5e747c3c4c7e719c1429
                           .group:00000000 wm4.component_smc.h.43.907847915f1a5616734199d7e34424fa
                           .group:00000000 wm4.component_spi.h.43.a2a09df64ab768c0a32be55285c74ded
                           .group:00000000 wm4.component_ssc.h.43.d7c78f990c13fc511671b64798c4bcd0
                           .group:00000000 wm4.component_supc.h.43.7d17f8e5ed3ba815e84381152735062f
                           .group:00000000 wm4.component_tc.h.43.662eac8137408372b4f9d26c0b5f8621
                           .group:00000000 wm4.component_twi.h.43.eda18625bd851fc4605861f5b3240c0b
                           .group:00000000 wm4.component_uart.h.43.2d92735c5ea05c973661e1ba99a2f37c
                           .group:00000000 wm4.component_udphs.h.43.21cecd26a4e44df0013037f29f2716e4
                           .group:00000000 wm4.component_usart.h.43.7872f8f455adb38b67b9fbdb15657fbe
                           .group:00000000 wm4.component_wdt.h.43.e31e10a5469b62c3660b49ab250f802f
                           .group:00000000 wm4.instance_hsmci.h.43.e233236cc7fd5a805539a7ecc0e1d8d2
                           .group:00000000 wm4.instance_ssc.h.43.c0cfabc3b9f3bb60745c913111bce965
                           .group:00000000 wm4.instance_spi.h.43.570ae46af19e4179d9796872b9a8b9bc
                           .group:00000000 wm4.instance_tc0.h.43.049b3a82387d2961594190609e896a29
                           .group:00000000 wm4.instance_twi0.h.43.255dc0afa9e0d45eaea0a935eca2f103
                           .group:00000000 wm4.instance_twi1.h.43.652d1d407893f259f2a817544ba662c2
                           .group:00000000 wm4.instance_pwm.h.43.88294acec3ca56d6fc521038521a1567
                           .group:00000000 wm4.instance_usart0.h.43.e26677512aee3dd3bedd71d394410000
                           .group:00000000 wm4.instance_usart1.h.43.1ba97dbc6610d9fb3132b9d845688201
                           .group:00000000 wm4.instance_usart2.h.43.baa1bf30b3c5acdee90c4a1f50fe9ebd
                           .group:00000000 wm4.instance_udphs.h.43.b1ce94181e0d1f22877b81c6040a4363
                           .group:00000000 wm4.instance_adc12b.h.43.d73ed59e867ccdfdb846d9ef32a50c0c
                           .group:00000000 wm4.instance_adc.h.43.2b7611a00afeb4c555339b844d4b8456
                           .group:00000000 wm4.instance_dmac.h.43.ee72691d84889c8f285932be4a075ddb
                           .group:00000000 wm4.instance_smc.h.43.29610fd00979caaaa65821ad40e9da06
                           .group:00000000 wm4.instance_matrix.h.43.01ee474141594385374c41a29daeeefe
                           .group:00000000 wm4.instance_pmc.h.43.37430325ed7b8b24c3fe640c41c29ef5
                           .group:00000000 wm4.instance_uart.h.43.bd378395ba022bc8670c82ebe656fbbd
                           .group:00000000 wm4.instance_chipid.h.43.29cd8fb600f149aa58830fcc78fe36f9
                           .group:00000000 wm4.instance_efc0.h.43.6b85dba20721a7e9fc4350e78d193680
                           .group:00000000 wm4.instance_efc1.h.43.2c5e94fc4d2742678318d73450d08d57
                           .group:00000000 wm4.instance_pioa.h.43.eeb46cc3bfe01a1f28e67aa3a6851ed8
                           .group:00000000 wm4.instance_piob.h.43.652ce26b6c37ac56f9ed42a9216d9aca
                           .group:00000000 wm4.instance_rstc.h.43.c5de224364a50a85f237c0b864aa4c8f
                           .group:00000000 wm4.instance_supc.h.43.a5f1a5ca08f468ccf34ed3653e045f1f
                           .group:00000000 wm4.instance_rtt.h.43.8622b192c23334996132415e3095df7f
                           .group:00000000 wm4.instance_wdt.h.43.407ea53e133eacf09acf2c7fcb6b7524
                           .group:00000000 wm4.instance_rtc.h.43.f70b77f9180401c8d9d920cb4a1cd166
                           .group:00000000 wm4.instance_gpbr.h.43.9066cb40d557f6755101368854272348
                           .group:00000000 wm4.sam3u1c.h.312.ae446d8e874d34ca3df78faf190c678f
                           .group:00000000 wm4.pio_sam3u1c.h.43.18b24f16e1710ff2a400d88fe33c5107
                           .group:00000000 wm4.sam3u1c.h.442.cd4bbc3af493e98bc9b60c2905132ed0
                           .group:00000000 wm4.newlib.h.8.f6e543eac3f2f65163ba2ffe3b04987b
                           .group:00000000 wm4.ieeefp.h.77.d5685ba212d3ed6e914898d045f873e3
                           .group:00000000 wm4.config.h.220.6cac6a9685cfce5e83c17784171638d9
                           .group:00000000 wm4._ansi.h.31.de524f58584151836e90d8620a16f8e8
                           .group:00000000 wm4.stdio.h.31.7c0e28c411445f3f9c5b11accf882760
                           .group:00000000 wm4.stddef.h.161.19e15733342b50ead2919490b095303e
                           .group:00000000 wm4.cdefs.h.49.2bf373aedffd8b393ccd11dc057e8547
                           .group:00000000 wm4.stdarg.h.34.3a23a216c0c293b3d2ea2e89281481e6
                           .group:00000000 wm4.lock.h.2.1461d1fff82dffe8bfddc23307f6484f
                           .group:00000000 wm4._types.h.125.5cf8a495f1f7ef36777ad868a1e32068
                           .group:00000000 wm4.stddef.h.161.5349cb105733e8777bfb0cf53c4e3f34
                           .group:00000000 wm4._types.h.184.03611d4f6b5bec9997bcf4279eceba07
                           .group:00000000 wm4.reent.h.17.90c2574d4acdcfce933db5cb09ff35fe
                           .group:00000000 wm4.types.h.40.e8c16e7ec36ba55f133d0616070e25fc
                           .group:00000000 wm4._endian.h.31.65a10590763c3dde1ac4a7f66d7d4891
                           .group:00000000 wm4.endian.h.9.49f3a4695c1b61e8a0808de3c4a106cb
                           .group:00000000 wm4._timeval.h.30.0e8bfd94e85db17dda3286ee81496fe6
                           .group:00000000 wm4.timespec.h.41.d855182eb0e690443ab8651bcedca6e1
                           .group:00000000 wm4.select.h.19.97ca6fd0c752a0f3b6719fd314d361e6
                           .group:00000000 wm4.types.h.69.ed3eae3cf73030a737515151ebcab7a1
                           .group:00000000 wm4.sched.h.22.c60982713a5c428609783c78f9c78d95
                           .group:00000000 wm4._pthreadtypes.h.36.fcee9961c35163dde6267ef772ad1972
                           .group:00000000 wm4.stdio.h.2.4aa87247282eca6c8f36f9de33d8df1a
                           .group:00000000 wm4.stdio.h.81.932d0c162786b883f622b8d05c120c78
                           .group:00000000 wm4.stdbool.h.29.07dce69c3b78884144b7f7bd19483461
                           .group:00000000 wm4.stdlib.h.13.4ed386f5c1a80d71e72172885d946ef2
                           .group:00000000 wm4.alloca.h.8.dfc0c703c47ec3e69746825b17d9e66d
                           .group:00000000 wm4.stdlib.h.56.d4493cd3736e51e9d56335045f26df45
                           .group:00000000 wm4.compiler.h.88.0e6ad966134fa012ce9a34053d3f48aa
                           .group:00000000 wm4.interrupt_sam_nvic.h.45.4876da6c127868305d66389e87e0876f
                           .group:00000000 wm4.compiler.h.425.66dd29c210af3287ed85ec3553a3e6b1
                           .group:00000000 wm4.conf_clock.h.45.5dc276d21b4d793a62f1a9757cc18d5c
                           .group:00000000 wm4.board.h.48.ce8d06c36cc583d9bf62738411f62e4d
                           .group:00000000 wm4.cw521.h.62.d34c289ace4a92d90be8fb389db40479
                           .group:00000000 wm4.pmc.h.45.bbe1bf97a811e3b283420b2eeadf0b35
                           .group:00000000 wm4.osc.h.94.b766cddafe899eca01d775f7b2906680
                           .group:00000000 wm4.pll.h.45.a605c31ca466ae25752a678e8572be48
                           .group:00000000 wm4.sysclk.h.156.541a142b0016a365728ea1f7c0e3db84
                           .group:00000000 wm4.cycle_counter.h.44.fde38fb1acfd6555d72e65fae6e86af5
                           .group:00000000 wm4.delay.h.105.f2a8ab5e71eab0684cf6985b5c2fc9e8
                           .group:00000000 wm4.efc.h.45.ec5734119c630498df26106bacf9a684
                           .group:00000000 wm4.flash_efc.h.90.a4a39259055880dc10b861c5fe1b99e7
                           .group:00000000 wm4.pio.h.45.95f22b0ea02ddc698ec54fc56bf6f38c
                           .group:00000000 wm4.sam_gpio.h.50.76a45c51855d665134f8211cd601d693
                           .group:00000000 wm4.ioport_pio.h.44.373b34364b4ef25fac62017cd942a761
                           .group:00000000 wm4.sleep.h.45.ef10e1aee6f903405be19980a8333b7f
                           .group:00000000 wm4.smc.h.45.17a94aa976bb62b1109d03e8a314a569
                           .group:00000000 wm4.spi.h.45.712c66be09ffbac297c2e00923077297
                           .group:00000000 wm4.conf_sleepmgr.h.44.d825b913294720022fefe7201514fca3
                           .group:00000000 wm4.twi.h.45.ba70de99d200dafba570ce8f7058737a
                           .group:00000000 wm4.twi_master.h.90.08c062d0fa8f8aeea342ceeb79263395
                           .group:00000000 wm4.twi_slave.h.45.8b3d1a3d2e43ebc7d0161f4142989871
                           .group:00000000 wm4.uart.h.45.a5af743b8064bd84d1a6438457096e18
                           .group:00000000 wm4.usart.h.46.eae6fe592b7ea0768efef8d312e7f44f
                           .group:00000000 wm4.conf_uart_serial.h.45.245cdceaa1a3811fd043bf660ce38054
                           .group:00000000 wm4.conf_usb.h.45.dde1b096e128cb4c70cbe39d63ef79bf
                           .group:00000000 wm4.udi_vendor_conf.h.56.4348c8e521d040f44df868219dae6785
                           .group:00000000 wm4.usb_atmel.h.45.c31b525dbe01f8d9e2022a03356ec174
                           .group:00000000 wm4.usb_protocol.h.63.850c58f3469fce50a9ac9a6854f7594b
                           .group:00000000 wm4.usb_protocol_vendor.h.45.83dfe073428ff799abc3ed1c7b04c77d
                           .group:00000000 wm4.udc_desc.h.77.5fec235bd7553e7256e345e020840072
                           .group:00000000 wm4.udd.h.103.3ccc59b50c14ec70568e6136eeb22d56
                           .group:00000000 wm4.udi_vendor.h.125.7b9085237d4d4a9757f4c148fba1918d
                           .group:00000000 wm4.usb_xmem.h.16.2bfdefafb315212fe60310212368ffbb

UNDEFINED SYMBOLS
cpu_irq_enter_critical
cpu_irq_leave_critical
pio_sync_output_write
pio_set_pin_low
pio_set_pin_high
smc_set_setup_timing
smc_set_pulse_timing
smc_set_cycle_timing
smc_set_mode
