Copyright 1986-2019 Xilinx, Inc. All Rights Reserved.
---------------------------------------------------------------------------------------------
| Tool Version : Vivado v.2019.1 (win64) Build 2552052 Fri May 24 14:49:42 MDT 2019
| Date         : Thu Feb  4 11:46:29 2021
| Host         : qed running 64-bit major release  (build 9200)
| Command      : report_control_sets -verbose -file phywhisperer_top_control_sets_placed.rpt
| Design       : phywhisperer_top
| Device       : xc7s15
---------------------------------------------------------------------------------------------

Control Set Information

Table of Contents
-----------------
1. Summary
2. Histogram
3. Flip-Flop Distribution
4. Detailed Control Set Information

1. Summary
----------

+----------------------------------------------------------+-------+
|                          Status                          | Count |
+----------------------------------------------------------+-------+
| Total control sets                                       |   220 |
|    Minimum number of control sets                        |   220 |
|    Addition due to synthesis replication                 |     0 |
|    Addition due to physical synthesis replication        |     0 |
| Unused register locations in slices containing registers |    81 |
+----------------------------------------------------------+-------+
* Control sets can be merged at opt_design using control_set_merge or merge_equivalent_drivers
** Run report_qor_suggestions for automated merging and remapping suggestions


2. Histogram
------------

+--------------------+-------+
|       Fanout       | Count |
+--------------------+-------+
| Total control sets |   220 |
| >= 0 to < 4        |     1 |
| >= 4 to < 6        |     5 |
| >= 6 to < 8        |     0 |
| >= 8 to < 10       |   196 |
| >= 10 to < 12      |     0 |
| >= 12 to < 14      |     0 |
| >= 14 to < 16      |     2 |
| >= 16              |    16 |
+--------------------+-------+
* Control sets can be remapped at either synth_design or opt_design


3. Flip-Flop Distribution
-------------------------

+--------------+-----------------------+------------------------+-----------------+--------------+
| Clock Enable | Synchronous Set/Reset | Asynchronous Set/Reset | Total Registers | Total Slices |
+--------------+-----------------------+------------------------+-----------------+--------------+
| No           | No                    | No                     |             393 |           96 |
| No           | No                    | Yes                    |               3 |            2 |
| No           | Yes                   | No                     |            1258 |          325 |
| Yes          | No                    | No                     |              49 |           26 |
| Yes          | No                    | Yes                    |               0 |            0 |
| Yes          | Yes                   | No                     |            2248 |          739 |
+--------------+-----------------------+------------------------+-----------------+--------------+


4. Detailed Control Set Information
-----------------------------------

+--------------------------------+-----------------------------------------------+----------------------------------------------------------------------------------+------------------+----------------+
|          Clock Signal          |                 Enable Signal                 |                                 Set/Reset Signal                                 | Slice Load Count | Bel Load Count |
+--------------------------------+-----------------------------------------------+----------------------------------------------------------------------------------+------------------+----------------+
|  clk_fe_buf_BUFG               |                                               | U_fifo/U_fifo/U0/inst_fifo_gen/gconvfifo.rf/gbi.bi/g7ser_birst.rstbt/wr_rst_reg2 |                1 |              1 |
|  U_trigger_clock/inst/clk_out1 | U_trigger/U_match_cdc/E[0]                    |                                                                                  |                2 |              4 |
|  U_trigger_clock/inst/clk_out1 | U_trigger/FSM_onehot_state[2]_i_1_n_0         | U_reg_main/fpga_reset                                                            |                1 |              4 |
|  clk_usb_buf_BUFG              | U_usb_reg_main/reg_address_reg[5]_1[0]        | U_reg_main/fpga_reset                                                            |                1 |              4 |
|  clk_usb_buf_BUFG              | U_usb_reg_main/reg_address_reg[5]_0[0]        | U_reg_main/fpga_reset                                                            |                3 |              4 |
|  clk_fe_buf_BUFG               | U_reg_usb/U_stat_update_cdc/E[0]              | U_reg_main/fpga_reset                                                            |                3 |              5 |
|  clk_usb_buf_BUFG              | U_usb_reg_main/E[3]                           | U_reg_main/fpga_reset                                                            |                3 |              8 |
|  clk_usb_buf_BUFG              | U_usb_reg_main/reg_bytecnt_reg[5]_0[20]       | U_reg_main/fpga_reset                                                            |                3 |              8 |
|  clk_usb_buf_BUFG              | U_usb_reg_main/reg_bytecnt_reg[5]_0[3]        | U_reg_main/fpga_reset                                                            |                2 |              8 |
|  clk_usb_buf_BUFG              | U_usb_reg_main/reg_bytecnt_reg[5]_0[4]        | U_reg_main/fpga_reset                                                            |                3 |              8 |
|  clk_usb_buf_BUFG              | U_usb_reg_main/reg_bytecnt_reg[5]_0[5]        | U_reg_main/fpga_reset                                                            |                6 |              8 |
|  clk_usb_buf_BUFG              | U_usb_reg_main/reg_bytecnt_reg[5]_0[6]        | U_reg_main/fpga_reset                                                            |                4 |              8 |
|  clk_usb_buf_BUFG              | U_usb_reg_main/reg_bytecnt_reg[5]_0[11]       | U_reg_main/fpga_reset                                                            |                2 |              8 |
|  clk_fe_buf_BUFG               | U_pattern_matcher/bytes_received              | U_reg_main/SR[0]                                                                 |                2 |              8 |
|  clk_usb_buf_BUFG              | U_usb_reg_main/reg_bytecnt_reg[5]_0[21]       | U_reg_main/fpga_reset                                                            |                2 |              8 |
|  clk_usb_buf_BUFG              | U_usb_reg_main/reg_bytecnt_reg[5]_0[23]       | U_reg_main/fpga_reset                                                            |                7 |              8 |
|  clk_usb_buf_BUFG              | U_usb_reg_main/reg_bytecnt_reg[5]_0[15]       | U_reg_main/fpga_reset                                                            |                2 |              8 |
|  clk_usb_buf_BUFG              | U_usb_reg_main/reg_bytecnt_reg[5]_0[7]        | U_reg_main/fpga_reset                                                            |                3 |              8 |
|  clk_usb_buf_BUFG              | U_usb_reg_main/reg_bytecnt_reg[5]_0[2]        | U_reg_main/fpga_reset                                                            |                7 |              8 |
|  clk_usb_buf_BUFG              | U_usb_reg_main/reg_bytecnt_reg[5]_0[10]       | U_reg_main/fpga_reset                                                            |                4 |              8 |
|  clk_usb_buf_BUFG              | U_usb_reg_main/reg_bytecnt_reg[5]_0[18]       | U_reg_main/fpga_reset                                                            |                2 |              8 |
|  clk_fe_buf_BUFG               | fe_rxvalid_IBUF                               | U_reg_main/fpga_reset                                                            |                3 |              8 |
|  clk_usb_buf_BUFG              | U_usb_reg_main/reg_bytecnt_reg[5]_0[1]        | U_reg_main/fpga_reset                                                            |                3 |              8 |
|  clk_usb_buf_BUFG              | U_usb_reg_main/reg_bytecnt_reg[5]_0[16]       | U_reg_main/fpga_reset                                                            |                5 |              8 |
|  clk_usb_buf_BUFG              |                                               | U_usb_reg_main/SR[0]                                                             |                6 |              8 |
|  clk_usb_buf_BUFG              | U_usb_reg_main/reg_write_reg_0[1]             | U_reg_main/fpga_reset                                                            |                2 |              8 |
|  clk_usb_buf_BUFG              | U_usb_reg_main/reg_write_reg_3[0]             | U_reg_main/fpga_reset                                                            |                4 |              8 |
|  clk_usb_buf_BUFG              | U_usb_reg_main/reg_write_reg_0[0]             | U_reg_main/fpga_reset                                                            |                1 |              8 |
|  clk_usb_buf_BUFG              | U_usb_reg_main/reg_write_reg_0[2]             | U_reg_main/fpga_reset                                                            |                1 |              8 |
|  clk_usb_buf_BUFG              | U_usb_reg_main/reg_address_reg[3]_8[49]       | U_reg_main/fpga_reset                                                            |                1 |              8 |
|  clk_usb_buf_BUFG              | U_usb_reg_main/reg_datao0                     |                                                                                  |                5 |              8 |
|  clk_usb_buf_BUFG              | U_usb_reg_main/E[1]                           | U_reg_main/fpga_reset                                                            |                2 |              8 |
|  clk_usb_buf_BUFG              | U_usb_reg_main/reg_write_reg_1                | U_reg_main/fpga_reset                                                            |                3 |              8 |
|  clk_usb_buf_BUFG              | U_usb_reg_main/E[0]                           | U_reg_main/fpga_reset                                                            |                4 |              8 |
|  clk_usb_buf_BUFG              | U_usb_reg_main/E[6]                           | U_reg_main/fpga_reset                                                            |                3 |              8 |
|  clk_usb_buf_BUFG              | U_usb_reg_main/E[7]                           | U_reg_main/fpga_reset                                                            |                2 |              8 |
|  clk_usb_buf_BUFG              | U_usb_reg_main/E[8]                           | U_reg_main/fpga_reset                                                            |                6 |              8 |
|  clk_usb_buf_BUFG              | U_usb_reg_main/E[12]                          | U_reg_main/fpga_reset                                                            |                1 |              8 |
|  clk_usb_buf_BUFG              | U_usb_reg_main/E[13]                          | U_reg_main/fpga_reset                                                            |                3 |              8 |
|  clk_usb_buf_BUFG              | U_usb_reg_main/E[9]                           | U_reg_main/fpga_reset                                                            |                4 |              8 |
|  clk_usb_buf_BUFG              | U_usb_reg_main/E[4]                           | U_reg_main/fpga_reset                                                            |                4 |              8 |
|  clk_usb_buf_BUFG              | U_usb_reg_main/E[14]                          | U_reg_main/fpga_reset                                                            |                4 |              8 |
|  clk_usb_buf_BUFG              | U_usb_reg_main/E[17]                          | U_reg_main/fpga_reset                                                            |                3 |              8 |
|  clk_usb_buf_BUFG              | U_usb_reg_main/reg_write_reg_2                | U_reg_main/fpga_reset                                                            |                3 |              8 |
|  clk_usb_buf_BUFG              | U_usb_reg_main/E[18]                          | U_reg_main/fpga_reset                                                            |                5 |              8 |
|  clk_usb_buf_BUFG              | U_usb_reg_main/E[19]                          | U_reg_main/fpga_reset                                                            |                3 |              8 |
|  clk_usb_buf_BUFG              | U_usb_reg_main/E[20]                          | U_reg_main/fpga_reset                                                            |                3 |              8 |
|  clk_usb_buf_BUFG              | U_usb_reg_main/E[21]                          | U_reg_main/fpga_reset                                                            |                4 |              8 |
|  clk_usb_buf_BUFG              | U_usb_reg_main/E[22]                          | U_reg_main/fpga_reset                                                            |                2 |              8 |
|  clk_usb_buf_BUFG              | U_usb_reg_main/E[23]                          | U_reg_main/fpga_reset                                                            |                4 |              8 |
|  clk_usb_buf_BUFG              | U_usb_reg_main/E[5]                           | U_reg_main/fpga_reset                                                            |                4 |              8 |
|  clk_usb_buf_BUFG              | U_usb_reg_main/reg_userio_pwdriven            | U_reg_main/fpga_reset                                                            |                4 |              8 |
|  clk_usb_buf_BUFG              | U_usb_reg_main/E[2]                           | U_reg_main/fpga_reset                                                            |                4 |              8 |
|  clk_usb_buf_BUFG              | U_usb_reg_main/E[10]                          | U_reg_main/fpga_reset                                                            |                3 |              8 |
|  clk_usb_buf_BUFG              | U_usb_reg_main/E[11]                          | U_reg_main/fpga_reset                                                            |                3 |              8 |
|  clk_usb_buf_BUFG              | U_usb_reg_main/E[15]                          | U_reg_main/fpga_reset                                                            |                4 |              8 |
|  clk_usb_buf_BUFG              | U_usb_reg_main/E[16]                          | U_reg_main/fpga_reset                                                            |                2 |              8 |
|  clk_usb_buf_BUFG              | U_usb_reg_main/reg_address_reg[3]_8[0]        | U_reg_main/fpga_reset                                                            |                2 |              8 |
|  clk_usb_buf_BUFG              | U_usb_reg_main/reg_address_reg[3]_8[1]        | U_reg_main/fpga_reset                                                            |                2 |              8 |
|  clk_usb_buf_BUFG              | U_usb_reg_main/reg_address_reg[3]_8[2]        | U_reg_main/fpga_reset                                                            |                2 |              8 |
|  clk_usb_buf_BUFG              | U_usb_reg_main/reg_address_reg[3]_8[5]        | U_reg_main/fpga_reset                                                            |                2 |              8 |
|  clk_usb_buf_BUFG              | U_usb_reg_main/reg_address_reg[3]_8[9]        | U_reg_main/fpga_reset                                                            |                2 |              8 |
|  clk_usb_buf_BUFG              | U_usb_reg_main/reg_address_reg[0]_0[2]        | U_reg_main/fpga_reset                                                            |                2 |              8 |
|  clk_usb_buf_BUFG              | U_usb_reg_main/reg_address_reg[3]_8[4]        | U_reg_main/fpga_reset                                                            |                4 |              8 |
|  clk_usb_buf_BUFG              | U_usb_reg_main/reg_address_reg[3]_8[8]        | U_reg_main/fpga_reset                                                            |                2 |              8 |
|  clk_usb_buf_BUFG              | U_usb_reg_main/reg_address_reg[3]_8[10]       | U_reg_main/fpga_reset                                                            |                1 |              8 |
|  clk_usb_buf_BUFG              | U_usb_reg_main/reg_address_reg[3]_8[11]       | U_reg_main/fpga_reset                                                            |                2 |              8 |
|  clk_usb_buf_BUFG              | U_usb_reg_main/reg_address_reg[0]_0[0]        | U_reg_main/fpga_reset                                                            |                3 |              8 |
|  clk_usb_buf_BUFG              | U_usb_reg_main/reg_address_reg[3]_8[3]        | U_reg_main/fpga_reset                                                            |                2 |              8 |
|  clk_usb_buf_BUFG              | U_usb_reg_main/reg_address_reg[3]_8[12]       | U_reg_main/fpga_reset                                                            |                2 |              8 |
|  clk_usb_buf_BUFG              | U_usb_reg_main/reg_address_reg[3]_8[7]        | U_reg_main/fpga_reset                                                            |                3 |              8 |
|  clk_usb_buf_BUFG              | U_usb_reg_main/reg_address_reg[3]_8[6]        | U_reg_main/fpga_reset                                                            |                2 |              8 |
|  clk_usb_buf_BUFG              | U_usb_reg_main/reg_address_reg[3]_8[13]       | U_reg_main/fpga_reset                                                            |                1 |              8 |
|  clk_usb_buf_BUFG              | U_usb_reg_main/reg_address_reg[3]_8[14]       | U_reg_main/fpga_reset                                                            |                2 |              8 |
|  clk_usb_buf_BUFG              | U_usb_reg_main/reg_address_reg[0]_0[1]        | U_reg_main/fpga_reset                                                            |                2 |              8 |
|  clk_usb_buf_BUFG              | U_usb_reg_main/reg_address_reg[3]_9[5]        | U_reg_main/fpga_reset                                                            |                2 |              8 |
|  clk_usb_buf_BUFG              | U_usb_reg_main/reg_address_reg[3]_8[32]       | U_reg_main/fpga_reset                                                            |                2 |              8 |
|  clk_usb_buf_BUFG              | U_usb_reg_main/reg_address_reg[3]_8[58]       | U_reg_main/fpga_reset                                                            |                2 |              8 |
|  clk_usb_buf_BUFG              | U_usb_reg_main/reg_address_reg[3]_8[30]       | U_reg_main/fpga_reset                                                            |                3 |              8 |
|  clk_usb_buf_BUFG              | U_usb_reg_main/reg_address_reg[3]_8[56]       | U_reg_main/fpga_reset                                                            |                2 |              8 |
|  clk_usb_buf_BUFG              | U_usb_reg_main/reg_address_reg[3]_9[0]        | U_reg_main/fpga_reset                                                            |                4 |              8 |
|  clk_usb_buf_BUFG              | U_usb_reg_main/reg_address_reg[3]_9[6]        | U_reg_main/fpga_reset                                                            |                4 |              8 |
|  clk_usb_buf_BUFG              | U_usb_reg_main/reg_address_reg[3]_8[29]       | U_reg_main/fpga_reset                                                            |                2 |              8 |
|  clk_usb_buf_BUFG              | U_usb_reg_main/reg_address_reg[3]_8[15]       | U_reg_main/fpga_reset                                                            |                3 |              8 |
|  clk_usb_buf_BUFG              | U_usb_reg_main/reg_address_reg[3]_8[31]       | U_reg_main/fpga_reset                                                            |                3 |              8 |
|  clk_usb_buf_BUFG              | U_usb_reg_main/reg_address_reg[3]_8[44]       | U_reg_main/fpga_reset                                                            |                2 |              8 |
|  clk_usb_buf_BUFG              | U_usb_reg_main/reg_address_reg[3]_8[55]       | U_reg_main/fpga_reset                                                            |                2 |              8 |
|  clk_usb_buf_BUFG              | U_usb_reg_main/reg_address_reg[3]_8[57]       | U_reg_main/fpga_reset                                                            |                5 |              8 |
|  clk_usb_buf_BUFG              | U_usb_reg_main/reg_address_reg[3]_8[60]       | U_reg_main/fpga_reset                                                            |                2 |              8 |
|  clk_usb_buf_BUFG              | U_usb_reg_main/reg_address_reg[3]_9[3]        | U_reg_main/fpga_reset                                                            |                3 |              8 |
|  clk_usb_buf_BUFG              | U_usb_reg_main/reg_address_reg[3]_8[42]       | U_reg_main/fpga_reset                                                            |                2 |              8 |
|  clk_usb_buf_BUFG              | U_usb_reg_main/reg_address_reg[3]_8[63]       | U_reg_main/fpga_reset                                                            |                2 |              8 |
|  clk_usb_buf_BUFG              | U_usb_reg_main/reg_address_reg[3]_8[18]       | U_reg_main/fpga_reset                                                            |                3 |              8 |
|  clk_usb_buf_BUFG              | U_usb_reg_main/reg_address_reg[3]_8[25]       | U_reg_main/fpga_reset                                                            |                2 |              8 |
|  clk_usb_buf_BUFG              | U_usb_reg_main/reg_address_reg[3]_8[51]       | U_reg_main/fpga_reset                                                            |                4 |              8 |
|  clk_usb_buf_BUFG              | U_usb_reg_main/reg_address_reg[3]_9[11]       | U_reg_main/fpga_reset                                                            |                1 |              8 |
|  clk_usb_buf_BUFG              | U_usb_reg_main/reg_address_reg[3]_8[53]       | U_reg_main/fpga_reset                                                            |                2 |              8 |
|  clk_usb_buf_BUFG              | U_usb_reg_main/reg_address_reg[3]_9[12]       | U_reg_main/fpga_reset                                                            |                3 |              8 |
|  clk_usb_buf_BUFG              | U_usb_reg_main/reg_address_reg[3]_9[13]       | U_reg_main/fpga_reset                                                            |                2 |              8 |
|  clk_usb_buf_BUFG              | U_usb_reg_main/reg_address_reg[3]_8[22]       | U_reg_main/fpga_reset                                                            |                2 |              8 |
|  clk_usb_buf_BUFG              | U_usb_reg_main/reg_address_reg[3]_8[23]       | U_reg_main/fpga_reset                                                            |                1 |              8 |
|  clk_usb_buf_BUFG              | U_usb_reg_main/reg_address_reg[3]_8[43]       | U_reg_main/fpga_reset                                                            |                3 |              8 |
|  clk_usb_buf_BUFG              | U_usb_reg_main/reg_address_reg[3]_8[17]       | U_reg_main/fpga_reset                                                            |                3 |              8 |
|  clk_usb_buf_BUFG              | U_usb_reg_main/reg_address_reg[3]_8[20]       | U_reg_main/fpga_reset                                                            |                2 |              8 |
|  clk_usb_buf_BUFG              | U_usb_reg_main/reg_address_reg[3]_8[21]       | U_reg_main/fpga_reset                                                            |                2 |              8 |
|  clk_usb_buf_BUFG              | U_usb_reg_main/reg_address_reg[3]_8[24]       | U_reg_main/fpga_reset                                                            |                2 |              8 |
|  clk_usb_buf_BUFG              | U_usb_reg_main/reg_address_reg[3]_8[46]       | U_reg_main/fpga_reset                                                            |                3 |              8 |
|  clk_usb_buf_BUFG              | U_usb_reg_main/reg_address_reg[3]_8[39]       | U_reg_main/fpga_reset                                                            |                4 |              8 |
|  clk_usb_buf_BUFG              | U_usb_reg_main/reg_address_reg[3]_8[19]       | U_reg_main/fpga_reset                                                            |                3 |              8 |
|  clk_usb_buf_BUFG              | U_usb_reg_main/reg_address_reg[3]_8[47]       | U_reg_main/fpga_reset                                                            |                4 |              8 |
|  clk_usb_buf_BUFG              | U_usb_reg_main/reg_address_reg[3]_9[26]       | U_reg_main/fpga_reset                                                            |                3 |              8 |
|  clk_usb_buf_BUFG              | U_usb_reg_main/reg_address_reg[3]_8[50]       | U_reg_main/fpga_reset                                                            |                2 |              8 |
|  clk_usb_buf_BUFG              | U_usb_reg_main/reg_address_reg[3]_9[1]        | U_reg_main/fpga_reset                                                            |                2 |              8 |
|  clk_usb_buf_BUFG              | U_usb_reg_main/reg_address_reg[3]_9[8]        | U_reg_main/fpga_reset                                                            |                2 |              8 |
|  clk_usb_buf_BUFG              | U_usb_reg_main/reg_address_reg[3]_9[9]        | U_reg_main/fpga_reset                                                            |                1 |              8 |
|  clk_usb_buf_BUFG              | U_usb_reg_main/reg_address_reg[3]_9[14]       | U_reg_main/fpga_reset                                                            |                2 |              8 |
|  clk_usb_buf_BUFG              | U_usb_reg_main/reg_address_reg[3]_8[28]       | U_reg_main/fpga_reset                                                            |                1 |              8 |
|  clk_usb_buf_BUFG              | U_usb_reg_main/reg_address_reg[3]_8[33]       | U_reg_main/fpga_reset                                                            |                3 |              8 |
|  clk_usb_buf_BUFG              | U_usb_reg_main/reg_address_reg[3]_8[38]       | U_reg_main/fpga_reset                                                            |                2 |              8 |
|  clk_usb_buf_BUFG              | U_usb_reg_main/reg_address_reg[3]_8[52]       | U_reg_main/fpga_reset                                                            |                2 |              8 |
|  clk_usb_buf_BUFG              | U_usb_reg_main/reg_address_reg[3]_8[54]       | U_reg_main/fpga_reset                                                            |                3 |              8 |
|  clk_usb_buf_BUFG              | U_usb_reg_main/reg_address_reg[3]_8[16]       | U_reg_main/fpga_reset                                                            |                3 |              8 |
|  clk_usb_buf_BUFG              | U_usb_reg_main/reg_address_reg[3]_8[35]       | U_reg_main/fpga_reset                                                            |                3 |              8 |
|  clk_usb_buf_BUFG              | U_usb_reg_main/reg_address_reg[3]_8[40]       | U_reg_main/fpga_reset                                                            |                2 |              8 |
|  clk_usb_buf_BUFG              | U_usb_reg_main/reg_address_reg[3]_8[59]       | U_reg_main/fpga_reset                                                            |                2 |              8 |
|  clk_usb_buf_BUFG              | U_usb_reg_main/reg_address_reg[3]_8[61]       | U_reg_main/fpga_reset                                                            |                2 |              8 |
|  clk_usb_buf_BUFG              | U_usb_reg_main/reg_address_reg[3]_9[4]        | U_reg_main/fpga_reset                                                            |                2 |              8 |
|  clk_usb_buf_BUFG              | U_usb_reg_main/reg_address_reg[3]_8[41]       | U_reg_main/fpga_reset                                                            |                3 |              8 |
|  clk_usb_buf_BUFG              | U_usb_reg_main/reg_address_reg[3]_9[2]        | U_reg_main/fpga_reset                                                            |                2 |              8 |
|  clk_usb_buf_BUFG              | U_usb_reg_main/reg_address_reg[3]_9[10]       | U_reg_main/fpga_reset                                                            |                2 |              8 |
|  clk_usb_buf_BUFG              | U_usb_reg_main/reg_address_reg[3]_9[7]        | U_reg_main/fpga_reset                                                            |                4 |              8 |
|  clk_usb_buf_BUFG              | U_usb_reg_main/reg_address_reg[3]_8[34]       | U_reg_main/fpga_reset                                                            |                2 |              8 |
|  clk_usb_buf_BUFG              | U_usb_reg_main/reg_address_reg[3]_8[37]       | U_reg_main/fpga_reset                                                            |                1 |              8 |
|  clk_usb_buf_BUFG              | U_usb_reg_main/reg_address_reg[3]_8[26]       | U_reg_main/fpga_reset                                                            |                3 |              8 |
|  clk_usb_buf_BUFG              | U_usb_reg_main/reg_address_reg[3]_8[27]       | U_reg_main/fpga_reset                                                            |                2 |              8 |
|  clk_usb_buf_BUFG              | U_usb_reg_main/reg_address_reg[3]_8[36]       | U_reg_main/fpga_reset                                                            |                3 |              8 |
|  clk_usb_buf_BUFG              | U_usb_reg_main/reg_address_reg[3]_8[45]       | U_reg_main/fpga_reset                                                            |                2 |              8 |
|  clk_usb_buf_BUFG              | U_usb_reg_main/reg_address_reg[3]_8[48]       | U_reg_main/fpga_reset                                                            |                1 |              8 |
|  clk_usb_buf_BUFG              | U_usb_reg_main/reg_address_reg[3]_8[62]       | U_reg_main/fpga_reset                                                            |                1 |              8 |
|  clk_usb_buf_BUFG              | U_usb_reg_main/reg_address_reg[3]_9[51]       | U_reg_main/fpga_reset                                                            |                2 |              8 |
|  clk_usb_buf_BUFG              | U_usb_reg_main/reg_address_reg[3]_9[61]       | U_reg_main/fpga_reset                                                            |                3 |              8 |
|  clk_usb_buf_BUFG              | U_usb_reg_main/reg_address_reg[5]_3[0]        | U_reg_main/fpga_reset                                                            |                2 |              8 |
|  clk_usb_buf_BUFG              | U_usb_reg_main/reg_address_reg[3]_9[36]       | U_reg_main/fpga_reset                                                            |                3 |              8 |
|  clk_usb_buf_BUFG              | U_usb_reg_main/reg_address_reg[3]_9[37]       | U_reg_main/fpga_reset                                                            |                2 |              8 |
|  clk_usb_buf_BUFG              | U_usb_reg_main/reg_address_reg[3]_9[33]       | U_reg_main/fpga_reset                                                            |                3 |              8 |
|  clk_usb_buf_BUFG              | U_usb_reg_main/reg_address_reg[3]_9[43]       | U_reg_main/fpga_reset                                                            |                3 |              8 |
|  clk_usb_buf_BUFG              | U_usb_reg_main/reg_address_reg[3]_9[46]       | U_reg_main/fpga_reset                                                            |                3 |              8 |
|  clk_usb_buf_BUFG              | U_usb_reg_main/reg_address_reg[3]_9[53]       | U_reg_main/fpga_reset                                                            |                1 |              8 |
|  clk_usb_buf_BUFG              | U_usb_reg_main/reg_address_reg[5]_4[0]        | U_reg_main/fpga_reset                                                            |                5 |              8 |
|  clk_usb_buf_BUFG              | U_usb_reg_main/reg_address_reg[3]_9[32]       | U_reg_main/fpga_reset                                                            |                2 |              8 |
|  clk_usb_buf_BUFG              | U_usb_reg_main/reg_address_reg[3]_9[60]       | U_reg_main/fpga_reset                                                            |                2 |              8 |
|  clk_usb_buf_BUFG              | U_usb_reg_main/reg_address_reg[3]_9[42]       | U_reg_main/fpga_reset                                                            |                5 |              8 |
|  clk_usb_buf_BUFG              | U_usb_reg_main/reg_address_reg[3]_9[35]       | U_reg_main/fpga_reset                                                            |                3 |              8 |
|  clk_usb_buf_BUFG              | U_usb_reg_main/reg_address_reg[5]_3[1]        | U_reg_main/fpga_reset                                                            |                4 |              8 |
|  clk_usb_buf_BUFG              | U_usb_reg_main/reg_address_reg[3]_9[44]       | U_reg_main/fpga_reset                                                            |                2 |              8 |
|  clk_usb_buf_BUFG              | U_usb_reg_main/reg_address_reg[3]_9[29]       | U_reg_main/fpga_reset                                                            |                1 |              8 |
|  clk_usb_buf_BUFG              | U_usb_reg_main/reg_address_reg[3]_9[55]       | U_reg_main/fpga_reset                                                            |                3 |              8 |
|  clk_usb_buf_BUFG              | U_usb_reg_main/reg_address_reg[3]_9[34]       | U_reg_main/fpga_reset                                                            |                3 |              8 |
|  clk_usb_buf_BUFG              | U_usb_reg_main/reg_address_reg[3]_9[15]       | U_reg_main/fpga_reset                                                            |                4 |              8 |
|  clk_usb_buf_BUFG              | U_usb_reg_main/reg_address_reg[3]_9[63]       | U_reg_main/fpga_reset                                                            |                1 |              8 |
|  clk_usb_buf_BUFG              | U_usb_reg_main/reg_address_reg[3]_9[62]       | U_reg_main/fpga_reset                                                            |                2 |              8 |
|  clk_usb_buf_BUFG              | U_usb_reg_main/reg_address_reg[3]_9[18]       | U_reg_main/fpga_reset                                                            |                2 |              8 |
|  clk_usb_buf_BUFG              | U_usb_reg_main/reg_address_reg[3]_9[23]       | U_reg_main/fpga_reset                                                            |                2 |              8 |
|  clk_usb_buf_BUFG              | U_usb_reg_main/reg_address_reg[3]_9[45]       | U_reg_main/fpga_reset                                                            |                2 |              8 |
|  clk_usb_buf_BUFG              | U_usb_reg_main/reg_address_reg[3]_9[58]       | U_reg_main/fpga_reset                                                            |                2 |              8 |
|  clk_usb_buf_BUFG              | U_usb_reg_main/reg_address_reg[3]_9[22]       | U_reg_main/fpga_reset                                                            |                4 |              8 |
|  clk_usb_buf_BUFG              | U_usb_reg_main/reg_address_reg[3]_9[39]       | U_reg_main/fpga_reset                                                            |                5 |              8 |
|  clk_usb_buf_BUFG              | U_usb_reg_main/reg_address_reg[3]_9[47]       | U_reg_main/fpga_reset                                                            |                2 |              8 |
|  clk_usb_buf_BUFG              | U_usb_reg_main/reg_address_reg[3]_9[27]       | U_reg_main/fpga_reset                                                            |                2 |              8 |
|  clk_usb_buf_BUFG              | U_usb_reg_main/reg_address_reg[3]_9[24]       | U_reg_main/fpga_reset                                                            |                2 |              8 |
|  clk_usb_buf_BUFG              | U_usb_reg_main/reg_address_reg[3]_9[57]       | U_reg_main/fpga_reset                                                            |                3 |              8 |
|  clk_usb_buf_BUFG              | U_usb_reg_main/reg_address_reg[5]_2[0]        | U_reg_main/fpga_reset                                                            |                2 |              8 |
|  clk_usb_buf_BUFG              | U_usb_reg_main/reg_address_reg[3]_9[54]       | U_reg_main/fpga_reset                                                            |                2 |              8 |
|  clk_usb_buf_BUFG              | U_usb_reg_main/reg_address_reg[5]_2[1]        | U_reg_main/fpga_reset                                                            |                5 |              8 |
|  clk_usb_buf_BUFG              | U_usb_reg_main/reg_address_reg[5]_2[2]        | U_reg_main/fpga_reset                                                            |                2 |              8 |
|  clk_usb_buf_BUFG              | U_usb_reg_main/reg_address_reg[3]_9[30]       | U_reg_main/fpga_reset                                                            |                3 |              8 |
|  clk_usb_buf_BUFG              | U_usb_reg_main/reg_address_reg[3]_9[49]       | U_reg_main/fpga_reset                                                            |                3 |              8 |
|  clk_usb_buf_BUFG              | U_usb_reg_main/reg_address_reg[3]_9[17]       | U_reg_main/fpga_reset                                                            |                2 |              8 |
|  clk_usb_buf_BUFG              | U_usb_reg_main/reg_address_reg[3]_9[19]       | U_reg_main/fpga_reset                                                            |                3 |              8 |
|  clk_usb_buf_BUFG              | U_usb_reg_main/reg_address_reg[3]_9[40]       | U_reg_main/fpga_reset                                                            |                1 |              8 |
|  clk_usb_buf_BUFG              | U_usb_reg_main/reg_address_reg[3]_9[20]       | U_reg_main/fpga_reset                                                            |                2 |              8 |
|  clk_usb_buf_BUFG              | U_usb_reg_main/reg_address_reg[3]_9[38]       | U_reg_main/fpga_reset                                                            |                2 |              8 |
|  clk_usb_buf_BUFG              | U_usb_reg_main/reg_address_reg[3]_9[41]       | U_reg_main/fpga_reset                                                            |                2 |              8 |
|  clk_usb_buf_BUFG              | U_usb_reg_main/reg_address_reg[3]_9[28]       | U_reg_main/fpga_reset                                                            |                3 |              8 |
|  clk_usb_buf_BUFG              | U_usb_reg_main/reg_address_reg[3]_9[52]       | U_reg_main/fpga_reset                                                            |                2 |              8 |
|  clk_usb_buf_BUFG              | U_usb_reg_main/reg_address_reg[3]_9[56]       | U_reg_main/fpga_reset                                                            |                5 |              8 |
|  clk_usb_buf_BUFG              | U_usb_reg_main/reg_address_reg[3]_9[59]       | U_reg_main/fpga_reset                                                            |                4 |              8 |
|  clk_usb_buf_BUFG              | U_usb_reg_main/reg_address_reg[3]_9[25]       | U_reg_main/fpga_reset                                                            |                2 |              8 |
|  clk_usb_buf_BUFG              | U_usb_reg_main/reg_address_reg[3]_9[31]       | U_reg_main/fpga_reset                                                            |                2 |              8 |
|  clk_usb_buf_BUFG              | U_usb_reg_main/reg_address_reg[3]_9[48]       | U_reg_main/fpga_reset                                                            |                2 |              8 |
|  clk_usb_buf_BUFG              | U_usb_reg_main/reg_address_reg[3]_9[21]       | U_reg_main/fpga_reset                                                            |                2 |              8 |
|  clk_usb_buf_BUFG              | U_usb_reg_main/reg_address_reg[3]_9[50]       | U_reg_main/fpga_reset                                                            |                2 |              8 |
|  clk_usb_buf_BUFG              | U_usb_reg_main/reg_address_reg[3]_9[16]       | U_reg_main/fpga_reset                                                            |                4 |              8 |
|  clk_usb_buf_BUFG              | U_usb_reg_main/reg_bytecnt_reg[5]_0[12]       | U_reg_main/fpga_reset                                                            |                6 |              8 |
|  clk_usb_buf_BUFG              | U_usb_reg_main/reg_bytecnt_reg[5]_0[19]       | U_reg_main/fpga_reset                                                            |                3 |              8 |
|  clk_usb_buf_BUFG              | U_usb_reg_main/reg_bytecnt_reg[5]_0[13]       | U_reg_main/fpga_reset                                                            |                4 |              8 |
|  clk_usb_buf_BUFG              | U_usb_reg_main/reg_bytecnt_reg[5]_0[9]        | U_reg_main/fpga_reset                                                            |                2 |              8 |
|  clk_usb_buf_BUFG              | U_usb_reg_main/reg_bytecnt_reg[5]_0[14]       | U_reg_main/fpga_reset                                                            |                3 |              8 |
|  clk_usb_buf_BUFG              | U_usb_reg_main/reg_bytecnt_reg[5]_0[17]       | U_reg_main/fpga_reset                                                            |                4 |              8 |
|  clk_usb_buf_BUFG              | U_usb_reg_main/reg_bytecnt_reg[5]_0[0]        | U_reg_main/fpga_reset                                                            |                4 |              8 |
|  clk_usb_buf_BUFG              | U_usb_reg_main/reg_bytecnt_reg[5]_0[22]       | U_reg_main/fpga_reset                                                            |                1 |              8 |
|  clk_usb_buf_BUFG              | U_usb_reg_main/reg_bytecnt_reg[5]_0[8]        | U_reg_main/fpga_reset                                                            |                7 |              8 |
|  clk_fe_buf_BUFG               | U_fe_capture_main/p_1_in                      | U_reg_main/ctr_running_reg_0[0]                                                  |                4 |             15 |
|  clk_fe_buf_BUFG               | U_reg_main/event_reg_reg[0]                   | U_reg_main/ctr_running_reg[0]                                                    |                2 |             15 |
|  clk_fe_buf_BUFG               | U_fe_capture_main/E[0]                        | U_reg_main/fpga_reset                                                            |                7 |             16 |
|  U_trigger_clock/inst/clk_out1 | U_trigger/trigger_width[16]_i_1_n_0           |                                                                                  |                8 |             17 |
|  clk_fe_buf_BUFG               | U_pattern_matcher/delay_counter_fe            | U_trigger/delay_counter_fe[0]_i_1_n_0                                            |                5 |             18 |
|  clk_usb_buf_BUFG              | U_usb_reg_main/fifo_empty_r_reg[0]            | U_reg_main/fpga_reset                                                            |                6 |             18 |
|  U_trigger_clock/inst/clk_out1 | U_trigger/U_match_cdc/FSM_onehot_state_reg[0] | U_trigger/delay_counter[19]_i_1_n_0                                              |                5 |             19 |
|  U_trigger_clock/inst/clk_out1 | U_trigger/trigger_delay[19]_i_1_n_0           |                                                                                  |               11 |             20 |
|  clk_fe_buf_BUFG               | U_fe_capture_main/capture_count[0]_i_2_n_0    | U_fe_capture_main/capture_count[0]_i_1_n_0                                       |                6 |             24 |
|  clk_fe_buf_BUFG               | U_usb_autodetect/timer03_out                  | U_usb_autodetect/U_match_cdc/FSM_onehot_state_reg[1]                             |                6 |             24 |
|  clk_usb_buf_BUFG              |                                               |                                                                                  |               15 |             25 |
|  clk_usb_buf_BUFG              | U_usb_reg_main/reg_bytecnt0                   | U_usb_reg_main/clear                                                             |                9 |             26 |
|  clk_fe_buf_BUFG               |                                               |                                                                                  |               15 |             64 |
|  clk_usb_buf_BUFG              |                                               | U_reg_main/fpga_reset                                                            |               31 |             68 |
|  clk_fe_buf_BUFG               |                                               | U_reg_main/fpga_reset                                                            |               39 |            144 |
|  U_trigger_clock/inst/clk_out1 |                                               |                                                                                  |               66 |            305 |
|  clk_fe_buf_BUFG               | U_pattern_matcher/match_trigger00_out         | U_reg_main/SR[0]                                                                 |              154 |            504 |
|  U_trigger_clock/inst/clk_out1 |                                               | U_reg_main/fpga_reset                                                            |              250 |           1040 |
+--------------------------------+-----------------------------------------------+----------------------------------------------------------------------------------+------------------+----------------+


