Archive member included to satisfy reference by file (symbol)

c:/program files (x86)/gnu tools arm embedded/8 2018-q4-major/bin/../lib/gcc/arm-none-eabi/8.2.1/../../../../arm-none-eabi/lib/thumb/v7-m/nofp\libg.a(lib_a-exit.o)
                              c:/program files (x86)/gnu tools arm embedded/8 2018-q4-major/bin/../lib/gcc/arm-none-eabi/8.2.1/../../../../arm-none-eabi/lib/thumb/v7-m/nofp/crt0.o (exit)
c:/program files (x86)/gnu tools arm embedded/8 2018-q4-major/bin/../lib/gcc/arm-none-eabi/8.2.1/../../../../arm-none-eabi/lib/thumb/v7-m/nofp\libg.a(lib_a-impure.o)
                              c:/program files (x86)/gnu tools arm embedded/8 2018-q4-major/bin/../lib/gcc/arm-none-eabi/8.2.1/../../../../arm-none-eabi/lib/thumb/v7-m/nofp\libg.a(lib_a-exit.o) (_global_impure_ptr)
c:/program files (x86)/gnu tools arm embedded/8 2018-q4-major/bin/../lib/gcc/arm-none-eabi/8.2.1/../../../../arm-none-eabi/lib/thumb/v7-m/nofp\libg.a(lib_a-init.o)
                              c:/program files (x86)/gnu tools arm embedded/8 2018-q4-major/bin/../lib/gcc/arm-none-eabi/8.2.1/../../../../arm-none-eabi/lib/thumb/v7-m/nofp/crt0.o (__libc_init_array)
c:/program files (x86)/gnu tools arm embedded/8 2018-q4-major/bin/../lib/gcc/arm-none-eabi/8.2.1/../../../../arm-none-eabi/lib/thumb/v7-m/nofp\libg.a(lib_a-iprintf.o)
                              objdir/syscalls.o (iprintf)
c:/program files (x86)/gnu tools arm embedded/8 2018-q4-major/bin/../lib/gcc/arm-none-eabi/8.2.1/../../../../arm-none-eabi/lib/thumb/v7-m/nofp\libg.a(lib_a-memcpy.o)
                              objdir/flash_efc.o (memcpy)
c:/program files (x86)/gnu tools arm embedded/8 2018-q4-major/bin/../lib/gcc/arm-none-eabi/8.2.1/../../../../arm-none-eabi/lib/thumb/v7-m/nofp\libg.a(lib_a-memset.o)
                              c:/program files (x86)/gnu tools arm embedded/8 2018-q4-major/bin/../lib/gcc/arm-none-eabi/8.2.1/../../../../arm-none-eabi/lib/thumb/v7-m/nofp/crt0.o (memset)
c:/program files (x86)/gnu tools arm embedded/8 2018-q4-major/bin/../lib/gcc/arm-none-eabi/8.2.1/../../../../arm-none-eabi/lib/thumb/v7-m/nofp\libg.a(lib_a-vfiprintf.o)
                              c:/program files (x86)/gnu tools arm embedded/8 2018-q4-major/bin/../lib/gcc/arm-none-eabi/8.2.1/../../../../arm-none-eabi/lib/thumb/v7-m/nofp\libg.a(lib_a-iprintf.o) (_vfiprintf_r)
c:/program files (x86)/gnu tools arm embedded/8 2018-q4-major/bin/../lib/gcc/arm-none-eabi/8.2.1/../../../../arm-none-eabi/lib/thumb/v7-m/nofp\libg.a(lib_a-wsetup.o)
                              c:/program files (x86)/gnu tools arm embedded/8 2018-q4-major/bin/../lib/gcc/arm-none-eabi/8.2.1/../../../../arm-none-eabi/lib/thumb/v7-m/nofp\libg.a(lib_a-vfiprintf.o) (__swsetup_r)
c:/program files (x86)/gnu tools arm embedded/8 2018-q4-major/bin/../lib/gcc/arm-none-eabi/8.2.1/../../../../arm-none-eabi/lib/thumb/v7-m/nofp\libg.a(lib_a-__call_atexit.o)
                              c:/program files (x86)/gnu tools arm embedded/8 2018-q4-major/bin/../lib/gcc/arm-none-eabi/8.2.1/../../../../arm-none-eabi/lib/thumb/v7-m/nofp\libg.a(lib_a-exit.o) (__call_exitprocs)
c:/program files (x86)/gnu tools arm embedded/8 2018-q4-major/bin/../lib/gcc/arm-none-eabi/8.2.1/../../../../arm-none-eabi/lib/thumb/v7-m/nofp\libg.a(lib_a-atexit.o)
                              c:/program files (x86)/gnu tools arm embedded/8 2018-q4-major/bin/../lib/gcc/arm-none-eabi/8.2.1/../../../../arm-none-eabi/lib/thumb/v7-m/nofp\libg.a(lib_a-__call_atexit.o) (atexit)
c:/program files (x86)/gnu tools arm embedded/8 2018-q4-major/bin/../lib/gcc/arm-none-eabi/8.2.1/../../../../arm-none-eabi/lib/thumb/v7-m/nofp\libg.a(lib_a-fflush.o)
                              c:/program files (x86)/gnu tools arm embedded/8 2018-q4-major/bin/../lib/gcc/arm-none-eabi/8.2.1/../../../../arm-none-eabi/lib/thumb/v7-m/nofp\libg.a(lib_a-vfiprintf.o) (_fflush_r)
c:/program files (x86)/gnu tools arm embedded/8 2018-q4-major/bin/../lib/gcc/arm-none-eabi/8.2.1/../../../../arm-none-eabi/lib/thumb/v7-m/nofp\libg.a(lib_a-findfp.o)
                              c:/program files (x86)/gnu tools arm embedded/8 2018-q4-major/bin/../lib/gcc/arm-none-eabi/8.2.1/../../../../arm-none-eabi/lib/thumb/v7-m/nofp\libg.a(lib_a-vfiprintf.o) (__sinit)
c:/program files (x86)/gnu tools arm embedded/8 2018-q4-major/bin/../lib/gcc/arm-none-eabi/8.2.1/../../../../arm-none-eabi/lib/thumb/v7-m/nofp\libg.a(lib_a-fini.o)
                              c:/program files (x86)/gnu tools arm embedded/8 2018-q4-major/bin/../lib/gcc/arm-none-eabi/8.2.1/../../../../arm-none-eabi/lib/thumb/v7-m/nofp\libg.a(lib_a-__call_atexit.o) (__libc_fini_array)
c:/program files (x86)/gnu tools arm embedded/8 2018-q4-major/bin/../lib/gcc/arm-none-eabi/8.2.1/../../../../arm-none-eabi/lib/thumb/v7-m/nofp\libg.a(lib_a-fputwc.o)
[...]
Memory Configuration

Name             Origin             Length             Attributes
flash            0x00080000         0x00010000         w !xr
sram0            0x20000000         0x00002000         w !xr
sram1            0x20080000         0x00002000         w !xr
rom              0x00080000         0x00010000         xr
ram              0x2007e000         0x00004000         xrw
*default*        0x00000000         0xffffffff

Linker script and memory map

LOAD c:/program files (x86)/gnu tools arm embedded/8 2018-q4-major/bin/../lib/gcc/arm-none-eabi/8.2.1/thumb/v7-m/nofp/crti.o
LOAD c:/program files (x86)/gnu tools arm embedded/8 2018-q4-major/bin/../lib/gcc/arm-none-eabi/8.2.1/thumb/v7-m/nofp/crtbegin.o
LOAD c:/program files (x86)/gnu tools arm embedded/8 2018-q4-major/bin/../lib/gcc/arm-none-eabi/8.2.1/../../../../arm-none-eabi/lib/thumb/v7-m/nofp/crt0.o
LOAD objdir/main.o
LOAD objdir/usb.o
LOAD objdir/usb_xmem.o
LOAD objdir/fpga_program.o
LOAD objdir/flash_efc.o
LOAD objdir/cycle_counter.o
LOAD objdir/usart.o
LOAD objdir/spi.o
LOAD objdir/smc.o
LOAD objdir/pio_handler.o
LOAD objdir/udphs_device.o
LOAD objdir/write.o
LOAD objdir/led.o
LOAD objdir/startup_sam3u.o
LOAD objdir/sysclk.o
LOAD objdir/pmc.o
LOAD objdir/udi_vendor.o
LOAD objdir/efc.o
LOAD objdir/pio.o
LOAD objdir/exceptions.o
LOAD objdir/udc.o
LOAD objdir/chipid.o
LOAD objdir/twi.o
LOAD objdir/sleep.o
LOAD objdir/syscalls.o
LOAD objdir/uart.o
LOAD objdir/init.o
LOAD objdir/circbuffer.o
LOAD objdir/interrupt_sam_nvic.o
LOAD objdir/read.o
LOAD objdir/udi_vendor_desc.o
LOAD objdir/system_sam3u.o
LOAD objdir/tc.o
LOAD objdir/sleepmgr.o
LOAD objdir/ui_cw305.o
LOAD objdir/usart_serial.o
START GROUP
LOAD c:/program files (x86)/gnu tools arm embedded/8 2018-q4-major/bin/../lib/gcc/arm-none-eabi/8.2.1/../../../../arm-none-eabi/lib/thumb/v7-m/nofp\libm.a
END GROUP
LOAD c:/program files (x86)/gnu tools arm embedded/8 2018-q4-major/bin/../lib/gcc/arm-none-eabi/8.2.1/../../../../arm-none-eabi/lib/thumb/v7-m/nofp\libm.a
START GROUP
LOAD c:/program files (x86)/gnu tools arm embedded/8 2018-q4-major/bin/../lib/gcc/arm-none-eabi/8.2.1/thumb/v7-m/nofp\libgcc.a
LOAD c:/program files (x86)/gnu tools arm embedded/8 2018-q4-major/bin/../lib/gcc/arm-none-eabi/8.2.1/../../../../arm-none-eabi/lib/thumb/v7-m/nofp\libg.a
LOAD c:/program files (x86)/gnu tools arm embedded/8 2018-q4-major/bin/../lib/gcc/arm-none-eabi/8.2.1/../../../../arm-none-eabi/lib/thumb/v7-m/nofp\libc.a
END GROUP
LOAD c:/program files (x86)/gnu tools arm embedded/8 2018-q4-major/bin/../lib/gcc/arm-none-eabi/8.2.1/thumb/v7-m/nofp/crtend.o
LOAD c:/program files (x86)/gnu tools arm embedded/8 2018-q4-major/bin/../lib/gcc/arm-none-eabi/8.2.1/thumb/v7-m/nofp/crtn.o
                0x00000400                __stack_size__ = DEFINED (__stack_size__)?__stack_size__:0x400
                0x20081ffc                __ram_end__ = ((ORIGIN (ram) + LENGTH (ram)) - 0x4)

.text           0x00080000     0x5cbc
                0x00080000                . = ALIGN (0x4)
                0x00080000                _sfixed = .
 *(.vectors .vectors.*)
 .vectors       0x00080000       0xbc objdir/startup_sam3u.o
                0x00080000                exception_table
 *(.text .text.* .gnu.linkonce.t.*)
 .text          0x000800bc       0x40 c:/program files (x86)/gnu tools arm embedded/8 2018-q4-major/bin/../lib/gcc/arm-none-eabi/8.2.1/thumb/v7-m/nofp/crtbegin.o
 .text.osc_enable
                0x000800fc       0x84 objdir/main.o
 .text.osc_is_ready
                0x00080180       0x84 objdir/main.o
 .text.osc_get_rate
                0x00080204       0x70 objdir/main.o
 .text.osc_wait_ready
                0x00080274       0x2c objdir/main.o
 .text.pll_config_init
                0x000802a0       0x6c objdir/main.o
 .text.pll_enable
                0x0008030c       0x40 objdir/main.o
 .text.pll_is_locked
                0x0008034c       0x2c objdir/main.o
 .text.pll_enable_source
                0x00080378       0x38 objdir/main.o
 .text.pll_enable_config_defaults
                0x000803b0       0xac objdir/main.o
 .text.ioport_set_pin_mode
                0x0008045c       0xd8 objdir/main.o
 .text.sleepmgr_sleep
                0x00080534       0x30 objdir/main.o
 .text.sleepmgr_init
                0x00080564       0x34 objdir/main.o
 .text.sleepmgr_get_sleep_mode
                0x00080598       0x34 objdir/main.o
 .text.sleepmgr_enter_sleep
                0x000805cc       0x3c objdir/main.o
 .text.genclk_config_defaults
                0x00080608       0x1a objdir/main.o
 *fill*         0x00080622        0x2 
 .text.genclk_config_set_source
                0x00080624       0x9c objdir/main.o
 .text.genclk_config_set_divider
                0x000806c0       0x2c objdir/main.o
 .text.genclk_enable
                0x000806ec       0x30 objdir/main.o
 .text.genclk_enable_source
                0x0008071c      0x190 objdir/main.o
 .text.phywhisperer_no_pwr
                0x000808ac       0x20 objdir/main.o
                0x000808ac                phywhisperer_no_pwr
 .text.phywhisperer_5V_pwr
                0x000808cc       0x20 objdir/main.o
                0x000808cc                phywhisperer_5V_pwr
 .text.phywhisperer_host_pwr
                0x000808ec       0x20 objdir/main.o
                0x000808ec                phywhisperer_host_pwr
 .text.pwr_st_from_io
                0x0008090c       0x68 objdir/main.o
                0x0008090c                pwr_st_from_io
 .text.phywhisperer_setup_pins
                0x00080974      0x13c objdir/main.o
                0x00080974                phywhisperer_setup_pins
 .text.hacky_delay
                0x00080ab0       0x28 objdir/main.o
                0x00080ab0                hacky_delay
 .text.genclk_enable_config
                0x00080ad8       0x64 objdir/main.o
 .text.main     0x00080b3c       0xf4 objdir/main.o
                0x00080b3c                main
 .text.osc_enable
                0x00080c30       0x84 objdir/usb.o
 .text.osc_is_ready
                0x00080cb4       0x84 objdir/usb.o
 .text.osc_wait_ready
                0x00080d38       0x2c objdir/usb.o
 .text.udc_detach
                0x00080d64       0x10 objdir/usb.o
 .text.main_suspend_action
                0x00080d74        0xc objdir/usb.o
                0x00080d74                main_suspend_action
 .text.main_resume_action
                0x00080d80        0xc objdir/usb.o
                0x00080d80                main_resume_action
 .text.main_sof_action
                0x00080d8c       0x1c objdir/usb.o
                0x00080d8c                main_sof_action
 .text.main_vendor_enable
                0x00080da8       0x2c objdir/usb.o
                0x00080da8                main_vendor_enable
 .text.main_vendor_disable
                0x00080dd4       0x18 objdir/usb.o
                0x00080dd4                main_vendor_disable
 .text.ctrl_readmem_bulk
                0x00080dec       0x5c objdir/usb.o
                0x00080dec                ctrl_readmem_bulk
 .text.ctrl_readmem_ctrl
                0x00080e48       0x5c objdir/usb.o
                0x00080e48                ctrl_readmem_ctrl
 .text.ctrl_writemem_ctrl
                0x00080ea4       0x78 objdir/usb.o
                0x00080ea4                ctrl_writemem_ctrl
 .text.ctrl_writemem_bulk
                0x00080f1c       0x40 objdir/usb.o
                0x00080f1c                ctrl_writemem_bulk
 .text.ctrl_sam3ucfg_cb
                0x00080f5c       0x8c objdir/usb.o
 .text.ctrl_progfpga_bulk
                0x00080fe8       0x44 objdir/usb.o
                0x00080fe8                ctrl_progfpga_bulk
 .text.ctrl_change_pwr
                0x0008102c       0x70 objdir/usb.o
                0x0008102c                ctrl_change_pwr
 .text.ctrl_fpga_reset
                0x0008109c       0x1c objdir/usb.o
                0x0008109c                ctrl_fpga_reset
 .text.main_setup_out_received
                0x000810b8      0x150 objdir/usb.o
                0x000810b8                main_setup_out_received
 .text.main_setup_in_received
                0x00081208       0xc0 objdir/usb.o
                0x00081208                main_setup_in_received
 .text.main_vendor_bulk_in_received
                0x000812c8       0x38 objdir/usb.o
                0x000812c8                main_vendor_bulk_in_received
 .text.main_vendor_bulk_out_received
                0x00081300       0xc0 objdir/usb.o
                0x00081300                main_vendor_bulk_out_received
 .text.FPGA_setlock
                0x000813c0       0x40 objdir/usb_xmem.o
                0x000813c0                FPGA_setlock
 .text.FPGA_releaselock
                0x00081400       0x18 objdir/usb_xmem.o
                0x00081400                FPGA_releaselock
 .text.FPGA_lockstatus
                0x00081418       0x18 objdir/usb_xmem.o
                0x00081418                FPGA_lockstatus
 .text.FPGA_setaddr
                0x00081430       0x34 objdir/usb_xmem.o
                0x00081430                FPGA_setaddr
 .text.osc_get_rate
                0x00081464       0x70 objdir/fpga_program.o
 .text.sysclk_get_main_hz
                0x000814d4       0x18 objdir/fpga_program.o
 .text.sysclk_get_cpu_hz
                0x000814ec       0x14 objdir/fpga_program.o
 .text.sysclk_enable_peripheral_clock
                0x00081500       0x1c objdir/fpga_program.o
 .text.fpga_program_init
                0x0008151c       0x20 objdir/fpga_program.o
                0x0008151c                fpga_program_init
 .text.fpga_program_setup1
                0x0008153c       0x80 objdir/fpga_program.o
                0x0008153c                fpga_program_setup1
 .text.fpga_program_setup2
                0x000815bc       0x14 objdir/fpga_program.o
                0x000815bc                fpga_program_setup2
 .text.fpga_program_sendbyte
                0x000815d0       0x24 objdir/fpga_program.o
                0x000815d0                fpga_program_sendbyte
 .text.flash_read_unique_id
                0x000815f4       0x70 objdir/flash_efc.o
                0x000815f4                flash_read_unique_id
 .text.usart_set_spi_master_baudrate
                0x00081664       0x40 objdir/usart.o
 .text.usart_reset
                0x000816a4       0x60 objdir/usart.o
                0x000816a4                usart_reset
 .text.usart_init_spi_master
                0x00081704      0x110 objdir/usart.o
                0x00081704                usart_init_spi_master
 .text.usart_enable_tx
                0x00081814       0x18 objdir/usart.o
                0x00081814                usart_enable_tx
 .text.usart_reset_tx
                0x0008182c       0x18 objdir/usart.o
                0x0008182c                usart_reset_tx
 .text.usart_reset_rx
                0x00081844       0x18 objdir/usart.o
                0x00081844                usart_reset_rx
 .text.usart_reset_status
                0x0008185c       0x1a objdir/usart.o
                0x0008185c                usart_reset_status
 .text.usart_drive_DTR_pin_high
                0x00081876       0x1a objdir/usart.o
                0x00081876                usart_drive_DTR_pin_high
 .text.usart_drive_RTS_pin_high
                0x00081890       0x1a objdir/usart.o
                0x00081890                usart_drive_RTS_pin_high
 .text.usart_putchar
                0x000818aa       0x2e objdir/usart.o
                0x000818aa                usart_putchar
 .text.usart_disable_writeprotect
                0x000818d8       0x20 objdir/usart.o
                0x000818d8                usart_disable_writeprotect
 .text.smc_set_setup_timing
                0x000818f8       0x2a objdir/smc.o
                0x000818f8                smc_set_setup_timing
 .text.smc_set_pulse_timing
                0x00081922       0x2a objdir/smc.o
                0x00081922                smc_set_pulse_timing
 .text.smc_set_cycle_timing
                0x0008194c       0x2a objdir/smc.o
                0x0008194c                smc_set_cycle_timing
 .text.smc_set_mode
                0x00081976       0x2a objdir/smc.o
                0x00081976                smc_set_mode
 .text.pio_handler_process
                0x000819a0       0xb4 objdir/pio_handler.o
                0x000819a0                pio_handler_process
 .text.PIOA_Handler
                0x00081a54       0x18 objdir/pio_handler.o
                0x00081a54                PIOA_Handler
 .text.PIOB_Handler
                0x00081a6c       0x18 objdir/pio_handler.o
                0x00081a6c                PIOB_Handler
 .text.NVIC_EnableIRQ
                0x00081a84       0x30 objdir/udphs_device.o
 .text.NVIC_SetPriority
                0x00081ab4       0x54 objdir/udphs_device.o
 .text.cpu_irq_save
                0x00081b08       0x38 objdir/udphs_device.o
 .text.cpu_irq_is_enabled_flags
                0x00081b40       0x1e objdir/udphs_device.o
 *fill*         0x00081b5e        0x2 
 .text.cpu_irq_restore
                0x00081b60       0x30 objdir/udphs_device.o
 .text.sleepmgr_lock_mode
                0x00081b90       0x38 objdir/udphs_device.o
 .text.sleepmgr_unlock_mode
                0x00081bc8       0x38 objdir/udphs_device.o
 .text.udd_sleep_mode
                0x00081c00       0x58 objdir/udphs_device.o
 .text.UDPHS_Handler
                0x00081c58      0x1c4 objdir/udphs_device.o
                0x00081c58                UDPHS_Handler
 .text.udd_enable
                0x00081e1c       0x9c objdir/udphs_device.o
                0x00081e1c                udd_enable
 .text.udd_attach
                0x00081eb8       0xb8 objdir/udphs_device.o
                0x00081eb8                udd_attach
 .text.udd_detach
                0x00081f70       0x44 objdir/udphs_device.o
                0x00081f70                udd_detach
 .text.udd_is_high_speed
                0x00081fb4       0x24 objdir/udphs_device.o
                0x00081fb4                udd_is_high_speed
 .text.udd_set_address
                0x00081fd8       0x44 objdir/udphs_device.o
                0x00081fd8                udd_set_address
 .text.udd_getaddress
                0x0008201c       0x1c objdir/udphs_device.o
                0x0008201c                udd_getaddress
 .text.udd_set_setup_payload
                0x00082038       0x28 objdir/udphs_device.o
                0x00082038                udd_set_setup_payload
 .text.udd_ep_alloc
                0x00082060      0x3ac objdir/udphs_device.o
                0x00082060                udd_ep_alloc
 .text.udd_ep_free
                0x0008240c       0x80 objdir/udphs_device.o
                0x0008240c                udd_ep_free
 .text.udd_ep_is_halted
                0x0008248c       0x68 objdir/udphs_device.o
                0x0008248c                udd_ep_is_halted
 .text.udd_ep_set_halt
                0x000824f4      0x114 objdir/udphs_device.o
                0x000824f4                udd_ep_set_halt
 .text.udd_ep_clear_halt
                0x00082608      0x130 objdir/udphs_device.o
                0x00082608                udd_ep_clear_halt
 .text.udd_ep_run
                0x00082738      0x108 objdir/udphs_device.o
                0x00082738                udd_ep_run
 .text.udd_ep_abort
                0x00082840       0x88 objdir/udphs_device.o
                0x00082840                udd_ep_abort
 .text.udd_test_mode_j
                0x000828c8       0x34 objdir/udphs_device.o
                0x000828c8                udd_test_mode_j
 .text.udd_test_mode_k
                0x000828fc       0x34 objdir/udphs_device.o
                0x000828fc                udd_test_mode_k
 .text.udd_test_mode_se0_nak
                0x00082930       0x24 objdir/udphs_device.o
                0x00082930                udd_test_mode_se0_nak
 .text.udd_test_mode_packet
                0x00082954       0xcc objdir/udphs_device.o
                0x00082954                udd_test_mode_packet
 .text.udd_reset_ep_ctrl
                0x00082a20       0x80 objdir/udphs_device.o
 .text.udd_ctrl_init
                0x00082aa0       0x5c objdir/udphs_device.o
 .text.udd_ctrl_setup_received
                0x00082afc      0x140 objdir/udphs_device.o
 .text.udd_ctrl_in_sent
                0x00082c3c      0x168 objdir/udphs_device.o
 .text.udd_ctrl_out_received
                0x00082da4      0x1bc objdir/udphs_device.o
 .text.udd_ctrl_underflow
                0x00082f60       0x44 objdir/udphs_device.o
 .text.udd_ctrl_overflow
                0x00082fa4       0x34 objdir/udphs_device.o
 .text.udd_ctrl_stall_data
                0x00082fd8       0x24 objdir/udphs_device.o
 .text.udd_ctrl_send_zlp_in
                0x00082ffc       0x64 objdir/udphs_device.o
 .text.udd_ctrl_send_zlp_out
                0x00083060       0x44 objdir/udphs_device.o
 .text.udd_ctrl_endofrequest
                0x000830a4       0x1c objdir/udphs_device.o
 .text.udd_ctrl_interrupt
                0x000830c0       0xe4 objdir/udphs_device.o
 .text.udd_ep_job_table_reset
                0x000831a4       0x5c objdir/udphs_device.o
 .text.udd_ep_job_table_kill
                0x00083200       0x44 objdir/udphs_device.o
 .text.udd_ep_abort_job
                0x00083244       0x3c objdir/udphs_device.o
 .text.udd_ep_finish_job
                0x00083280       0x70 objdir/udphs_device.o
 .text.udd_ep_trans_done
                0x000832f0      0x1e8 objdir/udphs_device.o
 .text.udd_ep_interrupt
                0x000834d8      0x1f4 objdir/udphs_device.o
 .text.Reset_Handler
                0x000836cc       0xa8 objdir/startup_sam3u.o
                0x000836cc                Reset_Handler
 .text.osc_enable
                0x00083774       0x84 objdir/sysclk.o
 .text.osc_is_ready
                0x000837f8       0x84 objdir/sysclk.o
 .text.osc_get_rate
                0x0008387c       0x70 objdir/sysclk.o
 .text.osc_wait_ready
                0x000838ec       0x2c objdir/sysclk.o
 .text.pll_config_init
                0x00083918       0x6c objdir/sysclk.o
 .text.pll_enable
                0x00083984       0x40 objdir/sysclk.o
 .text.pll_is_locked
                0x000839c4       0x2c objdir/sysclk.o
 .text.pll_enable_source
                0x000839f0       0x38 objdir/sysclk.o
 .text.pll_wait_for_lock
                0x00083a28       0x24 objdir/sysclk.o
 .text.sysclk_get_main_hz
                0x00083a4c       0x18 objdir/sysclk.o
 .text.sysclk_get_cpu_hz
                0x00083a64       0x14 objdir/sysclk.o
 .text.sysclk_enable_usb
                0x00083a78       0x40 objdir/sysclk.o
                0x00083a78                sysclk_enable_usb
 .text.sysclk_init
                0x00083ab8       0x8c objdir/sysclk.o
                0x00083ab8                sysclk_init
 .text.pmc_switch_mck_to_mainck
                0x00083b44       0x80 objdir/pmc.o
                0x00083b44                pmc_switch_mck_to_mainck
 .text.pmc_switch_mck_to_pllack
                0x00083bc4       0x80 objdir/pmc.o
                0x00083bc4                pmc_switch_mck_to_pllack
 .text.pmc_switch_sclk_to_32kxtal
                0x00083c44       0x38 objdir/pmc.o
                0x00083c44                pmc_switch_sclk_to_32kxtal
 .text.pmc_osc_is_ready_32kxtal
                0x00083c7c       0x34 objdir/pmc.o
                0x00083c7c                pmc_osc_is_ready_32kxtal
 .text.pmc_osc_enable_fastrc
                0x00083cb0       0x5c objdir/pmc.o
                0x00083cb0                pmc_osc_enable_fastrc
 .text.pmc_osc_is_ready_fastrc
                0x00083d0c       0x18 objdir/pmc.o
                0x00083d0c                pmc_osc_is_ready_fastrc
 .text.pmc_osc_enable_main_xtal
                0x00083d24       0x4c objdir/pmc.o
                0x00083d24                pmc_osc_enable_main_xtal
 .text.pmc_osc_bypass_main_xtal
                0x00083d70       0x34 objdir/pmc.o
                0x00083d70                pmc_osc_bypass_main_xtal
 .text.pmc_osc_is_bypassed_main_xtal
                0x00083da4       0x18 objdir/pmc.o
                0x00083da4                pmc_osc_is_bypassed_main_xtal
 .text.pmc_osc_is_ready_main_xtal
                0x00083dbc       0x18 objdir/pmc.o
                0x00083dbc                pmc_osc_is_ready_main_xtal
 .text.pmc_osc_is_ready_mainck
                0x00083dd4       0x18 objdir/pmc.o
                0x00083dd4                pmc_osc_is_ready_mainck
 .text.pmc_mainck_osc_select
                0x00083dec       0x40 objdir/pmc.o
                0x00083dec                pmc_mainck_osc_select
 .text.pmc_disable_pllack
                0x00083e2c       0x18 objdir/pmc.o
                0x00083e2c                pmc_disable_pllack
 .text.pmc_is_locked_pllack
                0x00083e44       0x18 objdir/pmc.o
                0x00083e44                pmc_is_locked_pllack
 .text.pmc_disable_upll_clock
                0x00083e5c       0x1c objdir/pmc.o
                0x00083e5c                pmc_disable_upll_clock
 .text.pmc_is_locked_upll
                0x00083e78       0x18 objdir/pmc.o
                0x00083e78                pmc_is_locked_upll
 .text.pmc_enable_periph_clk
                0x00083e90       0x4c objdir/pmc.o
                0x00083e90                pmc_enable_periph_clk
 .text.pmc_disable_periph_clk
                0x00083edc       0x4c objdir/pmc.o
                0x00083edc                pmc_disable_periph_clk
 .text.pmc_enable_pck
                0x00083f28       0x24 objdir/pmc.o
                0x00083f28                pmc_enable_pck
 .text.pmc_set_fast_startup_input
                0x00083f4c       0x2c objdir/pmc.o
                0x00083f4c                pmc_set_fast_startup_input
 .text.pmc_enable_waitmode
                0x00083f78       0x58 objdir/pmc.o
                0x00083f78                pmc_enable_waitmode
 .text.udi_vendor_enable
                0x00083fd0       0x40 objdir/udi_vendor.o
                0x00083fd0                udi_vendor_enable
 .text.udi_vendor_disable
                0x00084010       0x1c objdir/udi_vendor.o
                0x00084010                udi_vendor_disable
 .text.udi_vendor_setup
                0x0008402c       0x54 objdir/udi_vendor.o
                0x0008402c                udi_vendor_setup
 .text.udi_vendor_getsetting
                0x00084080       0x14 objdir/udi_vendor.o
                0x00084080                udi_vendor_getsetting
 .text.udi_vendor_bulk_in_run
                0x00084094       0x2c objdir/udi_vendor.o
                0x00084094                udi_vendor_bulk_in_run
 .text.udi_vendor_bulk_out_run
                0x000840c0       0x2c objdir/udi_vendor.o
                0x000840c0                udi_vendor_bulk_out_run
 .text.cpu_irq_save
                0x000840ec       0x38 objdir/efc.o
 .text.cpu_irq_is_enabled_flags
                0x00084124       0x1e objdir/efc.o
 *fill*         0x00084142        0x2 
 .text.cpu_irq_restore
                0x00084144       0x30 objdir/efc.o
 .text.efc_perform_command
                0x00084174       0x60 objdir/efc.o
                0x00084174                efc_perform_command
 .text.pio_pull_up
                0x000841d4       0x2a objdir/pio.o
                0x000841d4                pio_pull_up
 .text.pio_set_peripheral
                0x000841fe       0x8a objdir/pio.o
                0x000841fe                pio_set_peripheral
 .text.pio_set_input
                0x00084288       0x80 objdir/pio.o
                0x00084288                pio_set_input
 .text.pio_set_output
                0x00084308       0x64 objdir/pio.o
                0x00084308                pio_set_output
 .text.pio_enable_output_write
                0x0008436c       0x1c objdir/pio.o
                0x0008436c                pio_enable_output_write
 .text.pio_sync_output_write
                0x00084388       0x1a objdir/pio.o
                0x00084388                pio_sync_output_write
 .text.pio_disable_interrupt
                0x000843a2       0x1a objdir/pio.o
                0x000843a2                pio_disable_interrupt
 .text.pio_get_interrupt_status
                0x000843bc       0x16 objdir/pio.o
                0x000843bc                pio_get_interrupt_status
 .text.pio_get_interrupt_mask
                0x000843d2       0x16 objdir/pio.o
                0x000843d2                pio_get_interrupt_mask
 .text.pio_get_pin_value
                0x000843e8       0x30 objdir/pio.o
                0x000843e8                pio_get_pin_value
 .text.pio_set_pin_high
                0x00084418       0x30 objdir/pio.o
                0x00084418                pio_set_pin_high
 .text.pio_set_pin_low
                0x00084448       0x30 objdir/pio.o
                0x00084448                pio_set_pin_low
 .text.pio_configure_pin
                0x00084478      0x124 objdir/pio.o
                0x00084478                pio_configure_pin
 .text.pio_configure_pin_group
                0x0008459c       0xd4 objdir/pio.o
                0x0008459c                pio_configure_pin_group
 .text.pio_get_pin_group
                0x00084670       0x24 objdir/pio.o
                0x00084670                pio_get_pin_group
 .text.Dummy_Handler
                0x00084694        0x6 objdir/exceptions.o
                0x00084694                DebugMon_Handler
                0x00084694                DMAC_Handler
                0x00084694                HardFault_Handler
                0x00084694                TC2_Handler
                0x00084694                SPI_Handler
                0x00084694                SysTick_Handler
                0x00084694                TWI1_Handler
                0x00084694                PendSV_Handler
                0x00084694                NMI_Handler
                0x00084694                ADC_Handler
                0x00084694                SMC_Handler
                0x00084694                USART0_Handler
                0x00084694                RTT_Handler
                0x00084694                EFC1_Handler
                0x00084694                ADC12B_Handler
                0x00084694                RTC_Handler
                0x00084694                UsageFault_Handler
                0x00084694                WDT_Handler
                0x00084694                TC1_Handler
                0x00084694                HSMCI_Handler
                0x00084694                Dummy_Handler
                0x00084694                TWI0_Handler
                0x00084694                USART1_Handler
                0x00084694                SSC_Handler
                0x00084694                EFC0_Handler
                0x00084694                PMC_Handler
                0x00084694                PWM_Handler
                0x00084694                MemManage_Handler
                0x00084694                SUPC_Handler
                0x00084694                SVC_Handler
                0x00084694                USART2_Handler
                0x00084694                UART_Handler
                0x00084694                BusFault_Handler
                0x00084694                RSTC_Handler
                0x00084694                TC0_Handler
 *fill*         0x0008469a        0x2 
 .text.udc_get_string_serial_name
                0x0008469c       0x14 objdir/udc.o
 .text.udc_get_interface_desc
                0x000846b0       0x14 objdir/udc.o
                0x000846b0                udc_get_interface_desc
 .text.udc_get_eof_conf
                0x000846c4       0x24 objdir/udc.o
 .text.udc_next_desc_in_iface
                0x000846e8       0x5c objdir/udc.o
 .text.udc_update_iface_desc
                0x00084744       0x9c objdir/udc.o
 .text.udc_iface_disable
                0x000847e0       0xa0 objdir/udc.o
 .text.udc_iface_enable
                0x00084880       0x98 objdir/udc.o
 .text.udc_start
                0x00084918       0x10 objdir/udc.o
                0x00084918                udc_start
 .text.udc_reset
                0x00084928       0x54 objdir/udc.o
                0x00084928                udc_reset
 .text.udc_sof_notify
                0x0008497c       0x60 objdir/udc.o
                0x0008497c                udc_sof_notify
 .text.udc_req_std_dev_get_status
                0x000849dc       0x2c objdir/udc.o
 .text.udc_req_std_ep_get_status
                0x00084a08       0x44 objdir/udc.o
 .text.udc_req_std_dev_clear_feature
                0x00084a4c       0x3c objdir/udc.o
 .text.udc_req_std_ep_clear_feature
                0x00084a88       0x38 objdir/udc.o
 .text.udc_req_std_dev_set_feature
                0x00084ac0       0xbc objdir/udc.o
 .text.udc_req_std_ep_set_feature
                0x00084b7c       0x48 objdir/udc.o
 .text.udc_valid_address
                0x00084bc4       0x24 objdir/udc.o
 .text.udc_req_std_dev_set_address
                0x00084be8       0x28 objdir/udc.o
 .text.udc_req_std_dev_get_str_desc
                0x00084c10       0xcc objdir/udc.o
 .text.udc_req_std_dev_get_descriptor
                0x00084cdc      0x21c objdir/udc.o
 .text.udc_req_std_dev_get_configuration
                0x00084ef8       0x2c objdir/udc.o
 .text.udc_req_std_dev_set_configuration
                0x00084f24      0x104 objdir/udc.o
 .text.udc_req_std_iface_get_setting
                0x00085028       0x98 objdir/udc.o
 .text.udc_req_std_iface_set_setting
                0x000850c0       0x68 objdir/udc.o
 .text.udc_reqstd
                0x00085128      0x18c objdir/udc.o
 .text.udc_req_iface
                0x000852b4       0x98 objdir/udc.o
 .text.udc_req_ep
                0x0008534c       0x90 objdir/udc.o
 .text.udc_process_setup
                0x000853dc       0x90 objdir/udc.o
                0x000853dc                udc_process_setup
 .text.pmc_sleep
                0x0008546c      0x3ec objdir/sleep.o
                0x0008546c                pmc_sleep
 .text.pmc_is_wakeup_clocks_restored
                0x00085858       0x2c objdir/sleep.o
                0x00085858                pmc_is_wakeup_clocks_restored
 .text.sysclk_enable_peripheral_clock
                0x00085884       0x1c objdir/init.o
 .text.ioport_init
                0x000858a0       0x18 objdir/init.o
 .text.iopins_normal
                0x000858b8       0x4c objdir/init.o
                0x000858b8                iopins_normal
 .text.board_init
                0x00085904       0x24 objdir/init.o
                0x00085904                board_init
 .text.cpu_irq_enter_critical
                0x00085928       0x54 objdir/interrupt_sam_nvic.o
                0x00085928                cpu_irq_enter_critical
 .text.cpu_irq_leave_critical
                0x0008597c       0x40 objdir/interrupt_sam_nvic.o
                0x0008597c                cpu_irq_leave_critical
 .text.SystemCoreClockUpdate
                0x000859bc      0x178 objdir/system_sam3u.o
                0x000859bc                SystemCoreClockUpdate
 .text.__libc_init_array
                0x00085b34       0x48 c:/program files (x86)/gnu tools arm embedded/8 2018-q4-major/bin/../lib/gcc/arm-none-eabi/8.2.1/../../../../arm-none-eabi/lib/thumb/v7-m/nofp\libg.a(lib_a-init.o)
                0x00085b34                __libc_init_array
 .text.startup.register_fini
                0x00085b7c       0x14 c:/program files (x86)/gnu tools arm embedded/8 2018-q4-major/bin/../lib/gcc/arm-none-eabi/8.2.1/../../../../arm-none-eabi/lib/thumb/v7-m/nofp\libg.a(lib_a-__call_atexit.o)
 .text.atexit   0x00085b90        0xc c:/program files (x86)/gnu tools arm embedded/8 2018-q4-major/bin/../lib/gcc/arm-none-eabi/8.2.1/../../../../arm-none-eabi/lib/thumb/v7-m/nofp\libg.a(lib_a-atexit.o)
                0x00085b90                atexit
 .text.__libc_fini_array
                0x00085b9c       0x34 c:/program files (x86)/gnu tools arm embedded/8 2018-q4-major/bin/../lib/gcc/arm-none-eabi/8.2.1/../../../../arm-none-eabi/lib/thumb/v7-m/nofp\libg.a(lib_a-fini.o)
                0x00085b9c                __libc_fini_array
 .text.__retarget_lock_acquire_recursive
                0x00085bd0        0x4 c:/program files (x86)/gnu tools arm embedded/8 2018-q4-major/bin/../lib/gcc/arm-none-eabi/8.2.1/../../../../arm-none-eabi/lib/thumb/v7-m/nofp\libg.a(lib_a-lock.o)
                0x00085bd0                __retarget_lock_acquire_recursive
 .text.__retarget_lock_release_recursive
                0x00085bd4        0x4 c:/program files (x86)/gnu tools arm embedded/8 2018-q4-major/bin/../lib/gcc/arm-none-eabi/8.2.1/../../../../arm-none-eabi/lib/thumb/v7-m/nofp\libg.a(lib_a-lock.o)
                0x00085bd4                __retarget_lock_release_recursive
 .text.__register_exitproc
                0x00085bd8       0x84 c:/program files (x86)/gnu tools arm embedded/8 2018-q4-major/bin/../lib/gcc/arm-none-eabi/8.2.1/../../../../arm-none-eabi/lib/thumb/v7-m/nofp\libg.a(lib_a-__atexit.o)
                0x00085bd8                __register_exitproc
 *(.glue_7t)
 .glue_7t       0x00085c5c        0x0 linker stubs
 *(.glue_7)
 .glue_7        0x00085c5c        0x0 linker stubs
 *(.rodata .rodata* .gnu.linkonce.r.*)
 .rodata        0x00085c5c       0x35 objdir/udphs_device.o
 *fill*         0x00085c91        0x3 
 .rodata._global_impure_ptr
                0x00085c94        0x4 c:/program files (x86)/gnu tools arm embedded/8 2018-q4-major/bin/../lib/gcc/arm-none-eabi/8.2.1/../../../../arm-none-eabi/lib/thumb/v7-m/nofp\libg.a(lib_a-impure.o)
                0x00085c94                _global_impure_ptr
 *(.ARM.extab* .gnu.linkonce.armextab.*)
                0x00085c98                . = ALIGN (0x4)
 *(.init)
 .init          0x00085c98        0x4 c:/program files (x86)/gnu tools arm embedded/8 2018-q4-major/bin/../lib/gcc/arm-none-eabi/8.2.1/thumb/v7-m/nofp/crti.o
                0x00085c98                _init
 .init          0x00085c9c        0x8 c:/program files (x86)/gnu tools arm embedded/8 2018-q4-major/bin/../lib/gcc/arm-none-eabi/8.2.1/thumb/v7-m/nofp/crtn.o
                0x00085ca4                . = ALIGN (0x4)
                0x00085ca4                __preinit_array_start = .
 *(.preinit_array)
                0x00085ca4                __preinit_array_end = .
                0x00085ca4                . = ALIGN (0x4)
                0x00085ca4                __init_array_start = .
 *(SORT_BY_NAME(.init_array.*))
 .init_array.00000
                0x00085ca4        0x4 c:/program files (x86)/gnu tools arm embedded/8 2018-q4-major/bin/../lib/gcc/arm-none-eabi/8.2.1/../../../../arm-none-eabi/lib/thumb/v7-m/nofp\libg.a(lib_a-__call_atexit.o)
 *(.init_array)
 .init_array    0x00085ca8        0x4 c:/program files (x86)/gnu tools arm embedded/8 2018-q4-major/bin/../lib/gcc/arm-none-eabi/8.2.1/thumb/v7-m/nofp/crtbegin.o
                0x00085cac                __init_array_end = .
                0x00085cac                . = ALIGN (0x4)
 *crtbegin.o(.ctors)
 *(EXCLUDE_FILE(*crtend.o) .ctors)
 *(SORT_BY_NAME(.ctors.*))
 *crtend.o(.ctors)
                0x00085cac                . = ALIGN (0x4)
 *(.fini)
 .fini          0x00085cac        0x4 c:/program files (x86)/gnu tools arm embedded/8 2018-q4-major/bin/../lib/gcc/arm-none-eabi/8.2.1/thumb/v7-m/nofp/crti.o
                0x00085cac                _fini
 .fini          0x00085cb0        0x8 c:/program files (x86)/gnu tools arm embedded/8 2018-q4-major/bin/../lib/gcc/arm-none-eabi/8.2.1/thumb/v7-m/nofp/crtn.o
                0x00085cb8                . = ALIGN (0x4)
                0x00085cb8                __fini_array_start = .
 *(.fini_array)
 .fini_array    0x00085cb8        0x4 c:/program files (x86)/gnu tools arm embedded/8 2018-q4-major/bin/../lib/gcc/arm-none-eabi/8.2.1/thumb/v7-m/nofp/crtbegin.o
 *(SORT_BY_NAME(.fini_array.*))
                0x00085cbc                __fini_array_end = .
 *crtbegin.o(.dtors)
 *(EXCLUDE_FILE(*crtend.o) .dtors)
 *(SORT_BY_NAME(.dtors.*))
 *crtend.o(.dtors)
                0x00085cbc                . = ALIGN (0x4)
                0x00085cbc                _efixed = .
                [!provide]                PROVIDE (__exidx_start = .)

.vfp11_veneer   0x00085cbc        0x0
 .vfp11_veneer  0x00085cbc        0x0 linker stubs

.v4_bx          0x00085cbc        0x0
 .v4_bx         0x00085cbc        0x0 linker stubs

.iplt           0x00085cbc        0x0
 .iplt          0x00085cbc        0x0 c:/program files (x86)/gnu tools arm embedded/8 2018-q4-major/bin/../lib/gcc/arm-none-eabi/8.2.1/thumb/v7-m/nofp/crtbegin.o

.igot.plt       0x00085cbc        0x0
 .igot.plt      0x00085cbc        0x0 c:/program files (x86)/gnu tools arm embedded/8 2018-q4-major/bin/../lib/gcc/arm-none-eabi/8.2.1/thumb/v7-m/nofp/crtbegin.o

.eh_frame       0x00085cbc        0x0
 .eh_frame      0x00085cbc        0x0 c:/program files (x86)/gnu tools arm embedded/8 2018-q4-major/bin/../lib/gcc/arm-none-eabi/8.2.1/thumb/v7-m/nofp/crtbegin.o

.rel.dyn        0x00085cbc        0x0
 .rel.iplt      0x00085cbc        0x0 c:/program files (x86)/gnu tools arm embedded/8 2018-q4-major/bin/../lib/gcc/arm-none-eabi/8.2.1/thumb/v7-m/nofp/crtbegin.o

.ARM.exidx
 *(.ARM.exidx* .gnu.linkonce.armexidx.*)
                [!provide]                PROVIDE (__exidx_end = .)
                0x00085cbc                . = ALIGN (0x4)
                0x00085cbc                _etext = .

.relocate       0x20000000      0x7dc load address 0x00085cbc
                0x20000000                . = ALIGN (0x4)
                0x20000000                _srelocate = .
 *(.ramfunc .ramfunc.*)
 .ramfunc       0x20000000       0xec objdir/efc.o
                0x20000000                efc_perform_read_sequence
                0x200000a2                efc_write_fmr
                0x200000bc                efc_perform_fcr
 .ramfunc       0x200000ec      0x170 objdir/system_sam3u.o
                0x200000ec                SystemInit
                0x200001bc                system_init_flash
 *(.data .data.*)
 .data.usb_serial_number
                0x2000025c       0x21 objdir/main.o
                0x2000025c                usb_serial_number
 *fill*         0x2000027d        0x3 
 .data.pwr_list
                0x20000280        0xc objdir/main.o
                0x20000280                pwr_list
 .data.main_b_vendor_enable
                0x2000028c        0x1 objdir/usb.o
 *fill*         0x2000028d        0x3 
 .data.xram     0x20000290        0x4 objdir/usb_xmem.o
                0x20000290                xram
 .data.udi_api_vendor
                0x20000294       0x14 objdir/udi_vendor.o
                0x20000294                udi_api_vendor
 .data.udc_string_desc_languageid
                0x200002a8        0x4 objdir/udc.o
 .data.udc_string_manufacturer_name
                0x200002ac       0x16 objdir/udc.o
 *fill*         0x200002c2        0x2 
 .data.udc_string_product_name
                0x200002c4       0x14 objdir/udc.o
 .data.udc_string_desc
                0x200002d8       0x42 objdir/udc.o
 .data.g_interrupt_enabled
                0x2000031a        0x1 objdir/interrupt_sam_nvic.o
                0x2000031a                g_interrupt_enabled
 *fill*         0x2000031b        0x1 
 .data.udc_device_desc
                0x2000031c       0x12 objdir/udi_vendor_desc.o
                0x2000031c                udc_device_desc
 *fill*         0x2000032e        0x2 
 .data.udc_device_qual
                0x20000330        0xa objdir/udi_vendor_desc.o
                0x20000330                udc_device_qual
 *fill*         0x2000033a        0x2 
 .data.udc_desc_fs
                0x2000033c       0x20 objdir/udi_vendor_desc.o
                0x2000033c                udc_desc_fs
 .data.udc_desc_hs
                0x2000035c       0x20 objdir/udi_vendor_desc.o
                0x2000035c                udc_desc_hs
 .data.udi_apis
                0x2000037c        0x4 objdir/udi_vendor_desc.o
                0x2000037c                udi_apis
 .data.udc_config_lsfs
                0x20000380        0x8 objdir/udi_vendor_desc.o
                0x20000380                udc_config_lsfs
 .data.udc_config_hs
                0x20000388        0x8 objdir/udi_vendor_desc.o
                0x20000388                udc_config_hs
 .data.udc_config
                0x20000390       0x18 objdir/udi_vendor_desc.o
                0x20000390                udc_config
 .data.SystemCoreClock
                0x200003a8        0x4 objdir/system_sam3u.o
                0x200003a8                SystemCoreClock
 *fill*         0x200003ac        0x4 
 .data.impure_data
                0x200003b0      0x428 c:/program files (x86)/gnu tools arm embedded/8 2018-q4-major/bin/../lib/gcc/arm-none-eabi/8.2.1/../../../../arm-none-eabi/lib/thumb/v7-m/nofp\libg.a(lib_a-impure.o)
 .data.__atexit_recursive_mutex
                0x200007d8        0x4 c:/program files (x86)/gnu tools arm embedded/8 2018-q4-major/bin/../lib/gcc/arm-none-eabi/8.2.1/../../../../arm-none-eabi/lib/thumb/v7-m/nofp\libg.a(lib_a-__call_atexit.o)
                0x200007d8                __atexit_recursive_mutex
                0x200007dc                . = ALIGN (0x4)
                0x200007dc                _erelocate = .

.bss            0x200007dc      0x5c0 load address 0x00086498
                0x200007dc                . = ALIGN (0x4)
                0x200007dc                _sbss = .
                0x200007dc                _szero = .
 *(.bss .bss.*)
 .bss           0x200007dc       0x1c c:/program files (x86)/gnu tools arm embedded/8 2018-q4-major/bin/../lib/gcc/arm-none-eabi/8.2.1/thumb/v7-m/nofp/crtbegin.o
 .bss.USB_PWR_STATE
                0x200007f8        0x1 objdir/usb.o
                0x200007f8                USB_PWR_STATE
 *fill*         0x200007f9        0x3 
 .bss.main_buf_loopback
                0x200007fc      0x400 objdir/usb.o
 .bss.ctrlbuffer
                0x20000bfc       0x40 objdir/usb.o
 .bss.blockendpoint_usage
                0x20000c3c        0x1 objdir/usb.o
 *fill*         0x20000c3d        0x3 
 .bss.ctrlmemread_buf
                0x20000c40        0x4 objdir/usb.o
 .bss.ctrlmemread_size
                0x20000c44        0x4 objdir/usb.o
 .bss.respbuf.9327
                0x20000c48       0x40 objdir/usb.o
 .bss._fpga_locked
                0x20000c88        0x1 objdir/usb_xmem.o
 *fill*         0x20000c89        0x3 
 .bss.ul_reg_val.7252
                0x20000c8c        0x4 objdir/usart.o
 .bss.gs_interrupt_sources
                0x20000c90       0x70 objdir/pio_handler.o
 .bss.udd_b_idle
                0x20000d00        0x1 objdir/udphs_device.o
 .bss.udd_ep_control_state
                0x20000d01        0x1 objdir/udphs_device.o
 .bss.udd_ctrl_prev_payload_buf_cnt
                0x20000d02        0x2 objdir/udphs_device.o
 .bss.udd_ctrl_payload_buf_cnt
                0x20000d04        0x2 objdir/udphs_device.o
 *fill*         0x20000d06        0x2 
 .bss.udd_ep_job
                0x20000d08       0x30 objdir/udphs_device.o
 .bss.b_shortpacket.8497
                0x20000d38        0x1 objdir/udphs_device.o
 .bss.udi_vendor_alternate_setting
                0x20000d39        0x1 objdir/udi_vendor.o
 .bss.udc_device_status
                0x20000d3a        0x2 objdir/udc.o
 .bss.udc_num_configuration
                0x20000d3c        0x1 objdir/udc.o
 *fill*         0x20000d3d        0x3 
 .bss.udc_ptr_conf
                0x20000d40        0x4 objdir/udc.o
 .bss.udc_ptr_iface
                0x20000d44        0x4 objdir/udc.o
 .bss.udc_ep_status.7396
                0x20000d48        0x2 objdir/udc.o
 .bss.udc_iface_setting.7466
                0x20000d4a        0x1 objdir/udc.o
 .bss.b_is_sleep_clock_used
                0x20000d4b        0x1 objdir/sleep.o
 .bss.callback_clocks_restored
                0x20000d4c        0x4 objdir/sleep.o
 .bss.cpu_irq_critical_section_counter
                0x20000d50        0x4 objdir/interrupt_sam_nvic.o
 .bss.cpu_irq_prev_interrupt_state
                0x20000d54        0x1 objdir/interrupt_sam_nvic.o
 *(COMMON)
 *fill*         0x20000d55        0x3 
 COMMON         0x20000d58       0x18 objdir/udphs_device.o
                0x20000d58                udd_g_ctrlreq
 COMMON         0x20000d70        0x6 objdir/sleepmgr.o
                0x20000d70                sleepmgr_locks
 *fill*         0x20000d76        0x2 
 COMMON         0x20000d78       0x21 c:/program files (x86)/gnu tools arm embedded/8 2018-q4-major/bin/../lib/gcc/arm-none-eabi/8.2.1/../../../../arm-none-eabi/lib/thumb/v7-m/nofp\libg.a(lib_a-lock.o)
                0x20000d78                __lock___atexit_recursive_mutex
                0x20000d7c                __lock___arc4random_mutex
                0x20000d80                __lock___env_recursive_mutex
                0x20000d84                __lock___sinit_recursive_mutex
                0x20000d88                __lock___malloc_recursive_mutex
                0x20000d8c                __lock___at_quick_exit_mutex
                0x20000d90                __lock___dd_hash_mutex
                0x20000d94                __lock___tz_mutex
                0x20000d98                __lock___sfp_recursive_mutex
                0x20000d9c                . = ALIGN (0x4)
 *fill*         0x20000d99        0x3 
                0x20000d9c                _ebss = .
                0x20000d9c                _ezero = .

.stack          0x20080000      0x400
                0x20080000                . = ALIGN (0x8)
                0x20080000                _sstack = .
                0x20080400                . = (. + __stack_size__)
 *fill*         0x20080000      0x400 
                0x20080400                . = ALIGN (0x8)
                0x20080400                _estack = .
                0x20080400                . = ALIGN (0x4)
                0x20080400                _end = .
OUTPUT(phywhisperer-SAM3U1C.elf elf32-littlearm)

.ARM.attributes
                0x00000000       0x29
 .ARM.attributes
                0x00000000       0x1d c:/program files (x86)/gnu tools arm embedded/8 2018-q4-major/bin/../lib/gcc/arm-none-eabi/8.2.1/thumb/v7-m/nofp/crti.o
 .ARM.attributes
                0x0000001d       0x2d c:/program files (x86)/gnu tools arm embedded/8 2018-q4-major/bin/../lib/gcc/arm-none-eabi/8.2.1/thumb/v7-m/nofp/crtbegin.o
 .ARM.attributes
                0x0000004a       0x2d objdir/main.o
 .ARM.attributes
                0x00000077       0x2d objdir/usb.o
 .ARM.attributes
                0x000000a4       0x2d objdir/usb_xmem.o
 .ARM.attributes
                0x000000d1       0x2d objdir/fpga_program.o
 .ARM.attributes
                0x000000fe       0x2d objdir/flash_efc.o
 .ARM.attributes
                0x0000012b       0x2d objdir/usart.o
 .ARM.attributes
                0x00000158       0x2d objdir/smc.o
 .ARM.attributes
                0x00000185       0x2d objdir/pio_handler.o
 .ARM.attributes
                0x000001b2       0x2d objdir/udphs_device.o
 .ARM.attributes
                0x000001df       0x2d objdir/startup_sam3u.o
 .ARM.attributes
                0x0000020c       0x2d objdir/sysclk.o
 .ARM.attributes
                0x00000239       0x2d objdir/pmc.o
 .ARM.attributes
                0x00000266       0x2d objdir/udi_vendor.o
 .ARM.attributes
                0x00000293       0x2d objdir/efc.o
 .ARM.attributes
                0x000002c0       0x2d objdir/pio.o
 .ARM.attributes
                0x000002ed       0x2d objdir/exceptions.o
 .ARM.attributes
                0x0000031a       0x2d objdir/udc.o
 .ARM.attributes
                0x00000347       0x2d objdir/sleep.o
 .ARM.attributes
                0x00000374       0x2d objdir/init.o
 .ARM.attributes
                0x000003a1       0x2d objdir/interrupt_sam_nvic.o
 .ARM.attributes
                0x000003ce       0x33 objdir/udi_vendor_desc.o
 .ARM.attributes
                0x00000401       0x2d objdir/system_sam3u.o
 .ARM.attributes
                0x0000042e       0x33 objdir/sleepmgr.o
 .ARM.attributes
                0x00000461       0x2d c:/program files (x86)/gnu tools arm embedded/8 2018-q4-major/bin/../lib/gcc/arm-none-eabi/8.2.1/../../../../arm-none-eabi/lib/thumb/v7-m/nofp\libg.a(lib_a-impure.o)
 .ARM.attributes
                0x0000048e       0x2d c:/program files (x86)/gnu tools arm embedded/8 2018-q4-major/bin/../lib/gcc/arm-none-eabi/8.2.1/../../../../arm-none-eabi/lib/thumb/v7-m/nofp\libg.a(lib_a-init.o)
 .ARM.attributes
                0x000004bb       0x2d c:/program files (x86)/gnu tools arm embedded/8 2018-q4-major/bin/../lib/gcc/arm-none-eabi/8.2.1/../../../../arm-none-eabi/lib/thumb/v7-m/nofp\libg.a(lib_a-__call_atexit.o)
 .ARM.attributes
                0x000004e8       0x2d c:/program files (x86)/gnu tools arm embedded/8 2018-q4-major/bin/../lib/gcc/arm-none-eabi/8.2.1/../../../../arm-none-eabi/lib/thumb/v7-m/nofp\libg.a(lib_a-atexit.o)
 .ARM.attributes
                0x00000515       0x2d c:/program files (x86)/gnu tools arm embedded/8 2018-q4-major/bin/../lib/gcc/arm-none-eabi/8.2.1/../../../../arm-none-eabi/lib/thumb/v7-m/nofp\libg.a(lib_a-fini.o)
 .ARM.attributes
                0x00000542       0x2d c:/program files (x86)/gnu tools arm embedded/8 2018-q4-major/bin/../lib/gcc/arm-none-eabi/8.2.1/../../../../arm-none-eabi/lib/thumb/v7-m/nofp\libg.a(lib_a-lock.o)
 .ARM.attributes
                0x0000056f       0x2d c:/program files (x86)/gnu tools arm embedded/8 2018-q4-major/bin/../lib/gcc/arm-none-eabi/8.2.1/../../../../arm-none-eabi/lib/thumb/v7-m/nofp\libg.a(lib_a-__atexit.o)
 .ARM.attributes
                0x0000059c       0x1d c:/program files (x86)/gnu tools arm embedded/8 2018-q4-major/bin/../lib/gcc/arm-none-eabi/8.2.1/thumb/v7-m/nofp/crtn.o

.comment        0x00000000       0x75
 .comment       0x00000000       0x75 objdir/main.o
                                 0x76 (size before relaxing)
 .comment       0x00000075       0x76 objdir/usb.o
 .comment       0x00000075       0x76 objdir/usb_xmem.o
 .comment       0x00000075       0x76 objdir/fpga_program.o
 .comment       0x00000075       0x76 objdir/flash_efc.o
 .comment       0x00000075       0x76 objdir/usart.o
 .comment       0x00000075       0x76 objdir/smc.o
 .comment       0x00000075       0x76 objdir/pio_handler.o
 .comment       0x00000075       0x76 objdir/udphs_device.o
 .comment       0x00000075       0x76 objdir/startup_sam3u.o
 .comment       0x00000075       0x76 objdir/sysclk.o
 .comment       0x00000075       0x76 objdir/pmc.o
 .comment       0x00000075       0x76 objdir/udi_vendor.o
 .comment       0x00000075       0x76 objdir/efc.o
 .comment       0x00000075       0x76 objdir/pio.o
 .comment       0x00000075       0x76 objdir/exceptions.o
 .comment       0x00000075       0x76 objdir/udc.o
 .comment       0x00000075       0x76 objdir/sleep.o
 .comment       0x00000075       0x76 objdir/init.o
 .comment       0x00000075       0x76 objdir/interrupt_sam_nvic.o
 .comment       0x00000075       0x76 objdir/udi_vendor_desc.o
 .comment       0x00000075       0x76 objdir/system_sam3u.o
 .comment       0x00000075       0x76 objdir/sleepmgr.o

.debug_info     0x00000000    0x203df
 .debug_info    0x00000000     0x2828 objdir/main.o
 .debug_info    0x00002828     0x1d91 objdir/usb.o
 .debug_info    0x000045b9     0x1b92 objdir/usb_xmem.o
 .debug_info    0x0000614b     0x18b8 objdir/fpga_program.o
 .debug_info    0x00007a03     0x17cc objdir/flash_efc.o
 .debug_info    0x000091cf     0x2081 objdir/usart.o
 .debug_info    0x0000b250     0x1404 objdir/smc.o
 .debug_info    0x0000c654     0x1740 objdir/pio_handler.o
 .debug_info    0x0000dd94     0x2c64 objdir/udphs_device.o
 .debug_info    0x000109f8      0xdc5 objdir/startup_sam3u.o
 .debug_info    0x000117bd     0x12f3 objdir/sysclk.o
 .debug_info    0x00012ab0     0x19f3 objdir/pmc.o
 .debug_info    0x000144a3     0x11fe objdir/udi_vendor.o
 .debug_info    0x000156a1     0x10a6 objdir/efc.o
 .debug_info    0x00016747     0x19e8 objdir/pio.o
 .debug_info    0x0001812f      0xabe objdir/exceptions.o
 .debug_info    0x00018bed     0x1c3f objdir/udc.o
 .debug_info    0x0001a82c     0x13e7 objdir/sleep.o
 .debug_info    0x0001bc13     0x1061 objdir/init.o
 .debug_info    0x0001cc74      0xb96 objdir/interrupt_sam_nvic.o
 .debug_info    0x0001d80a     0x12a0 objdir/udi_vendor_desc.o
 .debug_info    0x0001eaaa      0xe1e objdir/system_sam3u.o
 .debug_info    0x0001f8c8      0xb17 objdir/sleepmgr.o

.debug_abbrev   0x00000000     0x411d
 .debug_abbrev  0x00000000      0x40f objdir/main.o
 .debug_abbrev  0x0000040f      0x3d1 objdir/usb.o
 .debug_abbrev  0x000007e0      0x2c5 objdir/usb_xmem.o
 .debug_abbrev  0x00000aa5      0x2bd objdir/fpga_program.o
 .debug_abbrev  0x00000d62      0x2d9 objdir/flash_efc.o
 .debug_abbrev  0x0000103b      0x2d4 objdir/usart.o
 .debug_abbrev  0x0000130f      0x28f objdir/smc.o
 .debug_abbrev  0x0000159e      0x2fe objdir/pio_handler.o
 .debug_abbrev  0x0000189c      0x507 objdir/udphs_device.o
 .debug_abbrev  0x00001da3      0x20f objdir/startup_sam3u.o
 .debug_abbrev  0x00001fb2      0x29d objdir/sysclk.o
 .debug_abbrev  0x0000224f      0x2eb objdir/pmc.o
 .debug_abbrev  0x0000253a      0x28f objdir/udi_vendor.o
 .debug_abbrev  0x000027c9      0x339 objdir/efc.o
 .debug_abbrev  0x00002b02      0x2b2 objdir/pio.o
 .debug_abbrev  0x00002db4      0x1ca objdir/exceptions.o
 .debug_abbrev  0x00002f7e      0x39f objdir/udc.o
 .debug_abbrev  0x0000331d      0x309 objdir/sleep.o
 .debug_abbrev  0x00003626      0x2a2 objdir/init.o
 .debug_abbrev  0x000038c8      0x246 objdir/interrupt_sam_nvic.o
 .debug_abbrev  0x00003b0e      0x21e objdir/udi_vendor_desc.o
 .debug_abbrev  0x00003d2c      0x215 objdir/system_sam3u.o
 .debug_abbrev  0x00003f41      0x1dc objdir/sleepmgr.o

.debug_loc      0x00000000     0x85ca
 .debug_loc     0x00000000      0x890 objdir/main.o
 .debug_loc     0x00000890      0x558 objdir/usb.o
 .debug_loc     0x00000de8      0x368 objdir/usb_xmem.o
 .debug_loc     0x00001150      0x1fc objdir/fpga_program.o
 .debug_loc     0x0000134c      0x796 objdir/flash_efc.o
 .debug_loc     0x00001ae2     0x188c objdir/usart.o
 .debug_loc     0x0000336e      0x958 objdir/smc.o
 .debug_loc     0x00003cc6      0x308 objdir/pio_handler.o
 .debug_loc     0x00003fce      0xf3e objdir/udphs_device.o
 .debug_loc     0x00004f0c       0x38 objdir/startup_sam3u.o
 .debug_loc     0x00004f44      0x4f0 objdir/sysclk.o
 .debug_loc     0x00005434     0x12a8 objdir/pmc.o
 .debug_loc     0x000066dc      0x168 objdir/udi_vendor.o
 .debug_loc     0x00006844      0x56c objdir/efc.o
 .debug_loc     0x00006db0      0xd24 objdir/pio.o
 .debug_loc     0x00007ad4       0x2c objdir/exceptions.o
 .debug_loc     0x00007b00      0x748 objdir/udc.o
 .debug_loc     0x00008248       0xe6 objdir/sleep.o
 .debug_loc     0x0000832e      0x118 objdir/init.o
 .debug_loc     0x00008446       0xa0 objdir/interrupt_sam_nvic.o
 .debug_loc     0x000084e6       0xe4 objdir/system_sam3u.o

.debug_aranges  0x00000000      0xf98
 .debug_aranges
                0x00000000       0xf8 objdir/main.o
 .debug_aranges
                0x000000f8       0xc0 objdir/usb.o
 .debug_aranges
                0x000001b8       0x80 objdir/usb_xmem.o
 .debug_aranges
                0x00000238       0x58 objdir/fpga_program.o
 .debug_aranges
                0x00000290       0xe0 objdir/flash_efc.o
 .debug_aranges
                0x00000370      0x248 objdir/usart.o
 .debug_aranges
                0x000005b8       0xe8 objdir/smc.o
 .debug_aranges
                0x000006a0       0x68 objdir/pio_handler.o
 .debug_aranges
                0x00000708      0x1b0 objdir/udphs_device.o
 .debug_aranges
                0x000008b8       0x20 objdir/startup_sam3u.o
 .debug_aranges
                0x000008d8       0xa0 objdir/sysclk.o
 .debug_aranges
                0x00000978      0x1e0 objdir/pmc.o
 .debug_aranges
                0x00000b58       0x48 objdir/udi_vendor.o
 .debug_aranges
                0x00000ba0       0x98 objdir/efc.o
 .debug_aranges
                0x00000c38      0x148 objdir/pio.o
 .debug_aranges
                0x00000d80       0x20 objdir/exceptions.o
 .debug_aranges
                0x00000da0      0x100 objdir/udc.o
 .debug_aranges
                0x00000ea0       0x30 objdir/sleep.o
 .debug_aranges
                0x00000ed0       0x40 objdir/init.o
 .debug_aranges
                0x00000f10       0x28 objdir/interrupt_sam_nvic.o
 .debug_aranges
                0x00000f38       0x18 objdir/udi_vendor_desc.o
 .debug_aranges
                0x00000f50       0x30 objdir/system_sam3u.o
 .debug_aranges
                0x00000f80       0x18 objdir/sleepmgr.o

.debug_ranges   0x00000000      0xe48
 .debug_ranges  0x00000000      0x118 objdir/main.o
 .debug_ranges  0x00000118       0xb0 objdir/usb.o
 .debug_ranges  0x000001c8       0x70 objdir/usb_xmem.o
 .debug_ranges  0x00000238       0x48 objdir/fpga_program.o
 .debug_ranges  0x00000280       0xd0 objdir/flash_efc.o
 .debug_ranges  0x00000350      0x238 objdir/usart.o
 .debug_ranges  0x00000588       0xd8 objdir/smc.o
 .debug_ranges  0x00000660       0x58 objdir/pio_handler.o
 .debug_ranges  0x000006b8      0x1a0 objdir/udphs_device.o
 .debug_ranges  0x00000858       0x10 objdir/startup_sam3u.o
 .debug_ranges  0x00000868       0x90 objdir/sysclk.o
 .debug_ranges  0x000008f8      0x1d0 objdir/pmc.o
 .debug_ranges  0x00000ac8       0x38 objdir/udi_vendor.o
 .debug_ranges  0x00000b00       0x88 objdir/efc.o
 .debug_ranges  0x00000b88      0x138 objdir/pio.o
 .debug_ranges  0x00000cc0       0x10 objdir/exceptions.o
 .debug_ranges  0x00000cd0       0xf0 objdir/udc.o
 .debug_ranges  0x00000dc0       0x20 objdir/sleep.o
 .debug_ranges  0x00000de0       0x30 objdir/init.o
 .debug_ranges  0x00000e10       0x18 objdir/interrupt_sam_nvic.o
 .debug_ranges  0x00000e28       0x20 objdir/system_sam3u.o

.debug_macro    0x00000000    0x17ec7
 .debug_macro   0x00000000      0x80b objdir/main.o
 .debug_macro   0x0000080b      0xac0 objdir/main.o
 .debug_macro   0x000012cb      0x16d objdir/main.o
 .debug_macro   0x00001438      0x4b5 objdir/main.o
 .debug_macro   0x000018ed       0x76 objdir/main.o
 .debug_macro   0x00001963       0x16 objdir/main.o
 .debug_macro   0x00001979      0x6e1 objdir/main.o
 .debug_macro   0x0000205a       0x22 objdir/main.o
 .debug_macro   0x0000207c       0x8e objdir/main.o
 .debug_macro   0x0000210a       0x51 objdir/main.o
 .debug_macro   0x0000215b       0xef objdir/main.o
 .debug_macro   0x0000224a       0x6a objdir/main.o
 .debug_macro   0x000022b4      0x1df objdir/main.o
 .debug_macro   0x00002493       0x20 objdir/main.o
 .debug_macro   0x000024b3       0x3a objdir/main.o
 .debug_macro   0x000024ed       0x18 objdir/main.o
 .debug_macro   0x00002505      0xb08 objdir/main.o
 .debug_macro   0x0000300d      0x419 objdir/main.o
 .debug_macro   0x00003426      0x46f objdir/main.o
 .debug_macro   0x00003895      0x2b2 objdir/main.o
 .debug_macro   0x00003b47      0x5d3 objdir/main.o
 .debug_macro   0x0000411a       0x82 objdir/main.o
 .debug_macro   0x0000419c       0x1c objdir/main.o
 .debug_macro   0x000041b8      0x699 objdir/main.o
 .debug_macro   0x00004851      0x4ba objdir/main.o
 .debug_macro   0x00004d0b       0xbe objdir/main.o
 .debug_macro   0x00004dc9     0x233f objdir/main.o
 .debug_macro   0x00007108      0x68d objdir/main.o
 .debug_macro   0x00007795      0xa5f objdir/main.o
 .debug_macro   0x000081f4       0x7c objdir/main.o
 .debug_macro   0x00008270      0x261 objdir/main.o
 .debug_macro   0x000084d1       0x58 objdir/main.o
 .debug_macro   0x00008529      0x9a5 objdir/main.o
 .debug_macro   0x00008ece      0x246 objdir/main.o
 .debug_macro   0x00009114      0x4dc objdir/main.o
 .debug_macro   0x000095f0      0x6b0 objdir/main.o
 .debug_macro   0x00009ca0      0x560 objdir/main.o
 .debug_macro   0x0000a200      0x34a objdir/main.o
 .debug_macro   0x0000a54a      0x289 objdir/main.o
 .debug_macro   0x0000a7d3      0x751 objdir/main.o
 .debug_macro   0x0000af24      0x6b2 objdir/main.o
 .debug_macro   0x0000b5d6       0x76 objdir/main.o
 .debug_macro   0x0000b64c       0x82 objdir/main.o
 .debug_macro   0x0000b6ce       0x76 objdir/main.o
 .debug_macro   0x0000b744       0x4c objdir/main.o
 .debug_macro   0x0000b790       0xe2 objdir/main.o
 .debug_macro   0x0000b872       0x88 objdir/main.o
 .debug_macro   0x0000b8fa       0x88 objdir/main.o
 .debug_macro   0x0000b982      0x2c6 objdir/main.o
 .debug_macro   0x0000bc48       0xac objdir/main.o
 .debug_macro   0x0000bcf4       0xac objdir/main.o
 .debug_macro   0x0000bda0       0xac objdir/main.o
 .debug_macro   0x0000be4c      0x24f objdir/main.o
 .debug_macro   0x0000c09b       0x7c objdir/main.o
 .debug_macro   0x0000c117       0x70 objdir/main.o
 .debug_macro   0x0000c187       0xee objdir/main.o
 .debug_macro   0x0000c275      0x162 objdir/main.o
 .debug_macro   0x0000c3d7       0x64 objdir/main.o
 .debug_macro   0x0000c43b       0x88 objdir/main.o
 .debug_macro   0x0000c4c3       0x7c objdir/main.o
 .debug_macro   0x0000c53f       0x16 objdir/main.o
 .debug_macro   0x0000c555       0x22 objdir/main.o
 .debug_macro   0x0000c577       0x22 objdir/main.o
 .debug_macro   0x0000c599      0x112 objdir/main.o
 .debug_macro   0x0000c6ab      0x112 objdir/main.o
 .debug_macro   0x0000c7bd       0x1c objdir/main.o
 .debug_macro   0x0000c7d9       0x2e objdir/main.o
 .debug_macro   0x0000c807       0x22 objdir/main.o
 .debug_macro   0x0000c829       0x1c objdir/main.o
 .debug_macro   0x0000c845       0x58 objdir/main.o
 .debug_macro   0x0000c89d       0x10 objdir/main.o
 .debug_macro   0x0000c8ad      0x1d2 objdir/main.o
 .debug_macro   0x0000ca7f      0x818 objdir/main.o
 .debug_macro   0x0000d297       0xcf objdir/main.o
 .debug_macro   0x0000d366       0x5e objdir/main.o
 .debug_macro   0x0000d3c4       0x18 objdir/main.o
 .debug_macro   0x0000d3dc       0x35 objdir/main.o
 .debug_macro   0x0000d411       0x34 objdir/main.o
 .debug_macro   0x0000d445       0x16 objdir/main.o
 .debug_macro   0x0000d45b       0x35 objdir/main.o
 .debug_macro   0x0000d490      0x35c objdir/main.o
 .debug_macro   0x0000d7ec       0x10 objdir/main.o
 .debug_macro   0x0000d7fc       0x58 objdir/main.o
 .debug_macro   0x0000d854       0x1f objdir/main.o
 .debug_macro   0x0000d873       0x43 objdir/main.o
 .debug_macro   0x0000d8b6       0x20 objdir/main.o
 .debug_macro   0x0000d8d6      0x18e objdir/main.o
 .debug_macro   0x0000da64       0x10 objdir/main.o
 .debug_macro   0x0000da74       0x1c objdir/main.o
 .debug_macro   0x0000da90       0x52 objdir/main.o
 .debug_macro   0x0000dae2       0x40 objdir/main.o
 .debug_macro   0x0000db22       0x10 objdir/main.o
 .debug_macro   0x0000db32       0x40 objdir/main.o
 .debug_macro   0x0000db72       0xd7 objdir/main.o
 .debug_macro   0x0000dc49       0x1c objdir/main.o
 .debug_macro   0x0000dc65       0x3d objdir/main.o
 .debug_macro   0x0000dca2       0x16 objdir/main.o
 .debug_macro   0x0000dcb8      0x16f objdir/main.o
 .debug_macro   0x0000de27       0x22 objdir/main.o
 .debug_macro   0x0000de49       0x16 objdir/main.o
 .debug_macro   0x0000de5f       0x16 objdir/main.o
 .debug_macro   0x0000de75       0x29 objdir/main.o
 .debug_macro   0x0000de9e       0x74 objdir/main.o
 .debug_macro   0x0000df12       0x45 objdir/main.o
 .debug_macro   0x0000df57      0x3c3 objdir/main.o
 .debug_macro   0x0000e31a       0x28 objdir/main.o
 .debug_macro   0x0000e342      0x245 objdir/main.o
 .debug_macro   0x0000e587      0x235 objdir/main.o
 .debug_macro   0x0000e7bc       0x5e objdir/main.o
 .debug_macro   0x0000e81a       0x64 objdir/main.o
 .debug_macro   0x0000e87e       0x5f objdir/main.o
 .debug_macro   0x0000e8dd       0x82 objdir/main.o
 .debug_macro   0x0000e95f       0x28 objdir/main.o
 .debug_macro   0x0000e987       0x1c objdir/main.o
 .debug_macro   0x0000e9a3       0x70 objdir/main.o
 .debug_macro   0x0000ea13       0x10 objdir/main.o
 .debug_macro   0x0000ea23       0x94 objdir/main.o
 .debug_macro   0x0000eab7       0x40 objdir/main.o
 .debug_macro   0x0000eaf7       0x70 objdir/main.o
 .debug_macro   0x0000eb67       0x34 objdir/main.o
 .debug_macro   0x0000eb9b       0x7c objdir/main.o
 .debug_macro   0x0000ec17       0x16 objdir/main.o
 .debug_macro   0x0000ec2d       0x10 objdir/main.o
 .debug_macro   0x0000ec3d       0x4c objdir/main.o
 .debug_macro   0x0000ec89       0x10 objdir/main.o
 .debug_macro   0x0000ec99       0x16 objdir/main.o
 .debug_macro   0x0000ecaf       0x1c objdir/main.o
 .debug_macro   0x0000eccb       0x2e objdir/main.o
 .debug_macro   0x0000ecf9       0x1c objdir/main.o
 .debug_macro   0x0000ed15       0xad objdir/main.o
 .debug_macro   0x0000edc2       0x4c objdir/main.o
 .debug_macro   0x0000ee0e      0x241 objdir/main.o
 .debug_macro   0x0000f04f      0x17e objdir/main.o
 .debug_macro   0x0000f1cd       0x1c objdir/main.o
 .debug_macro   0x0000f1e9       0x16 objdir/main.o
 .debug_macro   0x0000f1ff       0x1c objdir/main.o
 .debug_macro   0x0000f21b       0x78 objdir/main.o
 .debug_macro   0x0000f293       0x1c objdir/main.o
 .debug_macro   0x0000f2af       0x1c objdir/main.o
 .debug_macro   0x0000f2cb       0xca objdir/main.o
 .debug_macro   0x0000f395       0x10 objdir/main.o
 .debug_macro   0x0000f3a5       0x16 objdir/main.o
 .debug_macro   0x0000f3bb      0x8b1 objdir/usb.o
 .debug_macro   0x0000fc6c      0x79c objdir/usb_xmem.o
 .debug_macro   0x00010408      0x79c objdir/fpga_program.o
 .debug_macro   0x00010ba4      0x5cf objdir/flash_efc.o
 .debug_macro   0x00011173       0x58 objdir/flash_efc.o
 .debug_macro   0x000111cb       0x94 objdir/flash_efc.o
 .debug_macro   0x0001125f       0x57 objdir/flash_efc.o
 .debug_macro   0x000112b6       0x10 objdir/flash_efc.o
 .debug_macro   0x000112c6       0x16 objdir/flash_efc.o
 .debug_macro   0x000112dc       0x1c objdir/flash_efc.o
 .debug_macro   0x000112f8      0x52e objdir/usart.o
 .debug_macro   0x00011826       0x28 objdir/usart.o
 .debug_macro   0x0001184e      0x51f objdir/smc.o
 .debug_macro   0x00011d6d       0x76 objdir/smc.o
 .debug_macro   0x00011de3      0x502 objdir/pio_handler.o
 .debug_macro   0x000122e5       0x8e objdir/pio_handler.o
 .debug_macro   0x00012373      0x726 objdir/udphs_device.o
 .debug_macro   0x00012a99       0xa7 objdir/udphs_device.o
 .debug_macro   0x00012b40      0x23f objdir/udphs_device.o
 .debug_macro   0x00012d7f       0x2e objdir/udphs_device.o
 .debug_macro   0x00012dad      0x65e objdir/udphs_device.o
 .debug_macro   0x0001340b      0x50c objdir/startup_sam3u.o
 .debug_macro   0x00013917       0x3f objdir/startup_sam3u.o
 .debug_macro   0x00013956      0x56b objdir/sysclk.o
 .debug_macro   0x00013ec1      0x4f8 objdir/pmc.o
 .debug_macro   0x000143b9       0x58 objdir/pmc.o
 .debug_macro   0x00014411      0x5b9 objdir/udi_vendor.o
 .debug_macro   0x000149ca      0x50a objdir/efc.o
 .debug_macro   0x00014ed4       0x6a objdir/efc.o
 .debug_macro   0x00014f3e      0x4fe objdir/pio.o
 .debug_macro   0x0001543c      0x4f7 objdir/exceptions.o
 .debug_macro   0x00015933      0x5a1 objdir/udc.o
 .debug_macro   0x00015ed4      0x526 objdir/sleep.o
 .debug_macro   0x000163fa      0x5b4 objdir/init.o
 .debug_macro   0x000169ae       0x6a objdir/init.o
 .debug_macro   0x00016a18      0x4ed objdir/interrupt_sam_nvic.o
 .debug_macro   0x00016f05      0x586 objdir/udi_vendor_desc.o
 .debug_macro   0x0001748b      0x509 objdir/system_sam3u.o
 .debug_macro   0x00017994       0x26 objdir/system_sam3u.o
 .debug_macro   0x000179ba      0x50d objdir/sleepmgr.o

.debug_line     0x00000000    0x13e4d
 .debug_line    0x00000000     0x135e objdir/main.o
 .debug_line    0x0000135e     0x115e objdir/usb.o
 .debug_line    0x000024bc      0xed3 objdir/usb_xmem.o
 .debug_line    0x0000338f      0xd5f objdir/fpga_program.o
 .debug_line    0x000040ee      0xf50 objdir/flash_efc.o
 .debug_line    0x0000503e     0x138a objdir/usart.o
 .debug_line    0x000063c8      0xc92 objdir/smc.o
 .debug_line    0x0000705a      0xad5 objdir/pio_handler.o
 .debug_line    0x00007b2f     0x19ce objdir/udphs_device.o
 .debug_line    0x000094fd      0x97b objdir/startup_sam3u.o
 .debug_line    0x00009e78      0xc3f objdir/sysclk.o
 .debug_line    0x0000aab7     0x14e7 objdir/pmc.o
 .debug_line    0x0000bf9e      0xaa2 objdir/udi_vendor.o
 .debug_line    0x0000ca40      0xb9e objdir/efc.o
 .debug_line    0x0000d5de      0xe85 objdir/pio.o
 .debug_line    0x0000e463      0x920 objdir/exceptions.o
 .debug_line    0x0000ed83     0x1275 objdir/udc.o
 .debug_line    0x0000fff8      0xc0d objdir/sleep.o
 .debug_line    0x00010c05      0xab6 objdir/init.o
 .debug_line    0x000116bb      0x998 objdir/interrupt_sam_nvic.o
 .debug_line    0x00012053      0x99d objdir/udi_vendor_desc.o
 .debug_line    0x000129f0      0xb13 objdir/system_sam3u.o
 .debug_line    0x00013503      0x94a objdir/sleepmgr.o

.debug_str      0x00000000    0x58e5e
 .debug_str     0x00000000    0x4f14b objdir/main.o
                              0x4f5d0 (size before relaxing)
 .debug_str     0x0004f14b      0x663 objdir/usb.o
                              0x4f182 (size before relaxing)
 .debug_str     0x0004f7ae       0xea objdir/usb_xmem.o
                              0x4e72c (size before relaxing)
 .debug_str     0x0004f898      0x196 objdir/fpga_program.o
                              0x4eb71 (size before relaxing)
 .debug_str     0x0004fa2e      0x5a1 objdir/flash_efc.o
                              0x4b0d4 (size before relaxing)
 .debug_str     0x0004ffcf      0x85e objdir/usart.o
                              0x497ca (size before relaxing)
 .debug_str     0x0005082d      0x2e2 objdir/smc.o
                              0x4a66d (size before relaxing)
 .debug_str     0x00050b0f      0x47a objdir/pio_handler.o
                              0x4977b (size before relaxing)
 .debug_str     0x00050f89     0x66eb objdir/udphs_device.o
                              0x53e9a (size before relaxing)
 .debug_str     0x00057674       0xaf objdir/startup_sam3u.o
                              0x48e70 (size before relaxing)
 .debug_str     0x00057723       0xc0 objdir/sysclk.o
                              0x4ac4d (size before relaxing)
 .debug_str     0x000577e3      0x438 objdir/pmc.o
                              0x496eb (size before relaxing)
 .debug_str     0x00057c1b       0x9e objdir/udi_vendor.o
                              0x4b3ca (size before relaxing)
 .debug_str     0x00057cb9      0x192 objdir/efc.o
                              0x491d7 (size before relaxing)
 .debug_str     0x00057e4b      0x2b6 objdir/pio.o
                              0x4971a (size before relaxing)
 .debug_str     0x00058101       0x2c objdir/exceptions.o
                              0x48d78 (size before relaxing)
 .debug_str     0x0005812d      0x936 objdir/udc.o
                              0x4bc48 (size before relaxing)
 .debug_str     0x00058a63      0x133 objdir/sleep.o
                              0x4a4f5 (size before relaxing)
 .debug_str     0x00058b96       0x59 objdir/init.o
                              0x4b383 (size before relaxing)
 .debug_str     0x00058bef       0x26 objdir/interrupt_sam_nvic.o
                              0x48dbf (size before relaxing)
 .debug_str     0x00058c15       0xd9 objdir/udi_vendor_desc.o
                              0x4b4f8 (size before relaxing)
 .debug_str     0x00058cee      0x154 objdir/system_sam3u.o
                              0x49012 (size before relaxing)
 .debug_str     0x00058e42       0x1c objdir/sleepmgr.o
                              0x48ef5 (size before relaxing)

.debug_frame    0x00000000     0x435c
 .debug_frame   0x00000000      0x444 objdir/main.o
 .debug_frame   0x00000444      0x2f0 objdir/usb.o
 .debug_frame   0x00000734      0x1e0 objdir/usb_xmem.o
 .debug_frame   0x00000914      0x120 objdir/fpga_program.o
 .debug_frame   0x00000a34      0x3dc objdir/flash_efc.o
 .debug_frame   0x00000e10      0xb00 objdir/usart.o
 .debug_frame   0x00001910      0x420 objdir/smc.o
 .debug_frame   0x00001d30      0x18c objdir/pio_handler.o
 .debug_frame   0x00001ebc      0x7b4 objdir/udphs_device.o
 .debug_frame   0x00002670       0x30 objdir/startup_sam3u.o
 .debug_frame   0x000026a0      0x294 objdir/sysclk.o
 .debug_frame   0x00002934      0x8ac objdir/pmc.o
 .debug_frame   0x000031e0       0xe0 objdir/udi_vendor.o
 .debug_frame   0x000032c0      0x290 objdir/efc.o
 .debug_frame   0x00003550      0x60c objdir/pio.o
 .debug_frame   0x00003b5c       0x2c objdir/exceptions.o
 .debug_frame   0x00003b88      0x400 objdir/udc.o
 .debug_frame   0x00003f88       0x8c objdir/sleep.o
 .debug_frame   0x00004014       0xb0 objdir/init.o
 .debug_frame   0x000040c4       0x5c objdir/interrupt_sam_nvic.o
 .debug_frame   0x00004120       0x80 objdir/system_sam3u.o
 .debug_frame   0x000041a0       0x2c c:/program files (x86)/gnu tools arm embedded/8 2018-q4-major/bin/../lib/gcc/arm-none-eabi/8.2.1/../../../../arm-none-eabi/lib/thumb/v7-m/nofp\libg.a(lib_a-init.o)
 .debug_frame   0x000041cc       0x5c c:/program files (x86)/gnu tools arm embedded/8 2018-q4-major/bin/../lib/gcc/arm-none-eabi/8.2.1/../../../../arm-none-eabi/lib/thumb/v7-m/nofp\libg.a(lib_a-__call_atexit.o)
 .debug_frame   0x00004228       0x20 c:/program files (x86)/gnu tools arm embedded/8 2018-q4-major/bin/../lib/gcc/arm-none-eabi/8.2.1/../../../../arm-none-eabi/lib/thumb/v7-m/nofp\libg.a(lib_a-atexit.o)
 .debug_frame   0x00004248       0x34 c:/program files (x86)/gnu tools arm embedded/8 2018-q4-major/bin/../lib/gcc/arm-none-eabi/8.2.1/../../../../arm-none-eabi/lib/thumb/v7-m/nofp\libg.a(lib_a-fini.o)
 .debug_frame   0x0000427c       0xb0 c:/program files (x86)/gnu tools arm embedded/8 2018-q4-major/bin/../lib/gcc/arm-none-eabi/8.2.1/../../../../arm-none-eabi/lib/thumb/v7-m/nofp\libg.a(lib_a-lock.o)
 .debug_frame   0x0000432c       0x30 c:/program files (x86)/gnu tools arm embedded/8 2018-q4-major/bin/../lib/gcc/arm-none-eabi/8.2.1/../../../../arm-none-eabi/lib/thumb/v7-m/nofp\libg.a(lib_a-__atexit.o)

Cross Reference Table

Symbol                                            File
ADC12B_Handler                                    objdir/exceptions.o
                                                  objdir/startup_sam3u.o
ADC_Handler                                       objdir/exceptions.o
                                                  objdir/startup_sam3u.o
BusFault_Handler                                  objdir/exceptions.o
                                                  objdir/startup_sam3u.o
DMAC_Handler                                      objdir/exceptions.o
                                                  objdir/startup_sam3u.o
DebugMon_Handler                                  objdir/exceptions.o
                                                  objdir/startup_sam3u.o
Dummy_Handler                                     objdir/exceptions.o
                                                  objdir/startup_sam3u.o
EFC0_Handler                                      objdir/exceptions.o
                                                  objdir/startup_sam3u.o
EFC1_Handler                                      objdir/exceptions.o
                                                  objdir/startup_sam3u.o
FPGA_lockstatus                                   objdir/usb_xmem.o
                                                  objdir/usb.o
FPGA_releaselock                                  objdir/usb_xmem.o
                                                  objdir/usb.o
FPGA_setaddr                                      objdir/usb_xmem.o
                                                  objdir/usb.o
FPGA_setlock                                      objdir/usb_xmem.o
                                                  objdir/usb.o
HSMCI_Handler                                     objdir/exceptions.o
                                                  objdir/startup_sam3u.o
HardFault_Handler                                 objdir/exceptions.o
                                                  objdir/startup_sam3u.o
LED_Off                                           objdir/led.o
                                                  objdir/ui_cw305.o
LED_On                                            objdir/led.o
                                                  objdir/ui_cw305.o
MemManage_Handler                                 objdir/exceptions.o
                                                  objdir/startup_sam3u.o
NMI_Handler                                       objdir/exceptions.o
                                                  objdir/startup_sam3u.o
PIOA_Handler                                      objdir/pio_handler.o
                                                  objdir/startup_sam3u.o
PIOB_Handler                                      objdir/pio_handler.o
                                                  objdir/startup_sam3u.o
PMC_Handler                                       objdir/exceptions.o
                                                  objdir/startup_sam3u.o
PWM_Handler                                       objdir/exceptions.o
                                                  objdir/startup_sam3u.o
PendSV_Handler                                    objdir/exceptions.o
                                                  objdir/startup_sam3u.o
RSTC_Handler                                      objdir/exceptions.o
                                                  objdir/startup_sam3u.o
RTC_Handler                                       objdir/exceptions.o
                                                  objdir/startup_sam3u.o
RTT_Handler                                       objdir/exceptions.o
                                                  objdir/startup_sam3u.o
Reset_Handler                                     objdir/startup_sam3u.o
SMC_Handler                                       objdir/exceptions.o
                                                  objdir/startup_sam3u.o
SPI_Handler                                       objdir/exceptions.o
                                                  objdir/startup_sam3u.o
SSC_Handler                                       objdir/exceptions.o
                                                  objdir/startup_sam3u.o
SUPC_Handler                                      objdir/exceptions.o
                                                  objdir/startup_sam3u.o
SVC_Handler                                       objdir/exceptions.o
                                                  objdir/startup_sam3u.o
SysTick_Handler                                   objdir/exceptions.o
                                                  objdir/startup_sam3u.o
SystemCoreClock                                   objdir/system_sam3u.o
SystemCoreClockUpdate                             objdir/system_sam3u.o
                                                  objdir/sysclk.o
SystemInit                                        objdir/system_sam3u.o
TC0_Handler                                       objdir/exceptions.o
                                                  objdir/startup_sam3u.o
TC1_Handler                                       objdir/exceptions.o
                                                  objdir/startup_sam3u.o
TC2_Handler                                       objdir/exceptions.o
                                                  objdir/startup_sam3u.o
TWI0_Handler                                      objdir/exceptions.o
                                                  objdir/startup_sam3u.o
TWI1_Handler                                      objdir/exceptions.o
                                                  objdir/startup_sam3u.o
UART_Handler                                      objdir/exceptions.o
                                                  objdir/startup_sam3u.o
UDPHS_Handler                                     objdir/udphs_device.o
                                                  objdir/startup_sam3u.o
USART0_Handler                                    objdir/exceptions.o
                                                  objdir/startup_sam3u.o
USART1_Handler                                    objdir/exceptions.o
                                                  objdir/startup_sam3u.o
USART2_Handler                                    objdir/exceptions.o
                                                  objdir/startup_sam3u.o
USB_PWR_STATE                                     objdir/usb.o
                                                  objdir/main.o
UsageFault_Handler                                objdir/exceptions.o
                                                  objdir/startup_sam3u.o
WDT_Handler                                       objdir/exceptions.o
                                                  objdir/startup_sam3u.o
_PathLocale                                       c:/program files (x86)/gnu tools arm embedded/8 2018-q4-major/bin/../lib/gcc/arm-none-eabi/8.2.1/../../../../arm-none-eabi/lib/thumb/v7-m/nofp\libg.a(lib_a-locale.o)
__aeabi_idiv0                                     c:/program files (x86)/gnu tools arm embedded/8 2018-q4-major/bin/../lib/gcc/arm-none-eabi/8.2.1/thumb/v7-m/nofp\libgcc.a(_dvmd_tls.o)
__aeabi_ldiv0                                     c:/program files (x86)/gnu tools arm embedded/8 2018-q4-major/bin/../lib/gcc/arm-none-eabi/8.2.1/thumb/v7-m/nofp\libgcc.a(_dvmd_tls.o)
                                                  c:/program files (x86)/gnu tools arm embedded/8 2018-q4-major/bin/../lib/gcc/arm-none-eabi/8.2.1/thumb/v7-m/nofp\libgcc.a(_aeabi_uldivmod.o)
__aeabi_uldivmod                                  c:/program files (x86)/gnu tools arm embedded/8 2018-q4-major/bin/../lib/gcc/arm-none-eabi/8.2.1/thumb/v7-m/nofp\libgcc.a(_aeabi_uldivmod.o)
                                                  c:/program files (x86)/gnu tools arm embedded/8 2018-q4-major/bin/../lib/gcc/arm-none-eabi/8.2.1/../../../../arm-none-eabi/lib/thumb/v7-m/nofp\libg.a(lib_a-vfiprintf.o)
__ascii_mbtowc                                    c:/program files (x86)/gnu tools arm embedded/8 2018-q4-major/bin/../lib/gcc/arm-none-eabi/8.2.1/../../../../arm-none-eabi/lib/thumb/v7-m/nofp\libg.a(lib_a-mbtowc_r.o)
                                                  c:/program files (x86)/gnu tools arm embedded/8 2018-q4-major/bin/../lib/gcc/arm-none-eabi/8.2.1/../../../../arm-none-eabi/lib/thumb/v7-m/nofp\libg.a(lib_a-locale.o)
__ascii_wctomb                                    c:/program files (x86)/gnu tools arm embedded/8 2018-q4-major/bin/../lib/gcc/arm-none-eabi/8.2.1/../../../../arm-none-eabi/lib/thumb/v7-m/nofp\libg.a(lib_a-wctomb_r.o)
                                                  c:/program files (x86)/gnu tools arm embedded/8 2018-q4-major/bin/../lib/gcc/arm-none-eabi/8.2.1/../../../../arm-none-eabi/lib/thumb/v7-m/nofp\libg.a(lib_a-locale.o)
__atexit_recursive_mutex                          c:/program files (x86)/gnu tools arm embedded/8 2018-q4-major/bin/../lib/gcc/arm-none-eabi/8.2.1/../../../../arm-none-eabi/lib/thumb/v7-m/nofp\libg.a(lib_a-__call_atexit.o)
                                                  c:/program files (x86)/gnu tools arm embedded/8 2018-q4-major/bin/../lib/gcc/arm-none-eabi/8.2.1/../../../../arm-none-eabi/lib/thumb/v7-m/nofp\libg.a(lib_a-__atexit.o)
__bss_end__                                       c:/program files (x86)/gnu tools arm embedded/8 2018-q4-major/bin/../lib/gcc/arm-none-eabi/8.2.1/../../../../arm-none-eabi/lib/thumb/v7-m/nofp/crt0.o
__bss_start__                                     c:/program files (x86)/gnu tools arm embedded/8 2018-q4-major/bin/../lib/gcc/arm-none-eabi/8.2.1/../../../../arm-none-eabi/lib/thumb/v7-m/nofp/crt0.o
__call_exitprocs                                  c:/program files (x86)/gnu tools arm embedded/8 2018-q4-major/bin/../lib/gcc/arm-none-eabi/8.2.1/../../../../arm-none-eabi/lib/thumb/v7-m/nofp\libg.a(lib_a-__call_atexit.o)
                                                  c:/program files (x86)/gnu tools arm embedded/8 2018-q4-major/bin/../lib/gcc/arm-none-eabi/8.2.1/../../../../arm-none-eabi/lib/thumb/v7-m/nofp\libg.a(lib_a-exit.o)
__deregister_frame_info                           c:/program files (x86)/gnu tools arm embedded/8 2018-q4-major/bin/../lib/gcc/arm-none-eabi/8.2.1/thumb/v7-m/nofp/crtbegin.o
__dso_handle                                      c:/program files (x86)/gnu tools arm embedded/8 2018-q4-major/bin/../lib/gcc/arm-none-eabi/8.2.1/thumb/v7-m/nofp/crtbegin.o
__fini_array_end                                  c:/program files (x86)/gnu tools arm embedded/8 2018-q4-major/bin/../lib/gcc/arm-none-eabi/8.2.1/../../../../arm-none-eabi/lib/thumb/v7-m/nofp\libg.a(lib_a-fini.o)
__fini_array_start                                c:/program files (x86)/gnu tools arm embedded/8 2018-q4-major/bin/../lib/gcc/arm-none-eabi/8.2.1/../../../../arm-none-eabi/lib/thumb/v7-m/nofp\libg.a(lib_a-fini.o)
__fp_lock_all                                     c:/program files (x86)/gnu tools arm embedded/8 2018-q4-major/bin/../lib/gcc/arm-none-eabi/8.2.1/../../../../arm-none-eabi/lib/thumb/v7-m/nofp\libg.a(lib_a-findfp.o)
__fp_unlock_all                                   c:/program files (x86)/gnu tools arm embedded/8 2018-q4-major/bin/../lib/gcc/arm-none-eabi/8.2.1/../../../../arm-none-eabi/lib/thumb/v7-m/nofp\libg.a(lib_a-findfp.o)
__fputwc                                          c:/program files (x86)/gnu tools arm embedded/8 2018-q4-major/bin/../lib/gcc/arm-none-eabi/8.2.1/../../../../arm-none-eabi/lib/thumb/v7-m/nofp\libg.a(lib_a-fputwc.o)
__global_locale                                   c:/program files (x86)/gnu tools arm embedded/8 2018-q4-major/bin/../lib/gcc/arm-none-eabi/8.2.1/../../../../arm-none-eabi/lib/thumb/v7-m/nofp\libg.a(lib_a-locale.o)
                                                  c:/program files (x86)/gnu tools arm embedded/8 2018-q4-major/bin/../lib/gcc/arm-none-eabi/8.2.1/../../../../arm-none-eabi/lib/thumb/v7-m/nofp\libg.a(lib_a-wctomb_r.o)
                                                  c:/program files (x86)/gnu tools arm embedded/8 2018-q4-major/bin/../lib/gcc/arm-none-eabi/8.2.1/../../../../arm-none-eabi/lib/thumb/v7-m/nofp\libg.a(lib_a-wcrtomb.o)
                                                  c:/program files (x86)/gnu tools arm embedded/8 2018-q4-major/bin/../lib/gcc/arm-none-eabi/8.2.1/../../../../arm-none-eabi/lib/thumb/v7-m/nofp\libg.a(lib_a-mbtowc_r.o)
                                                  c:/program files (x86)/gnu tools arm embedded/8 2018-q4-major/bin/../lib/gcc/arm-none-eabi/8.2.1/../../../../arm-none-eabi/lib/thumb/v7-m/nofp\libg.a(lib_a-localeconv.o)
__init_array_end                                  c:/program files (x86)/gnu tools arm embedded/8 2018-q4-major/bin/../lib/gcc/arm-none-eabi/8.2.1/../../../../arm-none-eabi/lib/thumb/v7-m/nofp\libg.a(lib_a-init.o)
__init_array_start                                c:/program files (x86)/gnu tools arm embedded/8 2018-q4-major/bin/../lib/gcc/arm-none-eabi/8.2.1/../../../../arm-none-eabi/lib/thumb/v7-m/nofp\libg.a(lib_a-init.o)
__libc_fini                                       c:/program files (x86)/gnu tools arm embedded/8 2018-q4-major/bin/../lib/gcc/arm-none-eabi/8.2.1/../../../../arm-none-eabi/lib/thumb/v7-m/nofp\libg.a(lib_a-__call_atexit.o)
__libc_fini_array                                 c:/program files (x86)/gnu tools arm embedded/8 2018-q4-major/bin/../lib/gcc/arm-none-eabi/8.2.1/../../../../arm-none-eabi/lib/thumb/v7-m/nofp\libg.a(lib_a-fini.o)
                                                  c:/program files (x86)/gnu tools arm embedded/8 2018-q4-major/bin/../lib/gcc/arm-none-eabi/8.2.1/../../../../arm-none-eabi/lib/thumb/v7-m/nofp\libg.a(lib_a-__call_atexit.o)
                                                  c:/program files (x86)/gnu tools arm embedded/8 2018-q4-major/bin/../lib/gcc/arm-none-eabi/8.2.1/../../../../arm-none-eabi/lib/thumb/v7-m/nofp/crt0.o
__libc_init_array                                 c:/program files (x86)/gnu tools arm embedded/8 2018-q4-major/bin/../lib/gcc/arm-none-eabi/8.2.1/../../../../arm-none-eabi/lib/thumb/v7-m/nofp\libg.a(lib_a-init.o)
                                                  objdir/startup_sam3u.o
                                                  c:/program files (x86)/gnu tools arm embedded/8 2018-q4-major/bin/../lib/gcc/arm-none-eabi/8.2.1/../../../../arm-none-eabi/lib/thumb/v7-m/nofp/crt0.o
__locale_mb_cur_max                               c:/program files (x86)/gnu tools arm embedded/8 2018-q4-major/bin/../lib/gcc/arm-none-eabi/8.2.1/../../../../arm-none-eabi/lib/thumb/v7-m/nofp\libg.a(lib_a-locale.o)
                                                  c:/program files (x86)/gnu tools arm embedded/8 2018-q4-major/bin/../lib/gcc/arm-none-eabi/8.2.1/../../../../arm-none-eabi/lib/thumb/v7-m/nofp\libg.a(lib_a-fputwc.o)
__localeconv_l                                    c:/program files (x86)/gnu tools arm embedded/8 2018-q4-major/bin/../lib/gcc/arm-none-eabi/8.2.1/../../../../arm-none-eabi/lib/thumb/v7-m/nofp\libg.a(lib_a-localeconv.o)
__lock___arc4random_mutex                         c:/program files (x86)/gnu tools arm embedded/8 2018-q4-major/bin/../lib/gcc/arm-none-eabi/8.2.1/../../../../arm-none-eabi/lib/thumb/v7-m/nofp\libg.a(lib_a-lock.o)
__lock___at_quick_exit_mutex                      c:/program files (x86)/gnu tools arm embedded/8 2018-q4-major/bin/../lib/gcc/arm-none-eabi/8.2.1/../../../../arm-none-eabi/lib/thumb/v7-m/nofp\libg.a(lib_a-lock.o)
__lock___atexit_recursive_mutex                   c:/program files (x86)/gnu tools arm embedded/8 2018-q4-major/bin/../lib/gcc/arm-none-eabi/8.2.1/../../../../arm-none-eabi/lib/thumb/v7-m/nofp\libg.a(lib_a-lock.o)
                                                  c:/program files (x86)/gnu tools arm embedded/8 2018-q4-major/bin/../lib/gcc/arm-none-eabi/8.2.1/../../../../arm-none-eabi/lib/thumb/v7-m/nofp\libg.a(lib_a-__call_atexit.o)
__lock___dd_hash_mutex                            c:/program files (x86)/gnu tools arm embedded/8 2018-q4-major/bin/../lib/gcc/arm-none-eabi/8.2.1/../../../../arm-none-eabi/lib/thumb/v7-m/nofp\libg.a(lib_a-lock.o)
__lock___env_recursive_mutex                      c:/program files (x86)/gnu tools arm embedded/8 2018-q4-major/bin/../lib/gcc/arm-none-eabi/8.2.1/../../../../arm-none-eabi/lib/thumb/v7-m/nofp\libg.a(lib_a-lock.o)
__lock___malloc_recursive_mutex                   c:/program files (x86)/gnu tools arm embedded/8 2018-q4-major/bin/../lib/gcc/arm-none-eabi/8.2.1/../../../../arm-none-eabi/lib/thumb/v7-m/nofp\libg.a(lib_a-lock.o)
                                                  c:/program files (x86)/gnu tools arm embedded/8 2018-q4-major/bin/../lib/gcc/arm-none-eabi/8.2.1/../../../../arm-none-eabi/lib/thumb/v7-m/nofp\libg.a(lib_a-mlock.o)
__lock___sfp_recursive_mutex                      c:/program files (x86)/gnu tools arm embedded/8 2018-q4-major/bin/../lib/gcc/arm-none-eabi/8.2.1/../../../../arm-none-eabi/lib/thumb/v7-m/nofp\libg.a(lib_a-lock.o)
                                                  c:/program files (x86)/gnu tools arm embedded/8 2018-q4-major/bin/../lib/gcc/arm-none-eabi/8.2.1/../../../../arm-none-eabi/lib/thumb/v7-m/nofp\libg.a(lib_a-findfp.o)
__lock___sinit_recursive_mutex                    c:/program files (x86)/gnu tools arm embedded/8 2018-q4-major/bin/../lib/gcc/arm-none-eabi/8.2.1/../../../../arm-none-eabi/lib/thumb/v7-m/nofp\libg.a(lib_a-lock.o)
                                                  c:/program files (x86)/gnu tools arm embedded/8 2018-q4-major/bin/../lib/gcc/arm-none-eabi/8.2.1/../../../../arm-none-eabi/lib/thumb/v7-m/nofp\libg.a(lib_a-findfp.o)
__lock___tz_mutex                                 c:/program files (x86)/gnu tools arm embedded/8 2018-q4-major/bin/../lib/gcc/arm-none-eabi/8.2.1/../../../../arm-none-eabi/lib/thumb/v7-m/nofp\libg.a(lib_a-lock.o)
__malloc_av_                                      c:/program files (x86)/gnu tools arm embedded/8 2018-q4-major/bin/../lib/gcc/arm-none-eabi/8.2.1/../../../../arm-none-eabi/lib/thumb/v7-m/nofp\libg.a(lib_a-mallocr.o)
                                                  c:/program files (x86)/gnu tools arm embedded/8 2018-q4-major/bin/../lib/gcc/arm-none-eabi/8.2.1/../../../../arm-none-eabi/lib/thumb/v7-m/nofp\libg.a(lib_a-reallocr.o)
                                                  c:/program files (x86)/gnu tools arm embedded/8 2018-q4-major/bin/../lib/gcc/arm-none-eabi/8.2.1/../../../../arm-none-eabi/lib/thumb/v7-m/nofp\libg.a(lib_a-freer.o)
__malloc_current_mallinfo                         c:/program files (x86)/gnu tools arm embedded/8 2018-q4-major/bin/../lib/gcc/arm-none-eabi/8.2.1/../../../../arm-none-eabi/lib/thumb/v7-m/nofp\libg.a(lib_a-mallocr.o)
                                                  c:/program files (x86)/gnu tools arm embedded/8 2018-q4-major/bin/../lib/gcc/arm-none-eabi/8.2.1/../../../../arm-none-eabi/lib/thumb/v7-m/nofp\libg.a(lib_a-freer.o)
__malloc_lock                                     c:/program files (x86)/gnu tools arm embedded/8 2018-q4-major/bin/../lib/gcc/arm-none-eabi/8.2.1/../../../../arm-none-eabi/lib/thumb/v7-m/nofp\libg.a(lib_a-mlock.o)
                                                  c:/program files (x86)/gnu tools arm embedded/8 2018-q4-major/bin/../lib/gcc/arm-none-eabi/8.2.1/../../../../arm-none-eabi/lib/thumb/v7-m/nofp\libg.a(lib_a-reallocr.o)
                                                  c:/program files (x86)/gnu tools arm embedded/8 2018-q4-major/bin/../lib/gcc/arm-none-eabi/8.2.1/../../../../arm-none-eabi/lib/thumb/v7-m/nofp\libg.a(lib_a-mallocr.o)
                                                  c:/program files (x86)/gnu tools arm embedded/8 2018-q4-major/bin/../lib/gcc/arm-none-eabi/8.2.1/../../../../arm-none-eabi/lib/thumb/v7-m/nofp\libg.a(lib_a-freer.o)
__malloc_max_sbrked_mem                           c:/program files (x86)/gnu tools arm embedded/8 2018-q4-major/bin/../lib/gcc/arm-none-eabi/8.2.1/../../../../arm-none-eabi/lib/thumb/v7-m/nofp\libg.a(lib_a-mallocr.o)
__malloc_max_total_mem                            c:/program files (x86)/gnu tools arm embedded/8 2018-q4-major/bin/../lib/gcc/arm-none-eabi/8.2.1/../../../../arm-none-eabi/lib/thumb/v7-m/nofp\libg.a(lib_a-mallocr.o)
__malloc_sbrk_base                                c:/program files (x86)/gnu tools arm embedded/8 2018-q4-major/bin/../lib/gcc/arm-none-eabi/8.2.1/../../../../arm-none-eabi/lib/thumb/v7-m/nofp\libg.a(lib_a-mallocr.o)
                                                  c:/program files (x86)/gnu tools arm embedded/8 2018-q4-major/bin/../lib/gcc/arm-none-eabi/8.2.1/../../../../arm-none-eabi/lib/thumb/v7-m/nofp\libg.a(lib_a-freer.o)
__malloc_top_pad                                  c:/program files (x86)/gnu tools arm embedded/8 2018-q4-major/bin/../lib/gcc/arm-none-eabi/8.2.1/../../../../arm-none-eabi/lib/thumb/v7-m/nofp\libg.a(lib_a-mallocr.o)