Archive member included to satisfy reference by file (symbol)

c:/program files (x86)/gnu arm embedded toolchain/9 2020-q2-update/bin/../lib/gcc/arm-none-eabi/9.3.1/../../../../arm-none-eabi/lib/thumb/v7-m/nofp\libg.a(lib_a-exit.o)
                              c:/program files (x86)/gnu arm embedded toolchain/9 2020-q2-update/bin/../lib/gcc/arm-none-eabi/9.3.1/../../../../arm-none-eabi/lib/thumb/v7-m/nofp/crt0.o (exit)
c:/program files (x86)/gnu arm embedded toolchain/9 2020-q2-update/bin/../lib/gcc/arm-none-eabi/9.3.1/../../../../arm-none-eabi/lib/thumb/v7-m/nofp\libg.a(lib_a-impure.o)
                              c:/program files (x86)/gnu arm embedded toolchain/9 2020-q2-update/bin/../lib/gcc/arm-none-eabi/9.3.1/../../../../arm-none-eabi/lib/thumb/v7-m/nofp\libg.a(lib_a-exit.o) (_global_impure_ptr)
c:/program files (x86)/gnu arm embedded toolchain/9 2020-q2-update/bin/../lib/gcc/arm-none-eabi/9.3.1/../../../../arm-none-eabi/lib/thumb/v7-m/nofp\libg.a(lib_a-init.o)
                              c:/program files (x86)/gnu arm embedded toolchain/9 2020-q2-update/bin/../lib/gcc/arm-none-eabi/9.3.1/../../../../arm-none-eabi/lib/thumb/v7-m/nofp/crt0.o (__libc_init_array)
c:/program files (x86)/gnu arm embedded toolchain/9 2020-q2-update/bin/../lib/gcc/arm-none-eabi/9.3.1/../../../../arm-none-eabi/lib/thumb/v7-m/nofp\libg.a(lib_a-iprintf.o)
                              objdir/syscalls.o (iprintf)
c:/program files (x86)/gnu arm embedded toolchain/9 2020-q2-update/bin/../lib/gcc/arm-none-eabi/9.3.1/../../../../arm-none-eabi/lib/thumb/v7-m/nofp\libg.a(lib_a-memcpy.o)
                              objdir/flash_efc.o (memcpy)
c:/program files (x86)/gnu arm embedded toolchain/9 2020-q2-update/bin/../lib/gcc/arm-none-eabi/9.3.1/../../../../arm-none-eabi/lib/thumb/v7-m/nofp\libg.a(lib_a-memset.o)
                              c:/program files (x86)/gnu arm embedded toolchain/9 2020-q2-update/bin/../lib/gcc/arm-none-eabi/9.3.1/../../../../arm-none-eabi/lib/thumb/v7-m/nofp/crt0.o (memset)
c:/program files (x86)/gnu arm embedded toolchain/9 2020-q2-update/bin/../lib/gcc/arm-none-eabi/9.3.1/../../../../arm-none-eabi/lib/thumb/v7-m/nofp\libg.a(lib_a-sprintf.o)
                              objdir/main.o (sprintf)
c:/program files (x86)/gnu arm embedded toolchain/9 2020-q2-update/bin/../lib/gcc/arm-none-eabi/9.3.1/../../../../arm-none-eabi/lib/thumb/v7-m/nofp\libg.a(lib_a-strlen-stub.o)
                              objdir/naeusb/naeusb_default.o (strlen)
c:/program files (x86)/gnu arm embedded toolchain/9 2020-q2-update/bin/../lib/gcc/arm-none-eabi/9.3.1/../../../../arm-none-eabi/lib/thumb/v7-m/nofp\libg.a(lib_a-strncpy.o)
                              objdir/naeusb/naeusb_default.o (strncpy)
c:/program files (x86)/gnu arm embedded toolchain/9 2020-q2-update/bin/../lib/gcc/arm-none-eabi/9.3.1/../../../../arm-none-eabi/lib/thumb/v7-m/nofp\libg.a(lib_a-svfprintf.o)
                              c:/program files (x86)/gnu arm embedded toolchain/9 2020-q2-update/bin/../lib/gcc/arm-none-eabi/9.3.1/../../../../arm-none-eabi/lib/thumb/v7-m/nofp\libg.a(lib_a-sprintf.o) (_svfprintf_r)
c:/program files (x86)/gnu arm embedded toolchain/9 2020-q2-update/bin/../lib/gcc/arm-none-eabi/9.3.1/../../../../arm-none-eabi/lib/thumb/v7-m/nofp\libg.a(lib_a-vfiprintf.o)
                              c:/program files (x86)/gnu arm embedded toolchain/9 2020-q2-update/bin/../lib/gcc/arm-none-eabi/9.3.1/../../../../arm-none-eabi/lib/thumb/v7-m/nofp\libg.a(lib_a-iprintf.o) (_vfiprintf_r)
c:/program files (x86)/gnu arm embedded toolchain/9 2020-q2-update/bin/../lib/gcc/arm-none-eabi/9.3.1/../../../../arm-none-eabi/lib/thumb/v7-m/nofp\libg.a(lib_a-wsetup.o)
                              c:/program files (x86)/gnu arm embedded toolchain/9 2020-q2-update/bin/../lib/gcc/arm-none-eabi/9.3.1/../../../../arm-none-eabi/lib/thumb/v7-m/nofp\libg.a(lib_a-vfiprintf.o) (__swsetup_r)
c:/program files (x86)/gnu arm embedded toolchain/9 2020-q2-update/bin/../lib/gcc/arm-none-eabi/9.3.1/../../../../arm-none-eabi/lib/thumb/v7-m/nofp\libg.a(lib_a-__call_atexit.o)
                              c:/program files (x86)/gnu arm embedded toolchain/9 2020-q2-update/bin/../lib/gcc/arm-none-eabi/9.3.1/../../../../arm-none-eabi/lib/thumb/v7-m/nofp\libg.a(lib_a-exit.o) (__call_exitprocs)
c:/program files (x86)/gnu arm embedded toolchain/9 2020-q2-update/bin/../lib/gcc/arm-none-eabi/9.3.1/../../../../arm-none-eabi/lib/thumb/v7-m/nofp\libg.a(lib_a-atexit.o)
                              c:/program files (x86)/gnu arm embedded toolchain/9 2020-q2-update/bin/../lib/gcc/arm-none-eabi/9.3.1/../../../../arm-none-eabi/lib/thumb/v7-m/nofp\libg.a(lib_a-__call_atexit.o) (atexit)
c:/program files (x86)/gnu arm embedded toolchain/9 2020-q2-update/bin/../lib/gcc/arm-none-eabi/9.3.1/../../../../arm-none-eabi/lib/thumb/v7-m/nofp\libg.a(lib_a-dtoa.o)
[...]
Memory Configuration

Name             Origin             Length             Attributes
flash            0x00080000         0x00010000         w !xr
sram0            0x20000000         0x00002000         w !xr
sram1            0x20080000         0x00002000         w !xr
rom              0x00080000         0x00010000         xr
ram              0x2007e000         0x00004000         xrw
*default*        0x00000000         0xffffffff

Linker script and memory map

LOAD c:/program files (x86)/gnu arm embedded toolchain/9 2020-q2-update/bin/../lib/gcc/arm-none-eabi/9.3.1/thumb/v7-m/nofp/crti.o
LOAD c:/program files (x86)/gnu arm embedded toolchain/9 2020-q2-update/bin/../lib/gcc/arm-none-eabi/9.3.1/thumb/v7-m/nofp/crtbegin.o
LOAD c:/program files (x86)/gnu arm embedded toolchain/9 2020-q2-update/bin/../lib/gcc/arm-none-eabi/9.3.1/../../../../arm-none-eabi/lib/thumb/v7-m/nofp/crt0.o
LOAD objdir/main.o
LOAD objdir/naeusb/usb_xmem.o
LOAD objdir/naeusb/fpga_program.o
LOAD objdir/naeusb/naeusb.o
LOAD objdir/naeusb/naeusb_default.o
LOAD objdir/naeusb/naeusb_openadc.o
LOAD objdir/naeusb_phywhisperer.o
LOAD objdir/naeusb/udc.o
LOAD objdir/chipid.o
LOAD objdir/circbuffer.o
LOAD objdir/cycle_counter.o
LOAD objdir/efc.o
LOAD objdir/exceptions.o
LOAD objdir/flash_efc.o
LOAD objdir/init.o
LOAD objdir/interrupt_sam_nvic.o
LOAD objdir/led.o
LOAD objdir/pio.o
LOAD objdir/pio_handler.o
LOAD objdir/pmc.o
LOAD objdir/read.o
LOAD objdir/sleep.o
LOAD objdir/sleepmgr.o
LOAD objdir/smc.o
LOAD objdir/spi.o
LOAD objdir/startup_sam3u.o
LOAD objdir/syscalls.o
LOAD objdir/sysclk.o
LOAD objdir/system_sam3u.o
LOAD objdir/tc.o
LOAD objdir/twi.o
LOAD objdir/uart.o
LOAD objdir/udi_vendor.o
LOAD objdir/udi_vendor_desc.o
LOAD objdir/udphs_device.o
LOAD objdir/ui_cw305.o
LOAD objdir/usart.o
LOAD objdir/usart_serial.o
LOAD objdir/write.o
START GROUP
LOAD c:/program files (x86)/gnu arm embedded toolchain/9 2020-q2-update/bin/../lib/gcc/arm-none-eabi/9.3.1/../../../../arm-none-eabi/lib/thumb/v7-m/nofp\libm.a
END GROUP
LOAD c:/program files (x86)/gnu arm embedded toolchain/9 2020-q2-update/bin/../lib/gcc/arm-none-eabi/9.3.1/../../../../arm-none-eabi/lib/thumb/v7-m/nofp\libm.a
START GROUP
LOAD c:/program files (x86)/gnu arm embedded toolchain/9 2020-q2-update/bin/../lib/gcc/arm-none-eabi/9.3.1/thumb/v7-m/nofp\libgcc.a
LOAD c:/program files (x86)/gnu arm embedded toolchain/9 2020-q2-update/bin/../lib/gcc/arm-none-eabi/9.3.1/../../../../arm-none-eabi/lib/thumb/v7-m/nofp\libg.a
LOAD c:/program files (x86)/gnu arm embedded toolchain/9 2020-q2-update/bin/../lib/gcc/arm-none-eabi/9.3.1/../../../../arm-none-eabi/lib/thumb/v7-m/nofp\libc.a
END GROUP
LOAD c:/program files (x86)/gnu arm embedded toolchain/9 2020-q2-update/bin/../lib/gcc/arm-none-eabi/9.3.1/thumb/v7-m/nofp/crtend.o
LOAD c:/program files (x86)/gnu arm embedded toolchain/9 2020-q2-update/bin/../lib/gcc/arm-none-eabi/9.3.1/thumb/v7-m/nofp/crtn.o
                0x00000400                __stack_size__ = DEFINED (__stack_size__)?__stack_size__:0x400
                0x20081ffc                __ram_end__ = ((ORIGIN (ram) + LENGTH (ram)) - 0x4)

.text           0x00080000     0xd3dc
                0x00080000                . = ALIGN (0x4)
                0x00080000                _sfixed = .
 *(.vectors .vectors.*)
 .vectors       0x00080000       0xbc objdir/startup_sam3u.o
                0x00080000                exception_table
 *(.text .text.* .gnu.linkonce.t.*)
 .text          0x000800bc       0x40 c:/program files (x86)/gnu arm embedded toolchain/9 2020-q2-update/bin/../lib/gcc/arm-none-eabi/9.3.1/thumb/v7-m/nofp/crtbegin.o
 .text.osc_enable
                0x000800fc       0x84 objdir/main.o
 .text.osc_is_ready
                0x00080180       0x84 objdir/main.o
 .text.osc_get_rate
                0x00080204       0x70 objdir/main.o
 .text.osc_wait_ready
                0x00080274       0x30 objdir/main.o
 .text.pll_config_init
                0x000802a4       0x6c objdir/main.o
 .text.pll_enable
                0x00080310       0x40 objdir/main.o
 .text.pll_is_locked
                0x00080350       0x2c objdir/main.o
 .text.pll_enable_source
                0x0008037c       0x38 objdir/main.o
 .text.pll_enable_config_defaults
                0x000803b4       0xac objdir/main.o
 .text.ioport_set_pin_mode
                0x00080460       0xdc objdir/main.o
 .text.sleepmgr_sleep
                0x0008053c       0x34 objdir/main.o
 .text.sleepmgr_init
                0x00080570       0x34 objdir/main.o
 .text.sleepmgr_get_sleep_mode
                0x000805a4       0x34 objdir/main.o
 .text.sleepmgr_enter_sleep
                0x000805d8       0x40 objdir/main.o
 .text.genclk_config_defaults
                0x00080618       0x1a objdir/main.o
 *fill*         0x00080632        0x2 
 .text.genclk_config_set_source
                0x00080634       0x9c objdir/main.o
 .text.genclk_config_set_divider
                0x000806d0       0x2c objdir/main.o
 .text.genclk_enable
                0x000806fc       0x30 objdir/main.o
 .text.genclk_enable_source
                0x0008072c      0x190 objdir/main.o
 .text.phywhisperer_no_pwr
                0x000808bc       0x20 objdir/main.o
                0x000808bc                phywhisperer_no_pwr
 .text.phywhisperer_5V_pwr
                0x000808dc       0x20 objdir/main.o
                0x000808dc                phywhisperer_5V_pwr
 .text.phywhisperer_host_pwr
                0x000808fc       0x20 objdir/main.o
                0x000808fc                phywhisperer_host_pwr
 .text.pwr_st_from_io
                0x0008091c       0x68 objdir/main.o
                0x0008091c                pwr_st_from_io
 .text.phywhisperer_setup_pins
                0x00080984      0x13c objdir/main.o
                0x00080984                phywhisperer_setup_pins
 .text.hacky_delay
                0x00080ac0       0x2c objdir/main.o
                0x00080ac0                hacky_delay
 .text.genclk_enable_config
                0x00080aec       0x64 objdir/main.o
 .text.main     0x00080b50      0x154 objdir/main.o
                0x00080b50                main
 .text.FPGA_setlock
                0x00080ca4       0x40 objdir/naeusb/usb_xmem.o
                0x00080ca4                FPGA_setlock
 .text.FPGA_releaselock
                0x00080ce4       0x18 objdir/naeusb/usb_xmem.o
                0x00080ce4                FPGA_releaselock
 .text.FPGA_lockstatus
                0x00080cfc       0x18 objdir/naeusb/usb_xmem.o
                0x00080cfc                FPGA_lockstatus
 .text.FPGA_setaddr
                0x00080d14       0x48 objdir/naeusb/usb_xmem.o
                0x00080d14                FPGA_setaddr
 .text.osc_get_rate
                0x00080d5c       0x70 objdir/naeusb/fpga_program.o
 .text.sysclk_get_main_hz
                0x00080dcc       0x18 objdir/naeusb/fpga_program.o
 .text.sysclk_get_cpu_hz
                0x00080de4       0x14 objdir/naeusb/fpga_program.o
 .text.sysclk_enable_peripheral_clock
                0x00080df8       0x1c objdir/naeusb/fpga_program.o
 .text.fpga_program_init
                0x00080e14       0x20 objdir/naeusb/fpga_program.o
                0x00080e14                fpga_program_init
 .text.fpga_program_setup1
                0x00080e34       0x80 objdir/naeusb/fpga_program.o
                0x00080e34                fpga_program_setup1
 .text.fpga_program_setup2
                0x00080eb4       0x14 objdir/naeusb/fpga_program.o
                0x00080eb4                fpga_program_setup2
 .text.fpga_program_sendbyte
                0x00080ec8       0x24 objdir/naeusb/fpga_program.o
                0x00080ec8                fpga_program_sendbyte
 .text.naeusb_add_in_handler
                0x00080eec       0x40 objdir/naeusb/naeusb.o
                0x00080eec                naeusb_add_in_handler
 .text.naeusb_add_out_handler
                0x00080f2c       0x40 objdir/naeusb/naeusb.o
                0x00080f2c                naeusb_add_out_handler
 .text.main_suspend_action
                0x00080f6c       0x1c objdir/naeusb/naeusb.o
                0x00080f6c                main_suspend_action
 .text.main_resume_action
                0x00080f88       0x10 objdir/naeusb/naeusb.o
                0x00080f88                main_resume_action
 .text.main_sof_action
                0x00080f98       0x34 objdir/naeusb/naeusb.o
                0x00080f98                main_sof_action
 .text.main_vendor_enable
                0x00080fcc       0x38 objdir/naeusb/naeusb.o
                0x00080fcc                main_vendor_enable
 .text.main_vendor_disable
                0x00081004       0x18 objdir/naeusb/naeusb.o
                0x00081004                main_vendor_disable
 .text.main_setup_out_received
                0x0008101c       0x68 objdir/naeusb/naeusb.o
                0x0008101c                main_setup_out_received
 .text.main_setup_in_received
                0x00081084       0x4c objdir/naeusb/naeusb.o
                0x00081084                main_setup_in_received
 .text.osc_enable
                0x000810d0       0x84 objdir/naeusb/naeusb_default.o
 .text.osc_is_ready
                0x00081154       0x84 objdir/naeusb/naeusb_default.o
 .text.osc_wait_ready
                0x000811d8       0x30 objdir/naeusb/naeusb_default.o
 .text.udc_detach
                0x00081208       0x10 objdir/naeusb/naeusb_default.o
 .text.naeusb_sam_cfg_out
                0x00081218      0x100 objdir/naeusb/naeusb_default.o
                0x00081218                naeusb_sam_cfg_out
 .text.naeusb_fw_version_in
                0x00081318       0x34 objdir/naeusb/naeusb_default.o
                0x00081318                naeusb_fw_version_in
 .text.naeusb_build_date_in
                0x0008134c       0x58 objdir/naeusb/naeusb_default.o
                0x0008134c                naeusb_build_date_in
 .text.naeusb_setup_out_received
                0x000813a4       0x28 objdir/naeusb/naeusb_default.o
                0x000813a4                naeusb_setup_out_received
 .text.naeusb_setup_in_received
                0x000813cc       0x34 objdir/naeusb/naeusb_default.o
                0x000813cc                naeusb_setup_in_received
 .text.naeusb_register_handlers
                0x00081400       0x24 objdir/naeusb/naeusb_default.o
                0x00081400                naeusb_register_handlers
 .text.openadc_progfpga_bulk
                0x00081424       0x4c objdir/naeusb/naeusb_openadc.o
                0x00081424                openadc_progfpga_bulk
 .text.openadc_readmem_bulk
                0x00081470       0x58 objdir/naeusb/naeusb_openadc.o
                0x00081470                openadc_readmem_bulk
 .text.openadc_writemem_bulk
                0x000814c8       0x3c objdir/naeusb/naeusb_openadc.o
                0x000814c8                openadc_writemem_bulk
 .text.openadc_readmem_ctrl
                0x00081504       0x58 objdir/naeusb/naeusb_openadc.o
                0x00081504                openadc_readmem_ctrl
 .text.openadc_writemem_ctrl
                0x0008155c       0x78 objdir/naeusb/naeusb_openadc.o
                0x0008155c                openadc_writemem_ctrl
 .text.main_vendor_bulk_in_received
                0x000815d4       0x40 objdir/naeusb/naeusb_openadc.o
                0x000815d4                main_vendor_bulk_in_received
 .text.main_vendor_bulk_out_received
                0x00081614       0xc4 objdir/naeusb/naeusb_openadc.o
                0x00081614                main_vendor_bulk_out_received
 .text.openadc_setup_in_received
                0x000816d8       0x8c objdir/naeusb/naeusb_openadc.o
                0x000816d8                openadc_setup_in_received
 .text.openadc_setup_out_received
                0x00081764       0xd4 objdir/naeusb/naeusb_openadc.o
                0x00081764                openadc_setup_out_received
 .text.openadc_register_handlers
                0x00081838       0x2c objdir/naeusb/naeusb_openadc.o
                0x00081838                openadc_register_handlers
 .text.ctrl_change_pwr
                0x00081864       0x78 objdir/naeusb_phywhisperer.o
                0x00081864                ctrl_change_pwr
 .text.ctrl_fpga_reset
                0x000818dc       0x1c objdir/naeusb_phywhisperer.o
                0x000818dc                ctrl_fpga_reset
 .text.phywhisperer_setup_out_received
                0x000818f8       0x3c objdir/naeusb_phywhisperer.o
                0x000818f8                phywhisperer_setup_out_received
 .text.phywhisperer_setup_in_received
                0x00081934        0xe objdir/naeusb_phywhisperer.o
                0x00081934                phywhisperer_setup_in_received
 *fill*         0x00081942        0x2 
 .text.phywhisperer_register_handlers
                0x00081944       0x24 objdir/naeusb_phywhisperer.o
                0x00081944                phywhisperer_register_handlers
 .text.udc_get_string_serial_name
                0x00081968       0x14 objdir/naeusb/udc.o
 .text.udc_get_interface_desc
                0x0008197c       0x14 objdir/naeusb/udc.o
                0x0008197c                udc_get_interface_desc
 .text.udc_get_eof_conf
                0x00081990       0x24 objdir/naeusb/udc.o
 .text.udc_next_desc_in_iface
                0x000819b4       0x5c objdir/naeusb/udc.o
 .text.udc_update_iface_desc
                0x00081a10       0x9c objdir/naeusb/udc.o
 .text.udc_iface_disable
                0x00081aac       0xa0 objdir/naeusb/udc.o
 .text.udc_iface_enable
                0x00081b4c       0x98 objdir/naeusb/udc.o
 .text.udc_start
                0x00081be4       0x10 objdir/naeusb/udc.o
                0x00081be4                udc_start
 .text.udc_reset
                0x00081bf4       0x54 objdir/naeusb/udc.o
                0x00081bf4                udc_reset
 .text.udc_sof_notify
                0x00081c48       0x60 objdir/naeusb/udc.o
                0x00081c48                udc_sof_notify
 .text.udc_req_std_dev_get_status
                0x00081ca8       0x2c objdir/naeusb/udc.o
 .text.udc_req_std_ep_get_status
                0x00081cd4       0x44 objdir/naeusb/udc.o
 .text.udc_req_std_dev_clear_feature
                0x00081d18       0x3c objdir/naeusb/udc.o
 .text.udc_req_std_ep_clear_feature
                0x00081d54       0x38 objdir/naeusb/udc.o
 .text.udc_req_std_dev_set_feature
                0x00081d8c       0xbc objdir/naeusb/udc.o
 .text.udc_req_std_ep_set_feature
                0x00081e48       0x48 objdir/naeusb/udc.o
 .text.udc_valid_address
                0x00081e90       0x24 objdir/naeusb/udc.o
 .text.udc_req_std_dev_set_address
                0x00081eb4       0x28 objdir/naeusb/udc.o
 .text.udc_req_std_dev_get_str_desc
                0x00081edc       0xcc objdir/naeusb/udc.o
 .text.udc_req_std_dev_get_descriptor
                0x00081fa8      0x21c objdir/naeusb/udc.o
 .text.udc_req_std_dev_get_configuration
                0x000821c4       0x2c objdir/naeusb/udc.o
 .text.udc_req_std_dev_set_configuration
                0x000821f0      0x104 objdir/naeusb/udc.o
 .text.udc_req_std_iface_get_setting
                0x000822f4       0x98 objdir/naeusb/udc.o
 .text.udc_req_std_iface_set_setting
                0x0008238c       0x68 objdir/naeusb/udc.o
 .text.udc_reqstd
                0x000823f4      0x190 objdir/naeusb/udc.o
 .text.udc_req_iface
                0x00082584       0x98 objdir/naeusb/udc.o
 .text.udc_req_ep
                0x0008261c       0x90 objdir/naeusb/udc.o
 .text.udc_process_setup
                0x000826ac       0xb4 objdir/naeusb/udc.o
                0x000826ac                udc_process_setup
 .text.cpu_irq_save
                0x00082760       0x3c objdir/efc.o
 .text.cpu_irq_is_enabled_flags
                0x0008279c       0x1e objdir/efc.o
 *fill*         0x000827ba        0x2 
 .text.cpu_irq_restore
                0x000827bc       0x34 objdir/efc.o
 .text.efc_perform_command
                0x000827f0       0x60 objdir/efc.o
                0x000827f0                efc_perform_command
 .text.Dummy_Handler
                0x00082850        0x6 objdir/exceptions.o
                0x00082850                DebugMon_Handler
                0x00082850                DMAC_Handler
                0x00082850                HardFault_Handler
                0x00082850                TC2_Handler
                0x00082850                SPI_Handler
                0x00082850                SysTick_Handler
                0x00082850                TWI1_Handler
                0x00082850                PendSV_Handler
                0x00082850                NMI_Handler
                0x00082850                ADC_Handler
                0x00082850                SMC_Handler
                0x00082850                USART0_Handler
                0x00082850                RTT_Handler
                0x00082850                EFC1_Handler
                0x00082850                ADC12B_Handler
                0x00082850                RTC_Handler
                0x00082850                UsageFault_Handler
                0x00082850                WDT_Handler
                0x00082850                TC1_Handler
                0x00082850                HSMCI_Handler
                0x00082850                Dummy_Handler
                0x00082850                TWI0_Handler
                0x00082850                USART1_Handler
                0x00082850                SSC_Handler
                0x00082850                EFC0_Handler
                0x00082850                PMC_Handler
                0x00082850                PWM_Handler
                0x00082850                MemManage_Handler
                0x00082850                SUPC_Handler
                0x00082850                SVC_Handler
                0x00082850                USART2_Handler
                0x00082850                UART_Handler
                0x00082850                BusFault_Handler
                0x00082850                RSTC_Handler
                0x00082850                TC0_Handler
 *fill*         0x00082856        0x2 
 .text.flash_read_unique_id
                0x00082858       0x70 objdir/flash_efc.o
                0x00082858                flash_read_unique_id
 .text.sysclk_enable_peripheral_clock
                0x000828c8       0x1c objdir/init.o
 .text.ioport_init
                0x000828e4       0x1c objdir/init.o
 .text.iopins_normal
                0x00082900       0x4c objdir/init.o
                0x00082900                iopins_normal
 .text.board_init
                0x0008294c       0x24 objdir/init.o
                0x0008294c                board_init
 .text.cpu_irq_enter_critical
                0x00082970       0x58 objdir/interrupt_sam_nvic.o
                0x00082970                cpu_irq_enter_critical
 .text.cpu_irq_leave_critical
                0x000829c8       0x44 objdir/interrupt_sam_nvic.o
                0x000829c8                cpu_irq_leave_critical
 .text.LED_Off  0x00082a0c       0x5c objdir/led.o
                0x00082a0c                LED_Off
 .text.LED_On   0x00082a68       0x5c objdir/led.o
                0x00082a68                LED_On
 .text.pio_pull_up
                0x00082ac4       0x2a objdir/pio.o
                0x00082ac4                pio_pull_up
 .text.pio_set_peripheral
                0x00082aee       0x9e objdir/pio.o
                0x00082aee                pio_set_peripheral
 .text.pio_set_input
                0x00082b8c       0x80 objdir/pio.o
                0x00082b8c                pio_set_input
 .text.pio_set_output
                0x00082c0c       0x64 objdir/pio.o
                0x00082c0c                pio_set_output
 .text.pio_enable_output_write
                0x00082c70       0x1c objdir/pio.o
                0x00082c70                pio_enable_output_write
 .text.pio_disable_interrupt
                0x00082c8c       0x1a objdir/pio.o
                0x00082c8c                pio_disable_interrupt
 .text.pio_get_interrupt_status
                0x00082ca6       0x16 objdir/pio.o
                0x00082ca6                pio_get_interrupt_status
 .text.pio_get_interrupt_mask
                0x00082cbc       0x16 objdir/pio.o
                0x00082cbc                pio_get_interrupt_mask
 *fill*         0x00082cd2        0x2 
 .text.pio_get_pin_value
                0x00082cd4       0x30 objdir/pio.o
                0x00082cd4                pio_get_pin_value
 .text.pio_set_pin_high
                0x00082d04       0x30 objdir/pio.o
                0x00082d04                pio_set_pin_high
 .text.pio_set_pin_low
                0x00082d34       0x30 objdir/pio.o
                0x00082d34                pio_set_pin_low
 .text.pio_configure_pin
                0x00082d64      0x130 objdir/pio.o
                0x00082d64                pio_configure_pin
 .text.pio_configure_pin_group
                0x00082e94       0xdc objdir/pio.o
                0x00082e94                pio_configure_pin_group
 .text.pio_get_pin_group
                0x00082f70       0x24 objdir/pio.o
                0x00082f70                pio_get_pin_group
 .text.pio_handler_process
                0x00082f94       0xb4 objdir/pio_handler.o
                0x00082f94                pio_handler_process
 .text.PIOA_Handler
                0x00083048       0x18 objdir/pio_handler.o
                0x00083048                PIOA_Handler
 .text.PIOB_Handler
                0x00083060       0x18 objdir/pio_handler.o
                0x00083060                PIOB_Handler
 .text.pmc_switch_mck_to_mainck
                0x00083078       0x80 objdir/pmc.o
                0x00083078                pmc_switch_mck_to_mainck
 .text.pmc_switch_mck_to_pllack
                0x000830f8       0x80 objdir/pmc.o
                0x000830f8                pmc_switch_mck_to_pllack
 .text.pmc_switch_sclk_to_32kxtal
                0x00083178       0x38 objdir/pmc.o
                0x00083178                pmc_switch_sclk_to_32kxtal
 .text.pmc_osc_is_ready_32kxtal
                0x000831b0       0x34 objdir/pmc.o
                0x000831b0                pmc_osc_is_ready_32kxtal
 .text.pmc_osc_enable_fastrc
                0x000831e4       0x5c objdir/pmc.o
                0x000831e4                pmc_osc_enable_fastrc
 .text.pmc_osc_is_ready_fastrc
                0x00083240       0x18 objdir/pmc.o
                0x00083240                pmc_osc_is_ready_fastrc
 .text.pmc_osc_enable_main_xtal
                0x00083258       0x50 objdir/pmc.o
                0x00083258                pmc_osc_enable_main_xtal
 .text.pmc_osc_bypass_main_xtal
                0x000832a8       0x34 objdir/pmc.o
                0x000832a8                pmc_osc_bypass_main_xtal
 .text.pmc_osc_is_bypassed_main_xtal
                0x000832dc       0x18 objdir/pmc.o
                0x000832dc                pmc_osc_is_bypassed_main_xtal
 .text.pmc_osc_is_ready_main_xtal
                0x000832f4       0x18 objdir/pmc.o
                0x000832f4                pmc_osc_is_ready_main_xtal
 .text.pmc_osc_is_ready_mainck
                0x0008330c       0x18 objdir/pmc.o
                0x0008330c                pmc_osc_is_ready_mainck
 .text.pmc_mainck_osc_select
                0x00083324       0x40 objdir/pmc.o
                0x00083324                pmc_mainck_osc_select
 .text.pmc_disable_pllack
                0x00083364       0x18 objdir/pmc.o
                0x00083364                pmc_disable_pllack
 .text.pmc_is_locked_pllack
                0x0008337c       0x18 objdir/pmc.o
                0x0008337c                pmc_is_locked_pllack
 .text.pmc_disable_upll_clock
                0x00083394       0x1c objdir/pmc.o
                0x00083394                pmc_disable_upll_clock
 .text.pmc_is_locked_upll
                0x000833b0       0x18 objdir/pmc.o
                0x000833b0                pmc_is_locked_upll
 .text.pmc_enable_periph_clk
                0x000833c8       0x4c objdir/pmc.o
                0x000833c8                pmc_enable_periph_clk
 .text.pmc_disable_periph_clk
                0x00083414       0x4c objdir/pmc.o
                0x00083414                pmc_disable_periph_clk
 .text.pmc_enable_pck
                0x00083460       0x24 objdir/pmc.o
                0x00083460                pmc_enable_pck
 .text.pmc_set_fast_startup_input
                0x00083484       0x2c objdir/pmc.o
                0x00083484                pmc_set_fast_startup_input
 .text.pmc_enable_waitmode
                0x000834b0       0x5c objdir/pmc.o
                0x000834b0                pmc_enable_waitmode
 .text._read    0x0008350c       0x54 objdir/read.o
                0x0008350c                _read
 .text.pmc_sleep
                0x00083560      0x42c objdir/sleep.o
                0x00083560                pmc_sleep
 .text.pmc_is_wakeup_clocks_restored
                0x0008398c       0x2c objdir/sleep.o
                0x0008398c                pmc_is_wakeup_clocks_restored
 .text.smc_set_setup_timing
                0x000839b8       0x2a objdir/smc.o
                0x000839b8                smc_set_setup_timing
 .text.smc_set_pulse_timing
                0x000839e2       0x2a objdir/smc.o
                0x000839e2                smc_set_pulse_timing
 .text.smc_set_cycle_timing
                0x00083a0c       0x2a objdir/smc.o
                0x00083a0c                smc_set_cycle_timing
 .text.smc_set_mode
                0x00083a36       0x2a objdir/smc.o
                0x00083a36                smc_set_mode
 .text.Reset_Handler
                0x00083a60       0xa8 objdir/startup_sam3u.o
                0x00083a60                Reset_Handler
 .text._sbrk    0x00083b08       0x58 objdir/syscalls.o
                0x00083b08                _sbrk
 .text._close   0x00083b60       0x16 objdir/syscalls.o
                0x00083b60                _close
 .text._fstat   0x00083b76       0x1e objdir/syscalls.o
                0x00083b76                _fstat
 .text._isatty  0x00083b94       0x14 objdir/syscalls.o
                0x00083b94                _isatty
 .text._lseek   0x00083ba8       0x18 objdir/syscalls.o
                0x00083ba8                _lseek
 .text._exit    0x00083bc0       0x1c objdir/syscalls.o
                0x00083bc0                _exit
 .text._kill    0x00083bdc       0x14 objdir/syscalls.o
                0x00083bdc                _kill
 .text._getpid  0x00083bf0       0x10 objdir/syscalls.o
                0x00083bf0                _getpid
 .text.osc_enable
                0x00083c00       0x84 objdir/sysclk.o
 .text.osc_is_ready
                0x00083c84       0x84 objdir/sysclk.o
 .text.osc_get_rate
                0x00083d08       0x70 objdir/sysclk.o
 .text.osc_wait_ready
                0x00083d78       0x30 objdir/sysclk.o
 .text.pll_config_init
                0x00083da8       0x6c objdir/sysclk.o
 .text.pll_enable
                0x00083e14       0x40 objdir/sysclk.o
 .text.pll_is_locked
                0x00083e54       0x2c objdir/sysclk.o
 .text.pll_enable_source
                0x00083e80       0x38 objdir/sysclk.o
 .text.pll_wait_for_lock
                0x00083eb8       0x24 objdir/sysclk.o
 .text.sysclk_get_main_hz
                0x00083edc       0x18 objdir/sysclk.o
 .text.sysclk_get_cpu_hz
                0x00083ef4       0x14 objdir/sysclk.o
 .text.sysclk_enable_usb
                0x00083f08       0x40 objdir/sysclk.o
                0x00083f08                sysclk_enable_usb
 .text.sysclk_init
                0x00083f48       0x8c objdir/sysclk.o
                0x00083f48                sysclk_init
 .text.SystemCoreClockUpdate
                0x00083fd4      0x184 objdir/system_sam3u.o
                0x00083fd4                SystemCoreClockUpdate
 .text.udi_vendor_enable
                0x00084158       0x40 objdir/udi_vendor.o
                0x00084158                udi_vendor_enable
 .text.udi_vendor_disable
                0x00084198       0x1c objdir/udi_vendor.o
                0x00084198                udi_vendor_disable
 .text.udi_vendor_setup
                0x000841b4       0x54 objdir/udi_vendor.o
                0x000841b4                udi_vendor_setup
 .text.udi_vendor_getsetting
                0x00084208       0x14 objdir/udi_vendor.o
                0x00084208                udi_vendor_getsetting
 .text.udi_vendor_bulk_in_run
                0x0008421c       0x2c objdir/udi_vendor.o
                0x0008421c                udi_vendor_bulk_in_run
 .text.udi_vendor_bulk_out_run
                0x00084248       0x2c objdir/udi_vendor.o
                0x00084248                udi_vendor_bulk_out_run
 .text.NVIC_EnableIRQ
                0x00084274       0x30 objdir/udphs_device.o
 .text.NVIC_SetPriority
                0x000842a4       0x54 objdir/udphs_device.o
 .text.cpu_irq_save
                0x000842f8       0x3c objdir/udphs_device.o
 .text.cpu_irq_is_enabled_flags
                0x00084334       0x1e objdir/udphs_device.o
 *fill*         0x00084352        0x2 
 .text.cpu_irq_restore
                0x00084354       0x34 objdir/udphs_device.o
 .text.sleepmgr_lock_mode
                0x00084388       0x38 objdir/udphs_device.o
 .text.sleepmgr_unlock_mode
                0x000843c0       0x38 objdir/udphs_device.o
 .text.udd_sleep_mode
                0x000843f8       0x58 objdir/udphs_device.o
 .text.UDPHS_Handler
                0x00084450      0x1c4 objdir/udphs_device.o
                0x00084450                UDPHS_Handler
 .text.udd_enable
                0x00084614       0x9c objdir/udphs_device.o
                0x00084614                udd_enable
 .text.udd_attach
                0x000846b0       0xb8 objdir/udphs_device.o
                0x000846b0                udd_attach
 .text.udd_detach
                0x00084768       0x44 objdir/udphs_device.o
                0x00084768                udd_detach
 .text.udd_is_high_speed
                0x000847ac       0x24 objdir/udphs_device.o
                0x000847ac                udd_is_high_speed
 .text.udd_set_address
                0x000847d0       0x44 objdir/udphs_device.o
                0x000847d0                udd_set_address
 .text.udd_getaddress
                0x00084814       0x1c objdir/udphs_device.o
                0x00084814                udd_getaddress
 .text.udd_get_frame_number
                0x00084830       0x20 objdir/udphs_device.o
                0x00084830                udd_get_frame_number
 .text.udd_set_setup_payload
                0x00084850       0x28 objdir/udphs_device.o
                0x00084850                udd_set_setup_payload
 .text.udd_ep_alloc
                0x00084878      0x3b8 objdir/udphs_device.o
                0x00084878                udd_ep_alloc
 .text.udd_ep_free
                0x00084c30       0x80 objdir/udphs_device.o
                0x00084c30                udd_ep_free
 .text.udd_ep_is_halted
                0x00084cb0       0x68 objdir/udphs_device.o
                0x00084cb0                udd_ep_is_halted
 .text.udd_ep_set_halt
                0x00084d18      0x114 objdir/udphs_device.o
                0x00084d18                udd_ep_set_halt
 .text.udd_ep_clear_halt
                0x00084e2c      0x130 objdir/udphs_device.o
                0x00084e2c                udd_ep_clear_halt
 .text.udd_ep_run
                0x00084f5c      0x108 objdir/udphs_device.o
                0x00084f5c                udd_ep_run
 .text.udd_ep_abort
                0x00085064       0x88 objdir/udphs_device.o
                0x00085064                udd_ep_abort
 .text.udd_test_mode_j
                0x000850ec       0x34 objdir/udphs_device.o
                0x000850ec                udd_test_mode_j
 .text.udd_test_mode_k
                0x00085120       0x34 objdir/udphs_device.o
                0x00085120                udd_test_mode_k
 .text.udd_test_mode_se0_nak
                0x00085154       0x24 objdir/udphs_device.o
                0x00085154                udd_test_mode_se0_nak
 .text.udd_test_mode_packet
                0x00085178       0xcc objdir/udphs_device.o
                0x00085178                udd_test_mode_packet
 .text.udd_reset_ep_ctrl
                0x00085244       0x80 objdir/udphs_device.o
 .text.udd_ctrl_init
                0x000852c4       0x5c objdir/udphs_device.o
 .text.udd_ctrl_setup_received
                0x00085320      0x140 objdir/udphs_device.o
 .text.udd_ctrl_in_sent
                0x00085460      0x168 objdir/udphs_device.o
 .text.udd_ctrl_out_received
                0x000855c8      0x1bc objdir/udphs_device.o
 .text.udd_ctrl_underflow
                0x00085784       0x44 objdir/udphs_device.o
 .text.udd_ctrl_overflow
                0x000857c8       0x34 objdir/udphs_device.o
 .text.udd_ctrl_stall_data
                0x000857fc       0x24 objdir/udphs_device.o
 .text.udd_ctrl_send_zlp_in
                0x00085820       0x64 objdir/udphs_device.o
 .text.udd_ctrl_send_zlp_out
                0x00085884       0x44 objdir/udphs_device.o
 .text.udd_ctrl_endofrequest
                0x000858c8       0x1c objdir/udphs_device.o
 .text.udd_ctrl_interrupt
                0x000858e4       0xe4 objdir/udphs_device.o
 .text.udd_ep_job_table_reset
                0x000859c8       0x5c objdir/udphs_device.o
 .text.udd_ep_job_table_kill
                0x00085a24       0x48 objdir/udphs_device.o
 .text.udd_ep_abort_job
                0x00085a6c       0x3c objdir/udphs_device.o
 .text.udd_ep_finish_job
                0x00085aa8       0x70 objdir/udphs_device.o
 .text.udd_ep_trans_done
                0x00085b18      0x1e8 objdir/udphs_device.o
 .text.udd_ep_interrupt
                0x00085d00      0x1f4 objdir/udphs_device.o
 .text.ui_powerdown
                0x00085ef4       0x18 objdir/ui_cw305.o
                0x00085ef4                ui_powerdown
 .text.ui_wakeup
                0x00085f0c       0x14 objdir/ui_cw305.o
                0x00085f0c                ui_wakeup
 .text.ui_process
                0x00085f20       0x74 objdir/ui_cw305.o
                0x00085f20                ui_process
 .text.usart_set_spi_master_baudrate
                0x00085f94       0x40 objdir/usart.o
 .text.usart_reset
                0x00085fd4       0x60 objdir/usart.o
                0x00085fd4                usart_reset
 .text.usart_init_spi_master
                0x00086034      0x110 objdir/usart.o
                0x00086034                usart_init_spi_master
 .text.usart_enable_tx
                0x00086144       0x18 objdir/usart.o
                0x00086144                usart_enable_tx
 .text.usart_reset_tx
                0x0008615c       0x18 objdir/usart.o
                0x0008615c                usart_reset_tx
 .text.usart_reset_rx
                0x00086174       0x18 objdir/usart.o
                0x00086174                usart_reset_rx
 .text.usart_reset_status
                0x0008618c       0x1a objdir/usart.o
                0x0008618c                usart_reset_status
 .text.usart_drive_DTR_pin_high
                0x000861a6       0x1a objdir/usart.o
                0x000861a6                usart_drive_DTR_pin_high
 .text.usart_drive_RTS_pin_high
                0x000861c0       0x1a objdir/usart.o
                0x000861c0                usart_drive_RTS_pin_high
 .text.usart_putchar
                0x000861da       0x2e objdir/usart.o
                0x000861da                usart_putchar
 .text.usart_disable_writeprotect
                0x00086208       0x20 objdir/usart.o
                0x00086208                usart_disable_writeprotect
 .text._write   0x00086228       0x6c objdir/write.o
                0x00086228                _write
 .text.__libc_init_array
                0x00086294       0x48 c:/program files (x86)/gnu arm embedded toolchain/9 2020-q2-update/bin/../lib/gcc/arm-none-eabi/9.3.1/../../../../arm-none-eabi/lib/thumb/v7-m/nofp\libg.a(lib_a-init.o)
                0x00086294                __libc_init_array
 .text.iprintf  0x000862dc       0x28 c:/program files (x86)/gnu arm embedded toolchain/9 2020-q2-update/bin/../lib/gcc/arm-none-eabi/9.3.1/../../../../arm-none-eabi/lib/thumb/v7-m/nofp\libg.a(lib_a-iprintf.o)
                0x000862dc                iprintf
 .text          0x00086304       0xec c:/program files (x86)/gnu arm embedded toolchain/9 2020-q2-update/bin/../lib/gcc/arm-none-eabi/9.3.1/../../../../arm-none-eabi/lib/thumb/v7-m/nofp\libg.a(lib_a-memcpy.o)
                0x00086304                memcpy
 .text.memset   0x000863f0       0xa0 c:/program files (x86)/gnu arm embedded toolchain/9 2020-q2-update/bin/../lib/gcc/arm-none-eabi/9.3.1/../../../../arm-none-eabi/lib/thumb/v7-m/nofp\libg.a(lib_a-memset.o)
                0x000863f0                memset
 .text.sprintf  0x00086490       0x44 c:/program files (x86)/gnu arm embedded toolchain/9 2020-q2-update/bin/../lib/gcc/arm-none-eabi/9.3.1/../../../../arm-none-eabi/lib/thumb/v7-m/nofp\libg.a(lib_a-sprintf.o)
                0x00086490                sprintf
 .text.strlen   0x000864d4       0x5c c:/program files (x86)/gnu arm embedded toolchain/9 2020-q2-update/bin/../lib/gcc/arm-none-eabi/9.3.1/../../../../arm-none-eabi/lib/thumb/v7-m/nofp\libg.a(lib_a-strlen-stub.o)
                0x000864d4                strlen
 .text.strncpy  0x00086530       0x68 c:/program files (x86)/gnu arm embedded toolchain/9 2020-q2-update/bin/../lib/gcc/arm-none-eabi/9.3.1/../../../../arm-none-eabi/lib/thumb/v7-m/nofp\libg.a(lib_a-strncpy.o)
                0x00086530                strncpy
 .text._svfprintf_r
                0x00086598     0x1b50 c:/program files (x86)/gnu arm embedded toolchain/9 2020-q2-update/bin/../lib/gcc/arm-none-eabi/9.3.1/../../../../arm-none-eabi/lib/thumb/v7-m/nofp\libg.a(lib_a-svfprintf.o)
                0x00086598                _svfprintf_r
 .text.__sprint_r.part.0
                0x000880e8       0x78 c:/program files (x86)/gnu arm embedded toolchain/9 2020-q2-update/bin/../lib/gcc/arm-none-eabi/9.3.1/../../../../arm-none-eabi/lib/thumb/v7-m/nofp\libg.a(lib_a-vfiprintf.o)
 .text._vfiprintf_r
                0x00088160      0xd2c c:/program files (x86)/gnu arm embedded toolchain/9 2020-q2-update/bin/../lib/gcc/arm-none-eabi/9.3.1/../../../../arm-none-eabi/lib/thumb/v7-m/nofp\libg.a(lib_a-vfiprintf.o)
                0x00088160                _vfiprintf_r
 .text.__sbprintf
                0x00088e8c       0x88 c:/program files (x86)/gnu arm embedded toolchain/9 2020-q2-update/bin/../lib/gcc/arm-none-eabi/9.3.1/../../../../arm-none-eabi/lib/thumb/v7-m/nofp\libg.a(lib_a-vfiprintf.o)
 .text.__swsetup_r
                0x00088f14       0xd0 c:/program files (x86)/gnu arm embedded toolchain/9 2020-q2-update/bin/../lib/gcc/arm-none-eabi/9.3.1/../../../../arm-none-eabi/lib/thumb/v7-m/nofp\libg.a(lib_a-wsetup.o)
                0x00088f14                __swsetup_r
 .text.startup.register_fini
                0x00088fe4       0x14 c:/program files (x86)/gnu arm embedded toolchain/9 2020-q2-update/bin/../lib/gcc/arm-none-eabi/9.3.1/../../../../arm-none-eabi/lib/thumb/v7-m/nofp\libg.a(lib_a-__call_atexit.o)
 .text.atexit   0x00088ff8        0xc c:/program files (x86)/gnu arm embedded toolchain/9 2020-q2-update/bin/../lib/gcc/arm-none-eabi/9.3.1/../../../../arm-none-eabi/lib/thumb/v7-m/nofp\libg.a(lib_a-atexit.o)
                0x00088ff8                atexit
 .text.quorem   0x00089004      0x120 c:/program files (x86)/gnu arm embedded toolchain/9 2020-q2-update/bin/../lib/gcc/arm-none-eabi/9.3.1/../../../../arm-none-eabi/lib/thumb/v7-m/nofp\libg.a(lib_a-dtoa.o)
 *fill*         0x00089124        0x4 
 .text._dtoa_r  0x00089128      0xec8 c:/program files (x86)/gnu arm embedded toolchain/9 2020-q2-update/bin/../lib/gcc/arm-none-eabi/9.3.1/../../../../arm-none-eabi/lib/thumb/v7-m/nofp\libg.a(lib_a-dtoa.o)
                0x00089128                _dtoa_r
 .text.__sflush_r
                0x00089ff0      0x130 c:/program files (x86)/gnu arm embedded toolchain/9 2020-q2-update/bin/../lib/gcc/arm-none-eabi/9.3.1/../../../../arm-none-eabi/lib/thumb/v7-m/nofp\libg.a(lib_a-fflush.o)
                0x00089ff0                __sflush_r
 .text._fflush_r
                0x0008a120       0x5c c:/program files (x86)/gnu arm embedded toolchain/9 2020-q2-update/bin/../lib/gcc/arm-none-eabi/9.3.1/../../../../arm-none-eabi/lib/thumb/v7-m/nofp\libg.a(lib_a-fflush.o)
                0x0008a120                _fflush_r
 .text.std      0x0008a17c       0x50 c:/program files (x86)/gnu arm embedded toolchain/9 2020-q2-update/bin/../lib/gcc/arm-none-eabi/9.3.1/../../../../arm-none-eabi/lib/thumb/v7-m/nofp\libg.a(lib_a-findfp.o)
 .text._cleanup_r
                0x0008a1cc        0xc c:/program files (x86)/gnu arm embedded toolchain/9 2020-q2-update/bin/../lib/gcc/arm-none-eabi/9.3.1/../../../../arm-none-eabi/lib/thumb/v7-m/nofp\libg.a(lib_a-findfp.o)
                0x0008a1cc                _cleanup_r
 .text.__sinit  0x0008a1d8       0x5c c:/program files (x86)/gnu arm embedded toolchain/9 2020-q2-update/bin/../lib/gcc/arm-none-eabi/9.3.1/../../../../arm-none-eabi/lib/thumb/v7-m/nofp\libg.a(lib_a-findfp.o)
                0x0008a1d8                __sinit
 .text.__sfp_lock_acquire
                0x0008a234        0xc c:/program files (x86)/gnu arm embedded toolchain/9 2020-q2-update/bin/../lib/gcc/arm-none-eabi/9.3.1/../../../../arm-none-eabi/lib/thumb/v7-m/nofp\libg.a(lib_a-findfp.o)
                0x0008a234                __sfp_lock_acquire
 .text.__sfp_lock_release
                0x0008a240        0xc c:/program files (x86)/gnu arm embedded toolchain/9 2020-q2-update/bin/../lib/gcc/arm-none-eabi/9.3.1/../../../../arm-none-eabi/lib/thumb/v7-m/nofp\libg.a(lib_a-findfp.o)
                0x0008a240                __sfp_lock_release
 .text.__libc_fini_array
                0x0008a24c       0x2c c:/program files (x86)/gnu arm embedded toolchain/9 2020-q2-update/bin/../lib/gcc/arm-none-eabi/9.3.1/../../../../arm-none-eabi/lib/thumb/v7-m/nofp\libg.a(lib_a-fini.o)
                0x0008a24c                __libc_fini_array
 .text.__fputwc
                0x0008a278       0xa0 c:/program files (x86)/gnu arm embedded toolchain/9 2020-q2-update/bin/../lib/gcc/arm-none-eabi/9.3.1/../../../../arm-none-eabi/lib/thumb/v7-m/nofp\libg.a(lib_a-fputwc.o)
                0x0008a278                __fputwc
 .text._fputwc_r
                0x0008a318       0x68 c:/program files (x86)/gnu arm embedded toolchain/9 2020-q2-update/bin/../lib/gcc/arm-none-eabi/9.3.1/../../../../arm-none-eabi/lib/thumb/v7-m/nofp\libg.a(lib_a-fputwc.o)
                0x0008a318                _fputwc_r
 .text._malloc_trim_r
                0x0008a380       0xa0 c:/program files (x86)/gnu arm embedded toolchain/9 2020-q2-update/bin/../lib/gcc/arm-none-eabi/9.3.1/../../../../arm-none-eabi/lib/thumb/v7-m/nofp\libg.a(lib_a-freer.o)
                0x0008a380                _malloc_trim_r
 .text._free_r  0x0008a420      0x20c c:/program files (x86)/gnu arm embedded toolchain/9 2020-q2-update/bin/../lib/gcc/arm-none-eabi/9.3.1/../../../../arm-none-eabi/lib/thumb/v7-m/nofp\libg.a(lib_a-freer.o)
                0x0008a420                _free_r
 .text.__sfvwrite_r
                0x0008a62c      0x2ec c:/program files (x86)/gnu arm embedded toolchain/9 2020-q2-update/bin/../lib/gcc/arm-none-eabi/9.3.1/../../../../arm-none-eabi/lib/thumb/v7-m/nofp\libg.a(lib_a-fvwrite.o)
                0x0008a62c                __sfvwrite_r
 .text._fwalk_reent
                0x0008a918       0x48 c:/program files (x86)/gnu arm embedded toolchain/9 2020-q2-update/bin/../lib/gcc/arm-none-eabi/9.3.1/../../../../arm-none-eabi/lib/thumb/v7-m/nofp\libg.a(lib_a-fwalk.o)
                0x0008a918                _fwalk_reent
 .text.__locale_mb_cur_max
                0x0008a960        0xc c:/program files (x86)/gnu arm embedded toolchain/9 2020-q2-update/bin/../lib/gcc/arm-none-eabi/9.3.1/../../../../arm-none-eabi/lib/thumb/v7-m/nofp\libg.a(lib_a-locale.o)
                0x0008a960                __locale_mb_cur_max
 .text._localeconv_r
                0x0008a96c        0x8 c:/program files (x86)/gnu arm embedded toolchain/9 2020-q2-update/bin/../lib/gcc/arm-none-eabi/9.3.1/../../../../arm-none-eabi/lib/thumb/v7-m/nofp\libg.a(lib_a-localeconv.o)
                0x0008a96c                _localeconv_r
 .text.__retarget_lock_init_recursive
                0x0008a974        0x4 c:/program files (x86)/gnu arm embedded toolchain/9 2020-q2-update/bin/../lib/gcc/arm-none-eabi/9.3.1/../../../../arm-none-eabi/lib/thumb/v7-m/nofp\libg.a(lib_a-lock.o)
                0x0008a974                __retarget_lock_init_recursive
 .text.__retarget_lock_close_recursive
                0x0008a978        0x4 c:/program files (x86)/gnu arm embedded toolchain/9 2020-q2-update/bin/../lib/gcc/arm-none-eabi/9.3.1/../../../../arm-none-eabi/lib/thumb/v7-m/nofp\libg.a(lib_a-lock.o)
                0x0008a978                __retarget_lock_close_recursive
 .text.__retarget_lock_acquire_recursive
                0x0008a97c        0x4 c:/program files (x86)/gnu arm embedded toolchain/9 2020-q2-update/bin/../lib/gcc/arm-none-eabi/9.3.1/../../../../arm-none-eabi/lib/thumb/v7-m/nofp\libg.a(lib_a-lock.o)
                0x0008a97c                __retarget_lock_acquire_recursive
 .text.__retarget_lock_release_recursive
                0x0008a980        0x4 c:/program files (x86)/gnu arm embedded toolchain/9 2020-q2-update/bin/../lib/gcc/arm-none-eabi/9.3.1/../../../../arm-none-eabi/lib/thumb/v7-m/nofp\libg.a(lib_a-lock.o)
                0x0008a980                __retarget_lock_release_recursive
 .text.__swhatbuf_r
                0x0008a984       0x5c c:/program files (x86)/gnu arm embedded toolchain/9 2020-q2-update/bin/../lib/gcc/arm-none-eabi/9.3.1/../../../../arm-none-eabi/lib/thumb/v7-m/nofp\libg.a(lib_a-makebuf.o)
                0x0008a984                __swhatbuf_r
 .text.__smakebuf_r
                0x0008a9e0       0x94 c:/program files (x86)/gnu arm embedded toolchain/9 2020-q2-update/bin/../lib/gcc/arm-none-eabi/9.3.1/../../../../arm-none-eabi/lib/thumb/v7-m/nofp\libg.a(lib_a-makebuf.o)
                0x0008a9e0                __smakebuf_r
 .text._malloc_r
                0x0008aa74      0x55c c:/program files (x86)/gnu arm embedded toolchain/9 2020-q2-update/bin/../lib/gcc/arm-none-eabi/9.3.1/../../../../arm-none-eabi/lib/thumb/v7-m/nofp\libg.a(lib_a-mallocr.o)
                0x0008aa74                _malloc_r
 .text.__ascii_mbtowc
                0x0008afd0       0x2c c:/program files (x86)/gnu arm embedded toolchain/9 2020-q2-update/bin/../lib/gcc/arm-none-eabi/9.3.1/../../../../arm-none-eabi/lib/thumb/v7-m/nofp\libg.a(lib_a-mbtowc_r.o)
                0x0008afd0                __ascii_mbtowc
 .text.memchr   0x0008affc       0x80 c:/program files (x86)/gnu arm embedded toolchain/9 2020-q2-update/bin/../lib/gcc/arm-none-eabi/9.3.1/../../../../arm-none-eabi/lib/thumb/v7-m/nofp\libg.a(lib_a-memchr-stub.o)
                0x0008affc                memchr
 .text.memmove  0x0008b07c       0xd4 c:/program files (x86)/gnu arm embedded toolchain/9 2020-q2-update/bin/../lib/gcc/arm-none-eabi/9.3.1/../../../../arm-none-eabi/lib/thumb/v7-m/nofp\libg.a(lib_a-memmove.o)
                0x0008b07c                memmove
 .text.__malloc_lock
                0x0008b150        0xc c:/program files (x86)/gnu arm embedded toolchain/9 2020-q2-update/bin/../lib/gcc/arm-none-eabi/9.3.1/../../../../arm-none-eabi/lib/thumb/v7-m/nofp\libg.a(lib_a-mlock.o)
                0x0008b150                __malloc_lock
 .text.__malloc_unlock
                0x0008b15c        0xc c:/program files (x86)/gnu arm embedded toolchain/9 2020-q2-update/bin/../lib/gcc/arm-none-eabi/9.3.1/../../../../arm-none-eabi/lib/thumb/v7-m/nofp\libg.a(lib_a-mlock.o)
                0x0008b15c                __malloc_unlock
 .text._Balloc  0x0008b168       0x4c c:/program files (x86)/gnu arm embedded toolchain/9 2020-q2-update/bin/../lib/gcc/arm-none-eabi/9.3.1/../../../../arm-none-eabi/lib/thumb/v7-m/nofp\libg.a(lib_a-mprec.o)
                0x0008b168                _Balloc
 .text._Bfree   0x0008b1b4       0x14 c:/program files (x86)/gnu arm embedded toolchain/9 2020-q2-update/bin/../lib/gcc/arm-none-eabi/9.3.1/../../../../arm-none-eabi/lib/thumb/v7-m/nofp\libg.a(lib_a-mprec.o)
                0x0008b1b4                _Bfree
 .text.__multadd
                0x0008b1c8       0x9c c:/program files (x86)/gnu arm embedded toolchain/9 2020-q2-update/bin/../lib/gcc/arm-none-eabi/9.3.1/../../../../arm-none-eabi/lib/thumb/v7-m/nofp\libg.a(lib_a-mprec.o)
                0x0008b1c8                __multadd
 .text.__hi0bits
                0x0008b264       0x40 c:/program files (x86)/gnu arm embedded toolchain/9 2020-q2-update/bin/../lib/gcc/arm-none-eabi/9.3.1/../../../../arm-none-eabi/lib/thumb/v7-m/nofp\libg.a(lib_a-mprec.o)
                0x0008b264                __hi0bits
 .text.__lo0bits
                0x0008b2a4       0x60 c:/program files (x86)/gnu arm embedded toolchain/9 2020-q2-update/bin/../lib/gcc/arm-none-eabi/9.3.1/../../../../arm-none-eabi/lib/thumb/v7-m/nofp\libg.a(lib_a-mprec.o)
                0x0008b2a4                __lo0bits
 .text.__i2b    0x0008b304       0x2c c:/program files (x86)/gnu arm embedded toolchain/9 2020-q2-update/bin/../lib/gcc/arm-none-eabi/9.3.1/../../../../arm-none-eabi/lib/thumb/v7-m/nofp\libg.a(lib_a-mprec.o)
                0x0008b304                __i2b
 .text.__multiply
                0x0008b330      0x160 c:/program files (x86)/gnu arm embedded toolchain/9 2020-q2-update/bin/../lib/gcc/arm-none-eabi/9.3.1/../../../../arm-none-eabi/lib/thumb/v7-m/nofp\libg.a(lib_a-mprec.o)
                0x0008b330                __multiply
 .text.__pow5mult
                0x0008b490       0x98 c:/program files (x86)/gnu arm embedded toolchain/9 2020-q2-update/bin/../lib/gcc/arm-none-eabi/9.3.1/../../../../arm-none-eabi/lib/thumb/v7-m/nofp\libg.a(lib_a-mprec.o)
                0x0008b490                __pow5mult
 .text.__lshift
                0x0008b528       0xe8 c:/program files (x86)/gnu arm embedded toolchain/9 2020-q2-update/bin/../lib/gcc/arm-none-eabi/9.3.1/../../../../arm-none-eabi/lib/thumb/v7-m/nofp\libg.a(lib_a-mprec.o)
                0x0008b528                __lshift
 .text.__mcmp   0x0008b610       0x3c c:/program files (x86)/gnu arm embedded toolchain/9 2020-q2-update/bin/../lib/gcc/arm-none-eabi/9.3.1/../../../../arm-none-eabi/lib/thumb/v7-m/nofp\libg.a(lib_a-mprec.o)
                0x0008b610                __mcmp
 .text.__mdiff  0x0008b64c      0x150 c:/program files (x86)/gnu arm embedded toolchain/9 2020-q2-update/bin/../lib/gcc/arm-none-eabi/9.3.1/../../../../arm-none-eabi/lib/thumb/v7-m/nofp\libg.a(lib_a-mprec.o)
                0x0008b64c                __mdiff
 .text.__d2b    0x0008b79c       0xc4 c:/program files (x86)/gnu arm embedded toolchain/9 2020-q2-update/bin/../lib/gcc/arm-none-eabi/9.3.1/../../../../arm-none-eabi/lib/thumb/v7-m/nofp\libg.a(lib_a-mprec.o)
                0x0008b79c                __d2b
 .text._realloc_r
                0x0008b860      0x3e0 c:/program files (x86)/gnu arm embedded toolchain/9 2020-q2-update/bin/../lib/gcc/arm-none-eabi/9.3.1/../../../../arm-none-eabi/lib/thumb/v7-m/nofp\libg.a(lib_a-reallocr.o)
                0x0008b860                _realloc_r
 .text.frexp    0x0008bc40       0x70 c:/program files (x86)/gnu arm embedded toolchain/9 2020-q2-update/bin/../lib/gcc/arm-none-eabi/9.3.1/../../../../arm-none-eabi/lib/thumb/v7-m/nofp\libg.a(lib_a-s_frexp.o)
                0x0008bc40                frexp
 .text._sbrk_r  0x0008bcb0       0x24 c:/program files (x86)/gnu arm embedded toolchain/9 2020-q2-update/bin/../lib/gcc/arm-none-eabi/9.3.1/../../../../arm-none-eabi/lib/thumb/v7-m/nofp\libg.a(lib_a-sbrkr.o)
                0x0008bcb0                _sbrk_r
 .text.__sread  0x0008bcd4       0x24 c:/program files (x86)/gnu arm embedded toolchain/9 2020-q2-update/bin/../lib/gcc/arm-none-eabi/9.3.1/../../../../arm-none-eabi/lib/thumb/v7-m/nofp\libg.a(lib_a-stdio.o)
                0x0008bcd4                __sread
 .text.__swrite
                0x0008bcf8       0x40 c:/program files (x86)/gnu arm embedded toolchain/9 2020-q2-update/bin/../lib/gcc/arm-none-eabi/9.3.1/../../../../arm-none-eabi/lib/thumb/v7-m/nofp\libg.a(lib_a-stdio.o)
                0x0008bcf8                __swrite
 .text.__sseek  0x0008bd38       0x20 c:/program files (x86)/gnu arm embedded toolchain/9 2020-q2-update/bin/../lib/gcc/arm-none-eabi/9.3.1/../../../../arm-none-eabi/lib/thumb/v7-m/nofp\libg.a(lib_a-stdio.o)
                0x0008bd38                __sseek
 .text.__sclose
                0x0008bd58        0x8 c:/program files (x86)/gnu arm embedded toolchain/9 2020-q2-update/bin/../lib/gcc/arm-none-eabi/9.3.1/../../../../arm-none-eabi/lib/thumb/v7-m/nofp\libg.a(lib_a-stdio.o)
                0x0008bd58                __sclose
 .text.__ssprint_r
                0x0008bd60       0xf8 c:/program files (x86)/gnu arm embedded toolchain/9 2020-q2-update/bin/../lib/gcc/arm-none-eabi/9.3.1/../../../../arm-none-eabi/lib/thumb/v7-m/nofp\libg.a(lib_a-svfiprintf.o)
                0x0008bd60                __ssprint_r
 .text.__swbuf_r
                0x0008be58       0xb0 c:/program files (x86)/gnu arm embedded toolchain/9 2020-q2-update/bin/../lib/gcc/arm-none-eabi/9.3.1/../../../../arm-none-eabi/lib/thumb/v7-m/nofp\libg.a(lib_a-wbuf.o)
                0x0008be58                __swbuf_r
 .text._wcrtomb_r
                0x0008bf08       0x3c c:/program files (x86)/gnu arm embedded toolchain/9 2020-q2-update/bin/../lib/gcc/arm-none-eabi/9.3.1/../../../../arm-none-eabi/lib/thumb/v7-m/nofp\libg.a(lib_a-wcrtomb.o)
                0x0008bf08                _wcrtomb_r
 .text.__ascii_wctomb
                0x0008bf44       0x1c c:/program files (x86)/gnu arm embedded toolchain/9 2020-q2-update/bin/../lib/gcc/arm-none-eabi/9.3.1/../../../../arm-none-eabi/lib/thumb/v7-m/nofp\libg.a(lib_a-wctomb_r.o)
                0x0008bf44                __ascii_wctomb
 .text._write_r
                0x0008bf60       0x2c c:/program files (x86)/gnu arm embedded toolchain/9 2020-q2-update/bin/../lib/gcc/arm-none-eabi/9.3.1/../../../../arm-none-eabi/lib/thumb/v7-m/nofp\libg.a(lib_a-writer.o)
                0x0008bf60                _write_r
 .text.__register_exitproc
                0x0008bf8c       0x8c c:/program files (x86)/gnu arm embedded toolchain/9 2020-q2-update/bin/../lib/gcc/arm-none-eabi/9.3.1/../../../../arm-none-eabi/lib/thumb/v7-m/nofp\libg.a(lib_a-__atexit.o)
                0x0008bf8c                __register_exitproc
 .text.__assert_func
                0x0008c018       0x3c c:/program files (x86)/gnu arm embedded toolchain/9 2020-q2-update/bin/../lib/gcc/arm-none-eabi/9.3.1/../../../../arm-none-eabi/lib/thumb/v7-m/nofp\libg.a(lib_a-assert.o)
                0x0008c018                __assert_func
 .text._calloc_r
                0x0008c054       0x60 c:/program files (x86)/gnu arm embedded toolchain/9 2020-q2-update/bin/../lib/gcc/arm-none-eabi/9.3.1/../../../../arm-none-eabi/lib/thumb/v7-m/nofp\libg.a(lib_a-callocr.o)
                0x0008c054                _calloc_r
 .text._close_r
                0x0008c0b4       0x24 c:/program files (x86)/gnu arm embedded toolchain/9 2020-q2-update/bin/../lib/gcc/arm-none-eabi/9.3.1/../../../../arm-none-eabi/lib/thumb/v7-m/nofp\libg.a(lib_a-closer.o)
                0x0008c0b4                _close_r
 .text._fclose_r
                0x0008c0d8       0xcc c:/program files (x86)/gnu arm embedded toolchain/9 2020-q2-update/bin/../lib/gcc/arm-none-eabi/9.3.1/../../../../arm-none-eabi/lib/thumb/v7-m/nofp\libg.a(lib_a-fclose.o)
                0x0008c0d8                _fclose_r
 .text.fiprintf
                0x0008c1a4       0x28 c:/program files (x86)/gnu arm embedded toolchain/9 2020-q2-update/bin/../lib/gcc/arm-none-eabi/9.3.1/../../../../arm-none-eabi/lib/thumb/v7-m/nofp\libg.a(lib_a-fiprintf.o)
                0x0008c1a4                fiprintf
 .text._fstat_r
                0x0008c1cc       0x2c c:/program files (x86)/gnu arm embedded toolchain/9 2020-q2-update/bin/../lib/gcc/arm-none-eabi/9.3.1/../../../../arm-none-eabi/lib/thumb/v7-m/nofp\libg.a(lib_a-fstatr.o)
                0x0008c1cc                _fstat_r
 .text._isatty_r
                0x0008c1f8       0x24 c:/program files (x86)/gnu arm embedded toolchain/9 2020-q2-update/bin/../lib/gcc/arm-none-eabi/9.3.1/../../../../arm-none-eabi/lib/thumb/v7-m/nofp\libg.a(lib_a-isattyr.o)
                0x0008c1f8                _isatty_r
 .text._lseek_r
                0x0008c21c       0x2c c:/program files (x86)/gnu arm embedded toolchain/9 2020-q2-update/bin/../lib/gcc/arm-none-eabi/9.3.1/../../../../arm-none-eabi/lib/thumb/v7-m/nofp\libg.a(lib_a-lseekr.o)
                0x0008c21c                _lseek_r
 .text._read_r  0x0008c248       0x2c c:/program files (x86)/gnu arm embedded toolchain/9 2020-q2-update/bin/../lib/gcc/arm-none-eabi/9.3.1/../../../../arm-none-eabi/lib/thumb/v7-m/nofp\libg.a(lib_a-readr.o)
                0x0008c248                _read_r
 .text.abort    0x0008c274       0x10 c:/program files (x86)/gnu arm embedded toolchain/9 2020-q2-update/bin/../lib/gcc/arm-none-eabi/9.3.1/../../../../arm-none-eabi/lib/thumb/v7-m/nofp\libg.a(lib_a-abort.o)
                0x0008c274                abort
 .text._raise_r
                0x0008c284       0x58 c:/program files (x86)/gnu arm embedded toolchain/9 2020-q2-update/bin/../lib/gcc/arm-none-eabi/9.3.1/../../../../arm-none-eabi/lib/thumb/v7-m/nofp\libg.a(lib_a-signal.o)
                0x0008c284                _raise_r
 .text.raise    0x0008c2dc       0x10 c:/program files (x86)/gnu arm embedded toolchain/9 2020-q2-update/bin/../lib/gcc/arm-none-eabi/9.3.1/../../../../arm-none-eabi/lib/thumb/v7-m/nofp\libg.a(lib_a-signal.o)
                0x0008c2dc                raise
 .text._kill_r  0x0008c2ec       0x2c c:/program files (x86)/gnu arm embedded toolchain/9 2020-q2-update/bin/../lib/gcc/arm-none-eabi/9.3.1/../../../../arm-none-eabi/lib/thumb/v7-m/nofp\libg.a(lib_a-signalr.o)
                0x0008c2ec                _kill_r
 .text._getpid_r
                0x0008c318        0x4 c:/program files (x86)/gnu arm embedded toolchain/9 2020-q2-update/bin/../lib/gcc/arm-none-eabi/9.3.1/../../../../arm-none-eabi/lib/thumb/v7-m/nofp\libg.a(lib_a-signalr.o)
                0x0008c318                _getpid_r
 .text          0x0008c31c      0x378 c:/program files (x86)/gnu arm embedded toolchain/9 2020-q2-update/bin/../lib/gcc/arm-none-eabi/9.3.1/thumb/v7-m/nofp\libgcc.a(_arm_addsubdf3.o)
                0x0008c31c                __aeabi_drsub
                0x0008c324                __aeabi_dsub
                0x0008c324                __subdf3
                0x0008c328                __aeabi_dadd
                0x0008c328                __adddf3
                0x0008c5a0                __floatunsidf
                0x0008c5a0                __aeabi_ui2d
                0x0008c5c0                __floatsidf
                0x0008c5c0                __aeabi_i2d
                0x0008c5e4                __aeabi_f2d
                0x0008c5e4                __extendsfdf2
                0x0008c628                __floatundidf
                0x0008c628                __aeabi_ul2d
                0x0008c638                __floatdidf
                0x0008c638                __aeabi_l2d
 .text          0x0008c694      0x424 c:/program files (x86)/gnu arm embedded toolchain/9 2020-q2-update/bin/../lib/gcc/arm-none-eabi/9.3.1/thumb/v7-m/nofp\libgcc.a(_arm_muldivdf3.o)
                0x0008c694                __aeabi_dmul
                0x0008c694                __muldf3
                0x0008c8e8                __divdf3
                0x0008c8e8                __aeabi_ddiv
 .text          0x0008cab8      0x110 c:/program files (x86)/gnu arm embedded toolchain/9 2020-q2-update/bin/../lib/gcc/arm-none-eabi/9.3.1/thumb/v7-m/nofp\libgcc.a(_arm_cmpdf2.o)
                0x0008cab8                __gtdf2
                0x0008cab8                __gedf2
                0x0008cac0                __ltdf2
                0x0008cac0                __ledf2
                0x0008cac8                __nedf2
                0x0008cac8                __eqdf2
                0x0008cac8                __cmpdf2
                0x0008cb44                __aeabi_cdrcmple
                0x0008cb54                __aeabi_cdcmpeq
                0x0008cb54                __aeabi_cdcmple
                0x0008cb64                __aeabi_dcmpeq
                0x0008cb78                __aeabi_dcmplt
                0x0008cb8c                __aeabi_dcmple
                0x0008cba0                __aeabi_dcmpge
                0x0008cbb4                __aeabi_dcmpgt
 .text          0x0008cbc8       0x2c c:/program files (x86)/gnu arm embedded toolchain/9 2020-q2-update/bin/../lib/gcc/arm-none-eabi/9.3.1/thumb/v7-m/nofp\libgcc.a(_arm_unorddf2.o)
                0x0008cbc8                __unorddf2
                0x0008cbc8                __aeabi_dcmpun
 .text          0x0008cbf4       0x50 c:/program files (x86)/gnu arm embedded toolchain/9 2020-q2-update/bin/../lib/gcc/arm-none-eabi/9.3.1/thumb/v7-m/nofp\libgcc.a(_arm_fixdfsi.o)
                0x0008cbf4                __aeabi_d2iz
                0x0008cbf4                __fixdfsi
 .text          0x0008cc44       0x30 c:/program files (x86)/gnu arm embedded toolchain/9 2020-q2-update/bin/../lib/gcc/arm-none-eabi/9.3.1/thumb/v7-m/nofp\libgcc.a(_aeabi_uldivmod.o)
                0x0008cc44                __aeabi_uldivmod
 .text          0x0008cc74      0x2c4 c:/program files (x86)/gnu arm embedded toolchain/9 2020-q2-update/bin/../lib/gcc/arm-none-eabi/9.3.1/thumb/v7-m/nofp\libgcc.a(_udivmoddi4.o)
                0x0008cc74                __udivmoddi4
 .text          0x0008cf38        0x4 c:/program files (x86)/gnu arm embedded toolchain/9 2020-q2-update/bin/../lib/gcc/arm-none-eabi/9.3.1/thumb/v7-m/nofp\libgcc.a(_dvmd_tls.o)
                0x0008cf38                __aeabi_idiv0
                0x0008cf38                __aeabi_ldiv0
 *(.glue_7t)
 .glue_7t       0x0008cf3c        0x0 linker stubs
 *(.glue_7)
 .glue_7        0x0008cf3c        0x0 linker stubs
 *(.rodata .rodata* .gnu.linkonce.r.*)
 .rodata        0x0008cf3c        0x5 objdir/main.o
 *fill*         0x0008cf41        0x3 
 .rodata.BUILD_DATE
                0x0008cf44        0xc objdir/naeusb/naeusb_default.o
 .rodata.BUILD_TIME
                0x0008cf50        0x9 objdir/naeusb/naeusb_default.o
 *fill*         0x0008cf59        0x3 
 .rodata.LED_DESCRIPTOR
                0x0008cf5c       0x10 objdir/led.o
 .rodata        0x0008cf6c       0x19 objdir/syscalls.o
 *fill*         0x0008cf85        0x3 
 .rodata        0x0008cf88       0x35 objdir/udphs_device.o
 *fill*         0x0008cfbd        0x3 
 .rodata._global_impure_ptr
                0x0008cfc0        0x4 c:/program files (x86)/gnu arm embedded toolchain/9 2020-q2-update/bin/../lib/gcc/arm-none-eabi/9.3.1/../../../../arm-none-eabi/lib/thumb/v7-m/nofp\libg.a(lib_a-impure.o)
                0x0008cfc0                _global_impure_ptr
 .rodata._svfprintf_r.str1.4
                0x0008cfc4       0x42 c:/program files (x86)/gnu arm embedded toolchain/9 2020-q2-update/bin/../lib/gcc/arm-none-eabi/9.3.1/../../../../arm-none-eabi/lib/thumb/v7-m/nofp\libg.a(lib_a-svfprintf.o)
 *fill*         0x0008d006        0x2 
 .rodata.blanks.7335
                0x0008d008       0x10 c:/program files (x86)/gnu arm embedded toolchain/9 2020-q2-update/bin/../lib/gcc/arm-none-eabi/9.3.1/../../../../arm-none-eabi/lib/thumb/v7-m/nofp\libg.a(lib_a-svfprintf.o)
 .rodata.zeroes.7336
                0x0008d018       0x10 c:/program files (x86)/gnu arm embedded toolchain/9 2020-q2-update/bin/../lib/gcc/arm-none-eabi/9.3.1/../../../../arm-none-eabi/lib/thumb/v7-m/nofp\libg.a(lib_a-svfprintf.o)
 .rodata._vfiprintf_r.str1.4
                0x0008d028       0x2f c:/program files (x86)/gnu arm embedded toolchain/9 2020-q2-update/bin/../lib/gcc/arm-none-eabi/9.3.1/../../../../arm-none-eabi/lib/thumb/v7-m/nofp\libg.a(lib_a-vfiprintf.o)
 .rodata.blanks.7328
                0x0008d028       0x10 c:/program files (x86)/gnu arm embedded toolchain/9 2020-q2-update/bin/../lib/gcc/arm-none-eabi/9.3.1/../../../../arm-none-eabi/lib/thumb/v7-m/nofp\libg.a(lib_a-vfiprintf.o)
 .rodata.zeroes.7329
                0x0008d038       0x10 c:/program files (x86)/gnu arm embedded toolchain/9 2020-q2-update/bin/../lib/gcc/arm-none-eabi/9.3.1/../../../../arm-none-eabi/lib/thumb/v7-m/nofp\libg.a(lib_a-vfiprintf.o)
 .rodata._dtoa_r.str1.4
                0x0008d048       0xa0 c:/program files (x86)/gnu arm embedded toolchain/9 2020-q2-update/bin/../lib/gcc/arm-none-eabi/9.3.1/../../../../arm-none-eabi/lib/thumb/v7-m/nofp\libg.a(lib_a-dtoa.o)
                                 0xa4 (size before relaxing)
 .rodata._setlocale_r.str1.4
                0x0008d0e8        0xa c:/program files (x86)/gnu arm embedded toolchain/9 2020-q2-update/bin/../lib/gcc/arm-none-eabi/9.3.1/../../../../arm-none-eabi/lib/thumb/v7-m/nofp\libg.a(lib_a-locale.o)
                                  0xd (size before relaxing)
 *fill*         0x0008d0f2        0x2 
 .rodata.str1.4
                0x0008d0f4        0x2 c:/program files (x86)/gnu arm embedded toolchain/9 2020-q2-update/bin/../lib/gcc/arm-none-eabi/9.3.1/../../../../arm-none-eabi/lib/thumb/v7-m/nofp\libg.a(lib_a-locale.o)
 *fill*         0x0008d0f6        0x2 
 .rodata.__multadd.str1.4
                0x0008d0f8       0x7d c:/program files (x86)/gnu arm embedded toolchain/9 2020-q2-update/bin/../lib/gcc/arm-none-eabi/9.3.1/../../../../arm-none-eabi/lib/thumb/v7-m/nofp\libg.a(lib_a-mprec.o)
                                 0x91 (size before relaxing)
 *fill*         0x0008d175        0x3 
 .rodata.__mprec_bigtens
                0x0008d178       0x28 c:/program files (x86)/gnu arm embedded toolchain/9 2020-q2-update/bin/../lib/gcc/arm-none-eabi/9.3.1/../../../../arm-none-eabi/lib/thumb/v7-m/nofp\libg.a(lib_a-mprec.o)
                0x0008d178                __mprec_bigtens
 .rodata.__mprec_tens
                0x0008d1a0       0xc8 c:/program files (x86)/gnu arm embedded toolchain/9 2020-q2-update/bin/../lib/gcc/arm-none-eabi/9.3.1/../../../../arm-none-eabi/lib/thumb/v7-m/nofp\libg.a(lib_a-mprec.o)
                0x0008d1a0                __mprec_tens
 .rodata.p05.6122
                0x0008d268        0xc c:/program files (x86)/gnu arm embedded toolchain/9 2020-q2-update/bin/../lib/gcc/arm-none-eabi/9.3.1/../../../../arm-none-eabi/lib/thumb/v7-m/nofp\libg.a(lib_a-mprec.o)
 .rodata.__assert_func.str1.4
                0x0008d274       0x3f c:/program files (x86)/gnu arm embedded toolchain/9 2020-q2-update/bin/../lib/gcc/arm-none-eabi/9.3.1/../../../../arm-none-eabi/lib/thumb/v7-m/nofp\libg.a(lib_a-assert.o)
                                 0x43 (size before relaxing)
 *fill*         0x0008d2b3        0x1 
 .rodata._ctype_
                0x0008d2b4      0x101 c:/program files (x86)/gnu arm embedded toolchain/9 2020-q2-update/bin/../lib/gcc/arm-none-eabi/9.3.1/../../../../arm-none-eabi/lib/thumb/v7-m/nofp\libg.a(lib_a-ctype_.o)
                0x0008d2b4                _ctype_
 *(.ARM.extab* .gnu.linkonce.armextab.*)
                0x0008d3b8                . = ALIGN (0x4)
 *fill*         0x0008d3b5        0x3 
 *(.init)
 .init          0x0008d3b8        0x4 c:/program files (x86)/gnu arm embedded toolchain/9 2020-q2-update/bin/../lib/gcc/arm-none-eabi/9.3.1/thumb/v7-m/nofp/crti.o
                0x0008d3b8                _init
 .init          0x0008d3bc        0x8 c:/program files (x86)/gnu arm embedded toolchain/9 2020-q2-update/bin/../lib/gcc/arm-none-eabi/9.3.1/thumb/v7-m/nofp/crtn.o
                0x0008d3c4                . = ALIGN (0x4)
                0x0008d3c4                __preinit_array_start = .
 *(.preinit_array)
                0x0008d3c4                __preinit_array_end = .
                0x0008d3c4                . = ALIGN (0x4)
                0x0008d3c4                __init_array_start = .
 *(SORT_BY_NAME(.init_array.*))
 .init_array.00000
                0x0008d3c4        0x4 c:/program files (x86)/gnu arm embedded toolchain/9 2020-q2-update/bin/../lib/gcc/arm-none-eabi/9.3.1/../../../../arm-none-eabi/lib/thumb/v7-m/nofp\libg.a(lib_a-__call_atexit.o)
 *(.init_array)
 .init_array    0x0008d3c8        0x4 c:/program files (x86)/gnu arm embedded toolchain/9 2020-q2-update/bin/../lib/gcc/arm-none-eabi/9.3.1/thumb/v7-m/nofp/crtbegin.o
                0x0008d3cc                __init_array_end = .
                0x0008d3cc                . = ALIGN (0x4)
 *crtbegin.o(.ctors)
 *(EXCLUDE_FILE(*crtend.o) .ctors)
 *(SORT_BY_NAME(.ctors.*))
 *crtend.o(.ctors)
                0x0008d3cc                . = ALIGN (0x4)
 *(.fini)
 .fini          0x0008d3cc        0x4 c:/program files (x86)/gnu arm embedded toolchain/9 2020-q2-update/bin/../lib/gcc/arm-none-eabi/9.3.1/thumb/v7-m/nofp/crti.o
                0x0008d3cc                _fini
 .fini          0x0008d3d0        0x8 c:/program files (x86)/gnu arm embedded toolchain/9 2020-q2-update/bin/../lib/gcc/arm-none-eabi/9.3.1/thumb/v7-m/nofp/crtn.o
                0x0008d3d8                . = ALIGN (0x4)
                0x0008d3d8                __fini_array_start = .
 *(.fini_array)
 .fini_array    0x0008d3d8        0x4 c:/program files (x86)/gnu arm embedded toolchain/9 2020-q2-update/bin/../lib/gcc/arm-none-eabi/9.3.1/thumb/v7-m/nofp/crtbegin.o
 *(SORT_BY_NAME(.fini_array.*))
                0x0008d3dc                __fini_array_end = .
 *crtbegin.o(.dtors)
 *(EXCLUDE_FILE(*crtend.o) .dtors)
 *(SORT_BY_NAME(.dtors.*))
 *crtend.o(.dtors)
                0x0008d3dc                . = ALIGN (0x4)
                0x0008d3dc                _efixed = .
                [!provide]                PROVIDE (__exidx_start = .)

.vfp11_veneer   0x0008d3dc        0x0
 .vfp11_veneer  0x0008d3dc        0x0 linker stubs

.v4_bx          0x0008d3dc        0x0
 .v4_bx         0x0008d3dc        0x0 linker stubs

.iplt           0x0008d3dc        0x0
 .iplt          0x0008d3dc        0x0 c:/program files (x86)/gnu arm embedded toolchain/9 2020-q2-update/bin/../lib/gcc/arm-none-eabi/9.3.1/thumb/v7-m/nofp/crtbegin.o

.igot.plt       0x0008d3dc        0x0
 .igot.plt      0x0008d3dc        0x0 c:/program files (x86)/gnu arm embedded toolchain/9 2020-q2-update/bin/../lib/gcc/arm-none-eabi/9.3.1/thumb/v7-m/nofp/crtbegin.o

.ARM.exidx      0x0008d3dc        0x8
 *(.ARM.exidx* .gnu.linkonce.armexidx.*)
 .ARM.exidx     0x0008d3dc        0x8 c:/program files (x86)/gnu arm embedded toolchain/9 2020-q2-update/bin/../lib/gcc/arm-none-eabi/9.3.1/thumb/v7-m/nofp\libgcc.a(_udivmoddi4.o)
                [!provide]                PROVIDE (__exidx_end = .)

.eh_frame       0x0008d3e4        0x0
 .eh_frame      0x0008d3e4        0x0 c:/program files (x86)/gnu arm embedded toolchain/9 2020-q2-update/bin/../lib/gcc/arm-none-eabi/9.3.1/thumb/v7-m/nofp/crtbegin.o

.rel.dyn        0x0008d3e4        0x0
 .rel.iplt      0x0008d3e4        0x0 c:/program files (x86)/gnu arm embedded toolchain/9 2020-q2-update/bin/../lib/gcc/arm-none-eabi/9.3.1/thumb/v7-m/nofp/crtbegin.o
                0x0008d3e4                . = ALIGN (0x4)
                0x0008d3e4                _etext = .

.relocate       0x20000000      0xe20 load address 0x0008d3e4
                0x20000000                . = ALIGN (0x4)
                0x20000000                _srelocate = .
 *(.ramfunc .ramfunc.*)
 .ramfunc       0x20000000       0xec objdir/efc.o
                0x20000000                efc_perform_read_sequence
                0x200000a2                efc_write_fmr
                0x200000bc                efc_perform_fcr
 .ramfunc       0x200000ec      0x170 objdir/system_sam3u.o
                0x200000ec                SystemInit
                0x200001bc                system_init_flash
 *(.data .data.*)
 .data.usb_serial_number
                0x2000025c       0x21 objdir/main.o
                0x2000025c                usb_serial_number
 *fill*         0x2000027d        0x3 
 .data.pwr_list
                0x20000280        0xc objdir/main.o
                0x20000280                pwr_list
 .data.xram     0x2000028c        0x4 objdir/naeusb/usb_xmem.o
                0x2000028c                xram
 .data.main_b_vendor_enable
                0x20000290        0x1 objdir/naeusb/naeusb.o
 *fill*         0x20000291        0x3 
 .data.MS_OS_DESC
                0x20000294       0x9e objdir/naeusb/udc.o
 *fill*         0x20000332        0x2 
 .data.MS_BOS_PACKET
                0x20000334       0x21 objdir/naeusb/udc.o
 *fill*         0x20000355        0x3 
 .data.udc_string_desc_languageid
                0x20000358        0x4 objdir/naeusb/udc.o
 .data.udc_string_manufacturer_name
                0x2000035c       0x16 objdir/naeusb/udc.o
 *fill*         0x20000372        0x2 
 .data.udc_string_product_name
                0x20000374       0x11 objdir/naeusb/udc.o
 *fill*         0x20000385        0x3 
 .data.udc_string_desc
                0x20000388       0x42 objdir/naeusb/udc.o
 .data.g_interrupt_enabled
                0x200003ca        0x1 objdir/interrupt_sam_nvic.o
                0x200003ca                g_interrupt_enabled
 *fill*         0x200003cb        0x1 
 .data.SystemCoreClock
                0x200003cc        0x4 objdir/system_sam3u.o
                0x200003cc                SystemCoreClock
 .data.udi_api_vendor
                0x200003d0       0x14 objdir/udi_vendor.o
                0x200003d0                udi_api_vendor
 .data.udc_device_desc
                0x200003e4       0x12 objdir/udi_vendor_desc.o
                0x200003e4                udc_device_desc
 *fill*         0x200003f6        0x2 
 .data.udc_device_qual
                0x200003f8        0xa objdir/udi_vendor_desc.o
                0x200003f8                udc_device_qual
 *fill*         0x20000402        0x2 
 .data.udc_desc_fs
                0x20000404       0x20 objdir/udi_vendor_desc.o
                0x20000404                udc_desc_fs
 .data.udc_desc_hs
                0x20000424       0x20 objdir/udi_vendor_desc.o
                0x20000424                udc_desc_hs
 .data.udi_apis
                0x20000444        0x4 objdir/udi_vendor_desc.o
                0x20000444                udi_apis
 .data.udc_config_lsfs
                0x20000448        0x8 objdir/udi_vendor_desc.o
                0x20000448                udc_config_lsfs
 .data.udc_config_hs
                0x20000450        0x8 objdir/udi_vendor_desc.o
                0x20000450                udc_config_hs
 .data.udc_config
                0x20000458       0x18 objdir/udi_vendor_desc.o
                0x20000458                udc_config
 .data._impure_ptr
                0x20000470        0x4 c:/program files (x86)/gnu arm embedded toolchain/9 2020-q2-update/bin/../lib/gcc/arm-none-eabi/9.3.1/../../../../arm-none-eabi/lib/thumb/v7-m/nofp\libg.a(lib_a-impure.o)
                0x20000470                _impure_ptr
 *fill*         0x20000474        0x4 
 .data.impure_data
                0x20000478      0x428 c:/program files (x86)/gnu arm embedded toolchain/9 2020-q2-update/bin/../lib/gcc/arm-none-eabi/9.3.1/../../../../arm-none-eabi/lib/thumb/v7-m/nofp\libg.a(lib_a-impure.o)
 .data.__atexit_recursive_mutex
                0x200008a0        0x4 c:/program files (x86)/gnu arm embedded toolchain/9 2020-q2-update/bin/../lib/gcc/arm-none-eabi/9.3.1/../../../../arm-none-eabi/lib/thumb/v7-m/nofp\libg.a(lib_a-__call_atexit.o)
                0x200008a0                __atexit_recursive_mutex
 .data.__global_locale
                0x200008a4      0x16c c:/program files (x86)/gnu arm embedded toolchain/9 2020-q2-update/bin/../lib/gcc/arm-none-eabi/9.3.1/../../../../arm-none-eabi/lib/thumb/v7-m/nofp\libg.a(lib_a-locale.o)
                0x200008a4                __global_locale
 .data.__malloc_av_
                0x20000a10      0x408 c:/program files (x86)/gnu arm embedded toolchain/9 2020-q2-update/bin/../lib/gcc/arm-none-eabi/9.3.1/../../../../arm-none-eabi/lib/thumb/v7-m/nofp\libg.a(lib_a-mallocr.o)
                0x20000a10                __malloc_av_
 .data.__malloc_sbrk_base
                0x20000e18        0x4 c:/program files (x86)/gnu arm embedded toolchain/9 2020-q2-update/bin/../lib/gcc/arm-none-eabi/9.3.1/../../../../arm-none-eabi/lib/thumb/v7-m/nofp\libg.a(lib_a-mallocr.o)
                0x20000e18                __malloc_sbrk_base
 .data.__malloc_trim_threshold
                0x20000e1c        0x4 c:/program files (x86)/gnu arm embedded toolchain/9 2020-q2-update/bin/../lib/gcc/arm-none-eabi/9.3.1/../../../../arm-none-eabi/lib/thumb/v7-m/nofp\libg.a(lib_a-mallocr.o)
                0x20000e1c                __malloc_trim_threshold
                0x20000e20                . = ALIGN (0x4)
                0x20000e20                _erelocate = .

.bss            0x20000e20      0x690 load address 0x0008e204
                0x20000e20                . = ALIGN (0x4)
                0x20000e20                _sbss = .
                0x20000e20                _szero = .
 *(.bss .bss.*)
 .bss           0x20000e20       0x1c c:/program files (x86)/gnu arm embedded toolchain/9 2020-q2-update/bin/../lib/gcc/arm-none-eabi/9.3.1/thumb/v7-m/nofp/crtbegin.o
 .bss._fpga_locked
                0x20000e3c        0x1 objdir/naeusb/usb_xmem.o
 *fill*         0x20000e3d        0x3 
 .bss.naeusb_in_request_handlers
                0x20000e40       0x40 objdir/naeusb/naeusb.o
 .bss.naeusb_num_in_handlers
                0x20000e80        0x1 objdir/naeusb/naeusb.o
 *fill*         0x20000e81        0x3 
 .bss.naeusb_out_request_handlers
                0x20000e84       0x40 objdir/naeusb/naeusb.o
 .bss.naeusb_num_out_handlers
                0x20000ec4        0x1 objdir/naeusb/naeusb.o
 .bss.active    0x20000ec5        0x1 objdir/naeusb/naeusb.o
 .bss.blockendpoint_usage
                0x20000ec6        0x1 objdir/naeusb/naeusb_openadc.o
                0x20000ec6                blockendpoint_usage
 *fill*         0x20000ec7        0x1 
 .bss.ctrlmemread_buf
                0x20000ec8        0x4 objdir/naeusb/naeusb_openadc.o
 .bss.ctrlmemread_size
                0x20000ecc        0x4 objdir/naeusb/naeusb_openadc.o
 .bss.udc_device_status
                0x20000ed0        0x2 objdir/naeusb/udc.o
 .bss.udc_num_configuration
                0x20000ed2        0x1 objdir/naeusb/udc.o
 *fill*         0x20000ed3        0x1 
 .bss.udc_ptr_conf
                0x20000ed4        0x4 objdir/naeusb/udc.o
 .bss.udc_ptr_iface
                0x20000ed8        0x4 objdir/naeusb/udc.o
 .bss.udc_ep_status.7389
                0x20000edc        0x2 objdir/naeusb/udc.o
 .bss.udc_iface_setting.7459
                0x20000ede        0x1 objdir/naeusb/udc.o
 *fill*         0x20000edf        0x1 
 .bss.cpu_irq_critical_section_counter
                0x20000ee0        0x4 objdir/interrupt_sam_nvic.o
 .bss.cpu_irq_prev_interrupt_state
                0x20000ee4        0x1 objdir/interrupt_sam_nvic.o
 *fill*         0x20000ee5        0x3 
 .bss.gs_interrupt_sources
                0x20000ee8       0x70 objdir/pio_handler.o
 .bss.b_is_sleep_clock_used
                0x20000f58        0x1 objdir/sleep.o
 *fill*         0x20000f59        0x3 
 .bss.callback_clocks_restored
                0x20000f5c        0x4 objdir/sleep.o
 .bss.heap.5362
                0x20000f60        0x4 objdir/syscalls.o
 .bss.udi_vendor_alternate_setting
                0x20000f64        0x1 objdir/udi_vendor.o
 .bss.udd_b_idle
                0x20000f65        0x1 objdir/udphs_device.o
 .bss.udd_ep_control_state
                0x20000f66        0x1 objdir/udphs_device.o
 *fill*         0x20000f67        0x1 
 .bss.udd_ctrl_prev_payload_buf_cnt
                0x20000f68        0x2 objdir/udphs_device.o
 .bss.udd_ctrl_payload_buf_cnt
                0x20000f6a        0x2 objdir/udphs_device.o
 .bss.udd_ep_job
                0x20000f6c       0x30 objdir/udphs_device.o
 .bss.b_shortpacket.8448
                0x20000f9c        0x1 objdir/udphs_device.o
 *fill*         0x20000f9d        0x3 
 .bss.ul_reg_val.7203
                0x20000fa0        0x4 objdir/usart.o
 .bss.__malloc_current_mallinfo
                0x20000fa4       0x28 c:/program files (x86)/gnu arm embedded toolchain/9 2020-q2-update/bin/../lib/gcc/arm-none-eabi/9.3.1/../../../../arm-none-eabi/lib/thumb/v7-m/nofp\libg.a(lib_a-mallocr.o)
                0x20000fa4                __malloc_current_mallinfo
 .bss.__malloc_max_sbrked_mem
                0x20000fcc        0x4 c:/program files (x86)/gnu arm embedded toolchain/9 2020-q2-update/bin/../lib/gcc/arm-none-eabi/9.3.1/../../../../arm-none-eabi/lib/thumb/v7-m/nofp\libg.a(lib_a-mallocr.o)
                0x20000fcc                __malloc_max_sbrked_mem
 .bss.__malloc_max_total_mem
                0x20000fd0        0x4 c:/program files (x86)/gnu arm embedded toolchain/9 2020-q2-update/bin/../lib/gcc/arm-none-eabi/9.3.1/../../../../arm-none-eabi/lib/thumb/v7-m/nofp\libg.a(lib_a-mallocr.o)
                0x20000fd0                __malloc_max_total_mem
 .bss.__malloc_top_pad
                0x20000fd4        0x4 c:/program files (x86)/gnu arm embedded toolchain/9 2020-q2-update/bin/../lib/gcc/arm-none-eabi/9.3.1/../../../../arm-none-eabi/lib/thumb/v7-m/nofp\libg.a(lib_a-mallocr.o)
                0x20000fd4                __malloc_top_pad
 *(COMMON)
 COMMON         0x20000fd8        0x1 objdir/main.o
                0x20000fd8                USB_PWR_STATE
 *fill*         0x20000fd9        0x3 
 COMMON         0x20000fdc      0x480 objdir/naeusb/naeusb.o
                0x20000fdc                respbuf
                0x2000101c                ctrlbuffer
                0x2000105c                main_buf_loopback
 COMMON         0x2000145c        0x4 objdir/read.o
                0x2000145c                ptr_get
 COMMON         0x20001460        0x6 objdir/sleepmgr.o
                0x20001460                sleepmgr_locks
 *fill*         0x20001466        0x2 
 COMMON         0x20001468       0x18 objdir/udphs_device.o
                0x20001468                udd_g_ctrlreq
 COMMON         0x20001480        0x8 objdir/write.o
                0x20001480                ptr_put
                0x20001484                stdio_base
 COMMON         0x20001488       0x21 c:/program files (x86)/gnu arm embedded toolchain/9 2020-q2-update/bin/../lib/gcc/arm-none-eabi/9.3.1/../../../../arm-none-eabi/lib/thumb/v7-m/nofp\libg.a(lib_a-lock.o)
                0x20001488                __lock___atexit_recursive_mutex
                0x2000148c                __lock___arc4random_mutex
                0x20001490                __lock___env_recursive_mutex
                0x20001494                __lock___sinit_recursive_mutex
                0x20001498                __lock___malloc_recursive_mutex
                0x2000149c                __lock___at_quick_exit_mutex
                0x200014a0                __lock___dd_hash_mutex
                0x200014a4                __lock___tz_mutex
                0x200014a8                __lock___sfp_recursive_mutex
 *fill*         0x200014a9        0x3 
 COMMON         0x200014ac        0x4 c:/program files (x86)/gnu arm embedded toolchain/9 2020-q2-update/bin/../lib/gcc/arm-none-eabi/9.3.1/../../../../arm-none-eabi/lib/thumb/v7-m/nofp\libg.a(lib_a-reent.o)
                0x200014ac                errno
                0x200014b0                . = ALIGN (0x4)
                0x200014b0                _ebss = .
                0x200014b0                _ezero = .

.stack          0x20080000      0x400
                0x20080000                . = ALIGN (0x8)
                0x20080000                _sstack = .
                0x20080400                . = (. + __stack_size__)
 *fill*         0x20080000      0x400 
                0x20080400                . = ALIGN (0x8)
                0x20080400                _estack = .
                0x20080400                . = ALIGN (0x4)
                0x20080400                _end = .
OUTPUT(phywhisperer-SAM3U1C.elf elf32-littlearm)
LOAD linker stubs

.ARM.attributes
                0x00000000       0x29
 .ARM.attributes
                0x00000000       0x1d c:/program files (x86)/gnu arm embedded toolchain/9 2020-q2-update/bin/../lib/gcc/arm-none-eabi/9.3.1/thumb/v7-m/nofp/crti.o
 .ARM.attributes
                0x0000001d       0x2d c:/program files (x86)/gnu arm embedded toolchain/9 2020-q2-update/bin/../lib/gcc/arm-none-eabi/9.3.1/thumb/v7-m/nofp/crtbegin.o
 .ARM.attributes
                0x0000004a       0x2d objdir/main.o
 .ARM.attributes
                0x00000077       0x2d objdir/naeusb/usb_xmem.o
 .ARM.attributes
                0x000000a4       0x2d objdir/naeusb/fpga_program.o
 .ARM.attributes
                0x000000d1       0x2d objdir/naeusb/naeusb.o
 .ARM.attributes
                0x000000fe       0x2d objdir/naeusb/naeusb_default.o
 .ARM.attributes
                0x0000012b       0x2d objdir/naeusb/naeusb_openadc.o
 .ARM.attributes
                0x00000158       0x2d objdir/naeusb_phywhisperer.o
 .ARM.attributes
                0x00000185       0x2d objdir/naeusb/udc.o
 .ARM.attributes
                0x000001b2       0x2d objdir/efc.o
 .ARM.attributes
                0x000001df       0x2d objdir/exceptions.o
 .ARM.attributes
                0x0000020c       0x2d objdir/flash_efc.o
 .ARM.attributes
                0x00000239       0x2d objdir/init.o
 .ARM.attributes
                0x00000266       0x2d objdir/interrupt_sam_nvic.o
 .ARM.attributes
                0x00000293       0x2d objdir/led.o
 .ARM.attributes
                0x000002c0       0x2d objdir/pio.o
 .ARM.attributes
                0x000002ed       0x2d objdir/pio_handler.o
 .ARM.attributes
                0x0000031a       0x2d objdir/pmc.o
 .ARM.attributes
                0x00000347       0x2d objdir/read.o
 .ARM.attributes
                0x00000374       0x2d objdir/sleep.o
 .ARM.attributes
                0x000003a1       0x33 objdir/sleepmgr.o
 .ARM.attributes
                0x000003d4       0x2d objdir/smc.o
 .ARM.attributes
                0x00000401       0x2d objdir/startup_sam3u.o
 .ARM.attributes
                0x0000042e       0x2d objdir/syscalls.o
 .ARM.attributes
                0x0000045b       0x2d objdir/sysclk.o
 .ARM.attributes
                0x00000488       0x2d objdir/system_sam3u.o
 .ARM.attributes
                0x000004b5       0x2d objdir/udi_vendor.o
 .ARM.attributes
                0x000004e2       0x33 objdir/udi_vendor_desc.o
 .ARM.attributes
                0x00000515       0x2d objdir/udphs_device.o
 .ARM.attributes
                0x00000542       0x2d objdir/ui_cw305.o
 .ARM.attributes
                0x0000056f       0x2d objdir/usart.o
 .ARM.attributes
                0x0000059c       0x2d objdir/write.o
 .ARM.attributes
                0x000005c9       0x2d c:/program files (x86)/gnu arm embedded toolchain/9 2020-q2-update/bin/../lib/gcc/arm-none-eabi/9.3.1/../../../../arm-none-eabi/lib/thumb/v7-m/nofp\libg.a(lib_a-impure.o)
 .ARM.attributes
                0x000005f6       0x2d c:/program files (x86)/gnu arm embedded toolchain/9 2020-q2-update/bin/../lib/gcc/arm-none-eabi/9.3.1/../../../../arm-none-eabi/lib/thumb/v7-m/nofp\libg.a(lib_a-init.o)
 .ARM.attributes
                0x00000623       0x2d c:/program files (x86)/gnu arm embedded toolchain/9 2020-q2-update/bin/../lib/gcc/arm-none-eabi/9.3.1/../../../../arm-none-eabi/lib/thumb/v7-m/nofp\libg.a(lib_a-iprintf.o)
 .ARM.attributes
                0x00000650       0x1b c:/program files (x86)/gnu arm embedded toolchain/9 2020-q2-update/bin/../lib/gcc/arm-none-eabi/9.3.1/../../../../arm-none-eabi/lib/thumb/v7-m/nofp\libg.a(lib_a-memcpy.o)
 .ARM.attributes
                0x0000066b       0x2d c:/program files (x86)/gnu arm embedded toolchain/9 2020-q2-update/bin/../lib/gcc/arm-none-eabi/9.3.1/../../../../arm-none-eabi/lib/thumb/v7-m/nofp\libg.a(lib_a-memset.o)
 .ARM.attributes
                0x00000698       0x2d c:/program files (x86)/gnu arm embedded toolchain/9 2020-q2-update/bin/../lib/gcc/arm-none-eabi/9.3.1/../../../../arm-none-eabi/lib/thumb/v7-m/nofp\libg.a(lib_a-sprintf.o)
 .ARM.attributes
                0x000006c5       0x2d c:/program files (x86)/gnu arm embedded toolchain/9 2020-q2-update/bin/../lib/gcc/arm-none-eabi/9.3.1/../../../../arm-none-eabi/lib/thumb/v7-m/nofp\libg.a(lib_a-strlen-stub.o)
 .ARM.attributes
                0x000006f2       0x2d c:/program files (x86)/gnu arm embedded toolchain/9 2020-q2-update/bin/../lib/gcc/arm-none-eabi/9.3.1/../../../../arm-none-eabi/lib/thumb/v7-m/nofp\libg.a(lib_a-strncpy.o)
 .ARM.attributes
                0x0000071f       0x2d c:/program files (x86)/gnu arm embedded toolchain/9 2020-q2-update/bin/../lib/gcc/arm-none-eabi/9.3.1/../../../../arm-none-eabi/lib/thumb/v7-m/nofp\libg.a(lib_a-svfprintf.o)
 .ARM.attributes
                0x0000074c       0x2d c:/program files (x86)/gnu arm embedded toolchain/9 2020-q2-update/bin/../lib/gcc/arm-none-eabi/9.3.1/../../../../arm-none-eabi/lib/thumb/v7-m/nofp\libg.a(lib_a-vfiprintf.o)
 .ARM.attributes
                0x00000779       0x2d c:/program files (x86)/gnu arm embedded toolchain/9 2020-q2-update/bin/../lib/gcc/arm-none-eabi/9.3.1/../../../../arm-none-eabi/lib/thumb/v7-m/nofp\libg.a(lib_a-wsetup.o)
 .ARM.attributes
                0x000007a6       0x2d c:/program files (x86)/gnu arm embedded toolchain/9 2020-q2-update/bin/../lib/gcc/arm-none-eabi/9.3.1/../../../../arm-none-eabi/lib/thumb/v7-m/nofp\libg.a(lib_a-__call_atexit.o)
 .ARM.attributes
                0x000007d3       0x2d c:/program files (x86)/gnu arm embedded toolchain/9 2020-q2-update/bin/../lib/gcc/arm-none-eabi/9.3.1/../../../../arm-none-eabi/lib/thumb/v7-m/nofp\libg.a(lib_a-atexit.o)
 .ARM.attributes
                0x00000800       0x2d c:/program files (x86)/gnu arm embedded toolchain/9 2020-q2-update/bin/../lib/gcc/arm-none-eabi/9.3.1/../../../../arm-none-eabi/lib/thumb/v7-m/nofp\libg.a(lib_a-dtoa.o)
 .ARM.attributes
                0x0000082d       0x2d c:/program files (x86)/gnu arm embedded toolchain/9 2020-q2-update/bin/../lib/gcc/arm-none-eabi/9.3.1/../../../../arm-none-eabi/lib/thumb/v7-m/nofp\libg.a(lib_a-fflush.o)
 .ARM.attributes
                0x0000085a       0x2d c:/program files (x86)/gnu arm embedded toolchain/9 2020-q2-update/bin/../lib/gcc/arm-none-eabi/9.3.1/../../../../arm-none-eabi/lib/thumb/v7-m/nofp\libg.a(lib_a-findfp.o)
 .ARM.attributes
                0x00000887       0x2d c:/program files (x86)/gnu arm embedded toolchain/9 2020-q2-update/bin/../lib/gcc/arm-none-eabi/9.3.1/../../../../arm-none-eabi/lib/thumb/v7-m/nofp\libg.a(lib_a-fini.o)
 .ARM.attributes
                0x000008b4       0x2d c:/program files (x86)/gnu arm embedded toolchain/9 2020-q2-update/bin/../lib/gcc/arm-none-eabi/9.3.1/../../../../arm-none-eabi/lib/thumb/v7-m/nofp\libg.a(lib_a-fputwc.o)
 .ARM.attributes
                0x000008e1       0x2d c:/program files (x86)/gnu arm embedded toolchain/9 2020-q2-update/bin/../lib/gcc/arm-none-eabi/9.3.1/../../../../arm-none-eabi/lib/thumb/v7-m/nofp\libg.a(lib_a-freer.o)
 .ARM.attributes
                0x0000090e       0x2d c:/program files (x86)/gnu arm embedded toolchain/9 2020-q2-update/bin/../lib/gcc/arm-none-eabi/9.3.1/../../../../arm-none-eabi/lib/thumb/v7-m/nofp\libg.a(lib_a-fvwrite.o)
 .ARM.attributes
                0x0000093b       0x2d c:/program files (x86)/gnu arm embedded toolchain/9 2020-q2-update/bin/../lib/gcc/arm-none-eabi/9.3.1/../../../../arm-none-eabi/lib/thumb/v7-m/nofp\libg.a(lib_a-fwalk.o)
 .ARM.attributes
                0x00000968       0x2d c:/program files (x86)/gnu arm embedded toolchain/9 2020-q2-update/bin/../lib/gcc/arm-none-eabi/9.3.1/../../../../arm-none-eabi/lib/thumb/v7-m/nofp\libg.a(lib_a-locale.o)
 .ARM.attributes
                0x00000995       0x2d c:/program files (x86)/gnu arm embedded toolchain/9 2020-q2-update/bin/../lib/gcc/arm-none-eabi/9.3.1/../../../../arm-none-eabi/lib/thumb/v7-m/nofp\libg.a(lib_a-localeconv.o)
 .ARM.attributes
                0x000009c2       0x2d c:/program files (x86)/gnu arm embedded toolchain/9 2020-q2-update/bin/../lib/gcc/arm-none-eabi/9.3.1/../../../../arm-none-eabi/lib/thumb/v7-m/nofp\libg.a(lib_a-lock.o)
 .ARM.attributes
                0x000009ef       0x2d c:/program files (x86)/gnu arm embedded toolchain/9 2020-q2-update/bin/../lib/gcc/arm-none-eabi/9.3.1/../../../../arm-none-eabi/lib/thumb/v7-m/nofp\libg.a(lib_a-makebuf.o)
 .ARM.attributes
                0x00000a1c       0x2d c:/program files (x86)/gnu arm embedded toolchain/9 2020-q2-update/bin/../lib/gcc/arm-none-eabi/9.3.1/../../../../arm-none-eabi/lib/thumb/v7-m/nofp\libg.a(lib_a-mallocr.o)
 .ARM.attributes
                0x00000a49       0x2d c:/program files (x86)/gnu arm embedded toolchain/9 2020-q2-update/bin/../lib/gcc/arm-none-eabi/9.3.1/../../../../arm-none-eabi/lib/thumb/v7-m/nofp\libg.a(lib_a-mbtowc_r.o)
 .ARM.attributes
                0x00000a76       0x2d c:/program files (x86)/gnu arm embedded toolchain/9 2020-q2-update/bin/../lib/gcc/arm-none-eabi/9.3.1/../../../../arm-none-eabi/lib/thumb/v7-m/nofp\libg.a(lib_a-memchr-stub.o)
 .ARM.attributes
                0x00000aa3       0x2d c:/program files (x86)/gnu arm embedded toolchain/9 2020-q2-update/bin/../lib/gcc/arm-none-eabi/9.3.1/../../../../arm-none-eabi/lib/thumb/v7-m/nofp\libg.a(lib_a-memmove.o)
 .ARM.attributes
                0x00000ad0       0x2d c:/program files (x86)/gnu arm embedded toolchain/9 2020-q2-update/bin/../lib/gcc/arm-none-eabi/9.3.1/../../../../arm-none-eabi/lib/thumb/v7-m/nofp\libg.a(lib_a-mlock.o)
 .ARM.attributes
                0x00000afd       0x2d c:/program files (x86)/gnu arm embedded toolchain/9 2020-q2-update/bin/../lib/gcc/arm-none-eabi/9.3.1/../../../../arm-none-eabi/lib/thumb/v7-m/nofp\libg.a(lib_a-mprec.o)
 .ARM.attributes
                0x00000b2a       0x2d c:/program files (x86)/gnu arm embedded toolchain/9 2020-q2-update/bin/../lib/gcc/arm-none-eabi/9.3.1/../../../../arm-none-eabi/lib/thumb/v7-m/nofp\libg.a(lib_a-reallocr.o)
 .ARM.attributes
                0x00000b57       0x2d c:/program files (x86)/gnu arm embedded toolchain/9 2020-q2-update/bin/../lib/gcc/arm-none-eabi/9.3.1/../../../../arm-none-eabi/lib/thumb/v7-m/nofp\libg.a(lib_a-s_frexp.o)
 .ARM.attributes
                0x00000b84       0x2d c:/program files (x86)/gnu arm embedded toolchain/9 2020-q2-update/bin/../lib/gcc/arm-none-eabi/9.3.1/../../../../arm-none-eabi/lib/thumb/v7-m/nofp\libg.a(lib_a-sbrkr.o)
 .ARM.attributes